Archive member included because of file (symbol)

c:/toolchain_generic/6.2_2016q4/arm-eabi/lib/newlib-nano-2.1-nds/\libtoolchaingen7.a(wifi_arm7.o)
                              build/main.o (installWifiFIFO)
c:/toolchain_generic/6.2_2016q4/arm-eabi/lib/newlib-nano-2.1-nds/\libtoolchaingen7.a(biosTGDSC.o)
                              build/main.o (isArm7ClosedLid)
c:/toolchain_generic/6.2_2016q4/arm-eabi/lib/newlib-nano-2.1-nds/\libtoolchaingen7.a(eventsTGDS.o)
                              build/Interrupts_app7.o (TurnOnScreens)
c:/toolchain_generic/6.2_2016q4/arm-eabi/lib/newlib-nano-2.1-nds/\libtoolchaingen7.a(exceptionTGDS.o)
                              ./build/nds_arm_ld_crt0.o (exception_sysexit)
c:/toolchain_generic/6.2_2016q4/arm-eabi/lib/newlib-nano-2.1-nds/\libtoolchaingen7.a(initNDSTGDS.o)
                              ./build/nds_arm_ld_crt0.o (initHardware)
c:/toolchain_generic/6.2_2016q4/arm-eabi/lib/newlib-nano-2.1-nds/\libtoolchaingen7.a(posixHandleTGDS.o)
                              build/main.o (writeDebugBuffer7)
c:/toolchain_generic/6.2_2016q4/arm-eabi/lib/newlib-nano-2.1-nds/\libtoolchaingen7.a(utilsTGDS.o)
                              c:/toolchain_generic/6.2_2016q4/arm-eabi/lib/newlib-nano-2.1-nds/\libtoolchaingen7.a(eventsTGDS.o) (setBacklight)
c:/toolchain_generic/6.2_2016q4/arm-eabi/lib/newlib-nano-2.1-nds/\libtoolchaingen7.a(ipcfifoTGDS.o)
                              build/main.o (SendFIFOWords)
c:/toolchain_generic/6.2_2016q4/arm-eabi/lib/newlib-nano-2.1-nds/\libtoolchaingen7.a(powerTGDS.o)
                              c:/toolchain_generic/6.2_2016q4/arm-eabi/lib/newlib-nano-2.1-nds/\libtoolchaingen7.a(ipcfifoTGDS.o) (powerON)
c:/toolchain_generic/6.2_2016q4/arm-eabi/lib/newlib-nano-2.1-nds/\libtoolchaingen7.a(spifwTGDS.o)
                              c:/toolchain_generic/6.2_2016q4/arm-eabi/lib/newlib-nano-2.1-nds/\libtoolchaingen7.a(wifi_arm7.o) (readFirmwareSPI)
c:/toolchain_generic/6.2_2016q4/arm-eabi/lib/newlib-nano-2.1-nds/\libtoolchaingen7.a(usrsettingsTGDS.o)
                              c:/toolchain_generic/6.2_2016q4/arm-eabi/lib/newlib-nano-2.1-nds/\libtoolchaingen7.a(initNDSTGDS.o) (LoadFirmwareSettingsFromFlash)
c:/toolchain_generic/6.2_2016q4/arm-eabi/lib/newlib-nano-2.1-nds/\libtoolchaingen7.a(spinlockTGDS.o)
                              c:/toolchain_generic/6.2_2016q4/arm-eabi/lib/newlib-nano-2.1-nds/\libtoolchaingen7.a(wifi_arm7.o) (SLasm_Acquire)
c:/toolchain_generic/6.2_2016q4/arm-eabi/lib/newlib-nano-2.1-nds/\libtoolchaingen7.a(biosTGDSAsm.o)
                              build/ipcfifoTGDSUser.o (swiDelay)
c:/toolchain_generic/6.2_2016q4/arm-eabi/lib/newlib-nano-2.1-nds/\libtoolchaingen7.a(exceptionTGDSasm.o)
                              c:/toolchain_generic/6.2_2016q4/arm-eabi/lib/newlib-nano-2.1-nds/\libtoolchaingen7.a(exceptionTGDS.o) (DebugException)
c:/toolchain_generic/6.2_2016q4/arm-eabi/lib/newlib-nano-2.1-nds/\libtoolchaingen7.a(InterruptsARMCores_s.o)
                              build/main.o (IRQWait)
c:/toolchain_generic/6.2_2016q4/arm-eabi/lib/newlib-nano-2.1-nds/\libtoolchaingen7.a(soundTGDS.o)
                              c:/toolchain_generic/6.2_2016q4/arm-eabi/lib/newlib-nano-2.1-nds/\libtoolchaingen7.a(initNDSTGDS.o) (initSound)
c:/toolchain_generic/6.2_2016q4/arm-eabi/lib/newlib-nano-2.1-nds/\libtoolchaingen7.a(InterruptsARMCores_c.o)
                              c:/toolchain_generic/6.2_2016q4/arm-eabi/lib/newlib-nano-2.1-nds/\libtoolchaingen7.a(initNDSTGDS.o) (IRQInit)
c:/toolchain_generic/6.2_2016q4/arm-eabi/lib/newlib-nano-2.1-nds/\libtoolchaingen7.a(xmem.o)
                              c:/toolchain_generic/6.2_2016q4/arm-eabi/lib/newlib-nano-2.1-nds/\libtoolchaingen7.a(posixHandleTGDS.o) (XmemSetup)
c:/toolchain_generic/6.2_2016q4/arm-eabi/lib/newlib-nano-2.1-nds/\libtoolchaingen7.a(ARM7FS.o)
                              c:/toolchain_generic/6.2_2016q4/arm-eabi/lib/newlib-nano-2.1-nds/\libtoolchaingen7.a(InterruptsARMCores_c.o) (performARM7MP2FSTestCase)
c:/toolchain_generic/6.2_2016q4/arm-eabi/lib/newlib-nano-2.1-nds/\libtoolchaingen7.a(wifi_shared.o)
                              c:/toolchain_generic/6.2_2016q4/arm-eabi/lib/newlib-nano-2.1-nds/\libtoolchaingen7.a(ipcfifoTGDS.o) (DeInitWIFI)
c:/toolchain_generic/6.2_2016q4/arm-eabi/lib/newlib-nano-2.1-nds/\libtoolchaingen7.a(dmaTGDS.o)
                              c:/toolchain_generic/6.2_2016q4/arm-eabi/lib/newlib-nano-2.1-nds/\libtoolchaingen7.a(ipcfifoTGDS.o) (dmaFillWord)
c:/toolchain_generic/6.2_2016q4/arm-eabi/lib/newlib-nano-2.1-nds/\libtoolchaingen7.a(spiTGDS.o)
                              c:/toolchain_generic/6.2_2016q4/arm-eabi/lib/newlib-nano-2.1-nds/\libtoolchaingen7.a(spifwTGDS.o) (SPICSHIGH)
c:/toolchain_generic/6.2_2016q4/arm-eabi/lib/newlib-nano-2.1-nds/\libtoolchaingen7.a(spitscTGDS.o)
                              c:/toolchain_generic/6.2_2016q4/arm-eabi/lib/newlib-nano-2.1-nds/\libtoolchaingen7.a(InterruptsARMCores_c.o) (doSPIARM7IO)
c:/toolchain_generic/6.2_2016q4/arm-eabi/lib/newlib-nano-2.1-nds/\libtoolchaingen7.a(clockTGDS.o)
                              c:/toolchain_generic/6.2_2016q4/arm-eabi/lib/newlib-nano-2.1-nds/\libtoolchaingen7.a(spitscTGDS.o) (nds_get_time7)
c:/toolchain_generic/6.2_2016q4/arm-eabi/lib/newlib-nano-2.1-nds/\libcnano7.a(__aeabi_idiv.o)
                              c:/toolchain_generic/6.2_2016q4/arm-eabi/lib/newlib-nano-2.1-nds/\libtoolchaingen7.a(soundTGDS.o) (__aeabi_idiv)
c:/toolchain_generic/6.2_2016q4/arm-eabi/lib/newlib-nano-2.1-nds/\libcnano7.a(__aeabi_uidiv.o)
                              c:/toolchain_generic/6.2_2016q4/arm-eabi/lib/newlib-nano-2.1-nds/\libtoolchaingen7.a(xmem.o) (__aeabi_uidiv)
c:/toolchain_generic/6.2_2016q4/arm-eabi/lib/newlib-nano-2.1-nds/\libcnano7.a(__udivmodsi4.o)
                              c:/toolchain_generic/6.2_2016q4/arm-eabi/lib/newlib-nano-2.1-nds/\libcnano7.a(__aeabi_idiv.o) (__udivmodsi4)
c:/toolchain_generic/6.2_2016q4/arm-eabi/lib/newlib-nano-2.1-nds/\libcnano7.a(memset.o)
                              build/main.o (memset)
c:/toolchain_generic/6.2_2016q4/arm-eabi/lib/newlib-nano-2.1-nds/\libcnano7.a(strlen.o)
                              c:/toolchain_generic/6.2_2016q4/arm-eabi/lib/newlib-nano-2.1-nds/\libtoolchaingen7.a(posixHandleTGDS.o) (strlen)
c:/toolchain_generic/6.2_2016q4/arm-eabi/lib/newlib-nano-2.1-nds/\libcnano7.a(__aeabi_idivmod.o)
                              c:/toolchain_generic/6.2_2016q4/arm-eabi/lib/newlib-nano-2.1-nds/\libtoolchaingen7.a(clockTGDS.o) (__aeabi_idivmod)
c:/toolchain_generic/6.2_2016q4/arm-eabi/lib/newlib-nano-2.1-nds/\libcnano7.a(__aeabi_uidivmod.o)
                              c:/toolchain_generic/6.2_2016q4/arm-eabi/lib/newlib-nano-2.1-nds/\libtoolchaingen7.a(clockTGDS.o) (__aeabi_uidivmod)
c:/toolchain_generic/6.2_2016q4/arm-eabi/lib/newlib-nano-2.1-nds/\libcnano7.a(arm-asm-memcpy.o)
                              c:/toolchain_generic/6.2_2016q4/arm-eabi/lib/newlib-nano-2.1-nds/\libtoolchaingen7.a(posixHandleTGDS.o) (memcpy)

Allocating common symbols
Common symbol       size              file

arm7q               0x800             c:/toolchain_generic/6.2_2016q4/arm-eabi/lib/newlib-nano-2.1-nds/\libtoolchaingen7.a(wifi_arm7.o)
xmem_table          0x4               c:/toolchain_generic/6.2_2016q4/arm-eabi/lib/newlib-nano-2.1-nds/\libtoolchaingen7.a(xmem.o)
FlashData           0x200             c:/toolchain_generic/6.2_2016q4/arm-eabi/lib/newlib-nano-2.1-nds/\libtoolchaingen7.a(wifi_arm7.o)
xmem_blocks         0x4               c:/toolchain_generic/6.2_2016q4/arm-eabi/lib/newlib-nano-2.1-nds/\libtoolchaingen7.a(xmem.o)

Memory Configuration

Name             Origin             Length             Attributes
IWRAM            0x03800000         0x00010000         xrw
*default*        0x00000000         0xffffffff

Linker script and memory map

                0x03800000                _iwram_start = ORIGIN (IWRAM)
                0x03810000                _iwram_end = (ORIGIN (IWRAM) + 0x10000)
                0x03fffff8                _arm7_irqcheckbits = 0x3fffff8
                0x03fffffc                _arm7_irqhandler = 0x3fffffc
                0x0380fe00                sp_SVC = (_iwram_end - 0x200)
                0x0380fc00                sp_IRQ = (sp_SVC - 0x200)
                0x0380fa00                sp_FIQ = (sp_IRQ - 0x200)
                0x0380f800                sp_ABT = (sp_FIQ - 0x200)
                0x0380f600                sp_UND = (sp_ABT - 0x200)
                0x0380f400                sp_USR = (sp_UND - 0x200)
                0x0380f200                sp_SYS = (sp_USR - 0x200)

.init           0x03800000       0xc4
                0x03800000                __init_start__ = .
 *(.init*)
 .init          0x03800000       0xa8 ./build/nds_arm_ld_crt0.o
                0x03800000                _start
 .init          0x038000a8        0xc c:/toolchain_generic/6.2_2016q4/bin/../lib/gcc/arm-eabi/4.9.2/crti.o
                0x038000a8                _init
 .init_array    0x038000b4        0x4 c:/toolchain_generic/6.2_2016q4/bin/../lib/gcc/arm-eabi/4.9.2/crtbegin.o
 .init          0x038000b8        0xc c:/toolchain_generic/6.2_2016q4/bin/../lib/gcc/arm-eabi/4.9.2/crtn.o
                0x038000c4                . = ALIGN (0x4)
                0x038000c4                __init_end__ = .
                0x038000c4                __preinit_array_start__ = .

.preinit_array  0x038000c4        0x0
 *(.preinit_array*)
                0x038000c4                . = ALIGN (0x4)
                0x038000c4                __preinit_array_end__ = .
                0x038000c4                __init_array_start__ = .

.init_array     0x038000c4        0x0
 *(.init_array*)
                0x038000c4                . = ALIGN (0x4)
                0x038000c4                init_array_end__ = .
                0x038000c4                __fini_array_start__ = .

.fini_array     0x038000c4        0x4
 *(.fini_array*)
 .fini_array    0x038000c4        0x4 c:/toolchain_generic/6.2_2016q4/bin/../lib/gcc/arm-eabi/4.9.2/crtbegin.o
                0x038000c8                . = ALIGN (0x4)
                0x038000c8                __fini_array_end__ = .
                0x038000c8                __text_start__ = .

.text           0x038000d0     0x6f48
 *(.text)
 .text          0x038000d0        0x0 ./build/nds_arm_ld_crt0.o
 .text          0x038000d0        0x0 c:/toolchain_generic/6.2_2016q4/bin/../lib/gcc/arm-eabi/4.9.2/crti.o
 .text          0x038000d0      0x108 c:/toolchain_generic/6.2_2016q4/bin/../lib/gcc/arm-eabi/4.9.2/crtbegin.o
 .text          0x038001d8        0x0 build/main.o
 .text          0x038001d8        0x0 build/Interrupts_app7.o
 .text          0x038001d8        0x0 build/dswnifi.o
 .text          0x038001d8        0x0 build/ipcfifoTGDSUser.o
 .text          0x038001d8        0x0 build/loader.o
 .text          0x038001d8        0x0 c:/toolchain_generic/6.2_2016q4/arm-eabi/lib/newlib-nano-2.1-nds/\libtoolchaingen7.a(wifi_arm7.o)
 .text          0x038001d8        0x0 c:/toolchain_generic/6.2_2016q4/arm-eabi/lib/newlib-nano-2.1-nds/\libtoolchaingen7.a(biosTGDSC.o)
 .text          0x038001d8        0x0 c:/toolchain_generic/6.2_2016q4/arm-eabi/lib/newlib-nano-2.1-nds/\libtoolchaingen7.a(eventsTGDS.o)
 .text          0x038001d8        0x0 c:/toolchain_generic/6.2_2016q4/arm-eabi/lib/newlib-nano-2.1-nds/\libtoolchaingen7.a(exceptionTGDS.o)
 .text          0x038001d8        0x0 c:/toolchain_generic/6.2_2016q4/arm-eabi/lib/newlib-nano-2.1-nds/\libtoolchaingen7.a(initNDSTGDS.o)
 .text          0x038001d8        0x0 c:/toolchain_generic/6.2_2016q4/arm-eabi/lib/newlib-nano-2.1-nds/\libtoolchaingen7.a(posixHandleTGDS.o)
 .text          0x038001d8        0x0 c:/toolchain_generic/6.2_2016q4/arm-eabi/lib/newlib-nano-2.1-nds/\libtoolchaingen7.a(utilsTGDS.o)
 .text          0x038001d8        0x0 c:/toolchain_generic/6.2_2016q4/arm-eabi/lib/newlib-nano-2.1-nds/\libtoolchaingen7.a(ipcfifoTGDS.o)
 .text          0x038001d8        0x0 c:/toolchain_generic/6.2_2016q4/arm-eabi/lib/newlib-nano-2.1-nds/\libtoolchaingen7.a(powerTGDS.o)
 .text          0x038001d8        0x0 c:/toolchain_generic/6.2_2016q4/arm-eabi/lib/newlib-nano-2.1-nds/\libtoolchaingen7.a(spifwTGDS.o)
 .text          0x038001d8        0x0 c:/toolchain_generic/6.2_2016q4/arm-eabi/lib/newlib-nano-2.1-nds/\libtoolchaingen7.a(usrsettingsTGDS.o)
 .text          0x038001d8       0x5c c:/toolchain_generic/6.2_2016q4/arm-eabi/lib/newlib-nano-2.1-nds/\libtoolchaingen7.a(spinlockTGDS.o)
                0x038001d8                SLasm_Acquire
                0x0380020c                SLasm_Release
 *fill*         0x03800234        0xc ff
 .text          0x03800240       0xd0 c:/toolchain_generic/6.2_2016q4/arm-eabi/lib/newlib-nano-2.1-nds/\libtoolchaingen7.a(biosTGDSAsm.o)
                0x03800240                swiDelay
                0x03800248                swiCRC16
                0x03800250                swiSleep
                0x03800258                swiIsDebugger
                0x03800260                swiDivide
                0x03800268                swiRemainder
                0x03800274                swiDivMod
                0x0380028c                swiSqrt
                0x03800294                swiHalt
                0x0380029c                swiGetSineTable
                0x038002a4                swiGetPitchTable
                0x038002ac                swiGetVolumeTable
                0x038002b4                swiSetHaltCR
                0x038002c0                swiChangeSoundBias
                0x038002c8                swiSoftReset
                0x038002d4                swiSoftResetByAddress
                0x038002f0                swiDecompressLZSSWram
                0x038002f8                swiDecompressLZSSVramByCallback
 .text          0x03800310      0x124 c:/toolchain_generic/6.2_2016q4/arm-eabi/lib/newlib-nano-2.1-nds/\libtoolchaingen7.a(exceptionTGDSasm.o)
                0x03800310                DebugException
                0x03800390                CustomDebugException
                0x03800414                LeaveExceptionMode
 *fill*         0x03800434        0xc ff
 .text          0x03800440       0x60 c:/toolchain_generic/6.2_2016q4/arm-eabi/lib/newlib-nano-2.1-nds/\libtoolchaingen7.a(InterruptsARMCores_s.o)
                0x03800440                IRQWait
                0x0380047c                IRQVBlankWait
 .text          0x038004a0        0x0 c:/toolchain_generic/6.2_2016q4/arm-eabi/lib/newlib-nano-2.1-nds/\libtoolchaingen7.a(soundTGDS.o)
 .text          0x038004a0        0x0 c:/toolchain_generic/6.2_2016q4/arm-eabi/lib/newlib-nano-2.1-nds/\libtoolchaingen7.a(InterruptsARMCores_c.o)
 .text          0x038004a0        0x0 c:/toolchain_generic/6.2_2016q4/arm-eabi/lib/newlib-nano-2.1-nds/\libtoolchaingen7.a(xmem.o)
 .text          0x038004a0        0x0 c:/toolchain_generic/6.2_2016q4/arm-eabi/lib/newlib-nano-2.1-nds/\libtoolchaingen7.a(ARM7FS.o)
 .text          0x038004a0        0x0 c:/toolchain_generic/6.2_2016q4/arm-eabi/lib/newlib-nano-2.1-nds/\libtoolchaingen7.a(wifi_shared.o)
 .text          0x038004a0        0x0 c:/toolchain_generic/6.2_2016q4/arm-eabi/lib/newlib-nano-2.1-nds/\libtoolchaingen7.a(dmaTGDS.o)
 .text          0x038004a0        0x0 c:/toolchain_generic/6.2_2016q4/arm-eabi/lib/newlib-nano-2.1-nds/\libtoolchaingen7.a(spiTGDS.o)
 .text          0x038004a0        0x0 c:/toolchain_generic/6.2_2016q4/arm-eabi/lib/newlib-nano-2.1-nds/\libtoolchaingen7.a(spitscTGDS.o)
 .text          0x038004a0        0x0 c:/toolchain_generic/6.2_2016q4/arm-eabi/lib/newlib-nano-2.1-nds/\libtoolchaingen7.a(clockTGDS.o)
 .text          0x038004a0        0x0 c:/toolchain_generic/6.2_2016q4/arm-eabi/lib/newlib-nano-2.1-nds/\libcnano7.a(__aeabi_idiv.o)
 .text          0x038004a0        0x0 c:/toolchain_generic/6.2_2016q4/arm-eabi/lib/newlib-nano-2.1-nds/\libcnano7.a(__aeabi_uidiv.o)
 .text          0x038004a0        0x0 c:/toolchain_generic/6.2_2016q4/arm-eabi/lib/newlib-nano-2.1-nds/\libcnano7.a(__udivmodsi4.o)
 .text          0x038004a0        0x0 c:/toolchain_generic/6.2_2016q4/arm-eabi/lib/newlib-nano-2.1-nds/\libcnano7.a(memset.o)
 .text          0x038004a0        0x0 c:/toolchain_generic/6.2_2016q4/arm-eabi/lib/newlib-nano-2.1-nds/\libcnano7.a(strlen.o)
 .text          0x038004a0       0x20 c:/toolchain_generic/6.2_2016q4/arm-eabi/lib/newlib-nano-2.1-nds/\libcnano7.a(__aeabi_idivmod.o)
                0x038004a0                __aeabi_idivmod
 .text          0x038004c0       0x20 c:/toolchain_generic/6.2_2016q4/arm-eabi/lib/newlib-nano-2.1-nds/\libcnano7.a(__aeabi_uidivmod.o)
                0x038004c0                __aeabi_uidivmod
 .text          0x038004e0      0x48c c:/toolchain_generic/6.2_2016q4/arm-eabi/lib/newlib-nano-2.1-nds/\libcnano7.a(arm-asm-memcpy.o)
                0x038004e0                memcpy
 .text          0x0380096c        0x0 c:/toolchain_generic/6.2_2016q4/bin/../lib/gcc/arm-eabi/4.9.2/crtend.o
 .text          0x0380096c        0x0 c:/toolchain_generic/6.2_2016q4/bin/../lib/gcc/arm-eabi/4.9.2/crtn.o
 *(.text*)
 .text.initDLDIARM7
                0x0380096c        0x4 build/main.o
                0x0380096c                initDLDIARM7
 .text.startup.main
                0x03800970       0xbc build/main.o
                0x03800970                main
 .text.IpcSynchandlerUser
                0x03800a2c        0x4 build/Interrupts_app7.o
                0x03800a2c                IpcSynchandlerUser
 .text.Timer0handlerUser
                0x03800a30        0x4 build/Interrupts_app7.o
                0x03800a30                Timer0handlerUser
 .text.Timer1handlerUser
                0x03800a34        0x4 build/Interrupts_app7.o
                0x03800a34                Timer1handlerUser
 .text.Timer2handlerUser
                0x03800a38        0x4 build/Interrupts_app7.o
                0x03800a38                Timer2handlerUser
 .text.Timer3handlerUser
                0x03800a3c        0x4 build/Interrupts_app7.o
                0x03800a3c                Timer3handlerUser
 .text.HblankUser
                0x03800a40        0x4 build/Interrupts_app7.o
                0x03800a40                HblankUser
 .text.VblankUser
                0x03800a44       0x24 build/Interrupts_app7.o
                0x03800a44                VblankUser
 .text.VcounterUser
                0x03800a68        0x4 build/Interrupts_app7.o
                0x03800a68                VcounterUser
 .text.screenLidHasOpenedhandlerUser
                0x03800a6c       0x10 build/Interrupts_app7.o
                0x03800a6c                screenLidHasOpenedhandlerUser
 .text.screenLidHasClosedhandlerUser
                0x03800a7c       0x10 build/Interrupts_app7.o
                0x03800a7c                screenLidHasClosedhandlerUser
 .text.getsIPCSharedTGDSSpecific
                0x03800a8c        0xc build/ipcfifoTGDSUser.o
                0x03800a8c                getsIPCSharedTGDSSpecific
 .text.HandleFifoNotEmptyWeakRef
                0x03800a98       0x44 build/ipcfifoTGDSUser.o
                0x03800a98                HandleFifoNotEmptyWeakRef
 .text.HandleFifoEmptyWeakRef
                0x03800adc        0x4 build/ipcfifoTGDSUser.o
                0x03800adc                HandleFifoEmptyWeakRef
 .text.EWRAMPrioToARM7
                0x03800ae0       0x1c build/ipcfifoTGDSUser.o
                0x03800ae0                EWRAMPrioToARM7
 .text.EWRAMPrioToARM9
                0x03800afc       0x18 build/ipcfifoTGDSUser.o
                0x03800afc                EWRAMPrioToARM9
 .text.waitWhileNotSetStatus
                0x03800b14       0x30 build/loader.o
                0x03800b14                waitWhileNotSetStatus
 .text.setNDSLoaderInitStatus
                0x03800b44       0x10 build/loader.o
                0x03800b44                setNDSLoaderInitStatus
 .text.arm7_synctoarm9
                0x03800b54       0x1c c:/toolchain_generic/6.2_2016q4/arm-eabi/lib/newlib-nano-2.1-nds/\libtoolchaingen7.a(wifi_arm7.o)
                0x03800b54                arm7_synctoarm9
 .text.InitFlashData
                0x03800b70       0x20 c:/toolchain_generic/6.2_2016q4/arm-eabi/lib/newlib-nano-2.1-nds/\libtoolchaingen7.a(wifi_arm7.o)
                0x03800b70                InitFlashData
 .text.DeInitFlashData
                0x03800b90       0x20 c:/toolchain_generic/6.2_2016q4/arm-eabi/lib/newlib-nano-2.1-nds/\libtoolchaingen7.a(wifi_arm7.o)
                0x03800b90                DeInitFlashData
 .text.ReadFlashByte
                0x03800bb0       0x18 c:/toolchain_generic/6.2_2016q4/arm-eabi/lib/newlib-nano-2.1-nds/\libtoolchaingen7.a(wifi_arm7.o)
                0x03800bb0                ReadFlashByte
 .text.ReadFlashBytes
                0x03800bc8       0x54 c:/toolchain_generic/6.2_2016q4/arm-eabi/lib/newlib-nano-2.1-nds/\libtoolchaingen7.a(wifi_arm7.o)
                0x03800bc8                ReadFlashBytes
 .text.ReadFlashHWord
                0x03800c1c       0x1c c:/toolchain_generic/6.2_2016q4/arm-eabi/lib/newlib-nano-2.1-nds/\libtoolchaingen7.a(wifi_arm7.o)
                0x03800c1c                ReadFlashHWord
 .text.crc16_slow
                0x03800c38       0x48 c:/toolchain_generic/6.2_2016q4/arm-eabi/lib/newlib-nano-2.1-nds/\libtoolchaingen7.a(wifi_arm7.o)
                0x03800c38                crc16_slow
 .text.GetWfcSettings
                0x03800c80      0x1a8 c:/toolchain_generic/6.2_2016q4/arm-eabi/lib/newlib-nano-2.1-nds/\libtoolchaingen7.a(wifi_arm7.o)
                0x03800c80                GetWfcSettings
 .text.Wifi_BBRead
                0x03800e28       0x40 c:/toolchain_generic/6.2_2016q4/arm-eabi/lib/newlib-nano-2.1-nds/\libtoolchaingen7.a(wifi_arm7.o)
                0x03800e28                Wifi_BBRead
 .text.Wifi_BBWrite
                0x03800e68       0x74 c:/toolchain_generic/6.2_2016q4/arm-eabi/lib/newlib-nano-2.1-nds/\libtoolchaingen7.a(wifi_arm7.o)
                0x03800e68                Wifi_BBWrite
 .text.Wifi_RFWrite
                0x03800edc       0x3c c:/toolchain_generic/6.2_2016q4/arm-eabi/lib/newlib-nano-2.1-nds/\libtoolchaingen7.a(wifi_arm7.o)
                0x03800edc                Wifi_RFWrite
 .text.Wifi_SetChannel.part.4
                0x03800f18      0x1b0 c:/toolchain_generic/6.2_2016q4/arm-eabi/lib/newlib-nano-2.1-nds/\libtoolchaingen7.a(wifi_arm7.o)
 .text.PowerChip_ReadWrite
                0x038010c8       0x80 c:/toolchain_generic/6.2_2016q4/arm-eabi/lib/newlib-nano-2.1-nds/\libtoolchaingen7.a(wifi_arm7.o)
                0x038010c8                PowerChip_ReadWrite
 .text.SetLedState
                0x03801148       0x48 c:/toolchain_generic/6.2_2016q4/arm-eabi/lib/newlib-nano-2.1-nds/\libtoolchaingen7.a(wifi_arm7.o)
                0x03801148                SetLedState
 .text.ProxySetLedState
                0x03801190       0x1c c:/toolchain_generic/6.2_2016q4/arm-eabi/lib/newlib-nano-2.1-nds/\libtoolchaingen7.a(wifi_arm7.o)
                0x03801190                ProxySetLedState
 .text.Wifi_RFInit
                0x038011ac      0x124 c:/toolchain_generic/6.2_2016q4/arm-eabi/lib/newlib-nano-2.1-nds/\libtoolchaingen7.a(wifi_arm7.o)
                0x038011ac                Wifi_RFInit
 .text.Wifi_BBInit
                0x038012d0       0x44 c:/toolchain_generic/6.2_2016q4/arm-eabi/lib/newlib-nano-2.1-nds/\libtoolchaingen7.a(wifi_arm7.o)
                0x038012d0                Wifi_BBInit
 .text.Wifi_MacInit
                0x03801314       0x38 c:/toolchain_generic/6.2_2016q4/arm-eabi/lib/newlib-nano-2.1-nds/\libtoolchaingen7.a(wifi_arm7.o)
                0x03801314                Wifi_MacInit
 .text.Wifi_TxSetup
                0x0380134c       0x14 c:/toolchain_generic/6.2_2016q4/arm-eabi/lib/newlib-nano-2.1-nds/\libtoolchaingen7.a(wifi_arm7.o)
                0x0380134c                Wifi_TxSetup
 .text.Wifi_RxSetup
                0x03801360       0x58 c:/toolchain_generic/6.2_2016q4/arm-eabi/lib/newlib-nano-2.1-nds/\libtoolchaingen7.a(wifi_arm7.o)
                0x03801360                Wifi_RxSetup
 .text.Wifi_WakeUp
                0x038013b8       0x64 c:/toolchain_generic/6.2_2016q4/arm-eabi/lib/newlib-nano-2.1-nds/\libtoolchaingen7.a(wifi_arm7.o)
                0x038013b8                Wifi_WakeUp
 .text.Wifi_Shutdown
                0x0380141c       0x5c c:/toolchain_generic/6.2_2016q4/arm-eabi/lib/newlib-nano-2.1-nds/\libtoolchaingen7.a(wifi_arm7.o)
                0x0380141c                Wifi_Shutdown
 .text.Wifi_CopyMacAddr
                0x03801478       0x1c c:/toolchain_generic/6.2_2016q4/arm-eabi/lib/newlib-nano-2.1-nds/\libtoolchaingen7.a(wifi_arm7.o)
                0x03801478                Wifi_CopyMacAddr
 .text.Wifi_CmpMacAddr
                0x03801494       0x40 c:/toolchain_generic/6.2_2016q4/arm-eabi/lib/newlib-nano-2.1-nds/\libtoolchaingen7.a(wifi_arm7.o)
                0x03801494                Wifi_CmpMacAddr
 .text.Wifi_MACRead
                0x038014d4       0x50 c:/toolchain_generic/6.2_2016q4/arm-eabi/lib/newlib-nano-2.1-nds/\libtoolchaingen7.a(wifi_arm7.o)
                0x038014d4                Wifi_MACRead
 .text.Wifi_MACCopy
                0x03801524       0x94 c:/toolchain_generic/6.2_2016q4/arm-eabi/lib/newlib-nano-2.1-nds/\libtoolchaingen7.a(wifi_arm7.o)
                0x03801524                Wifi_MACCopy
 .text.Wifi_MACWrite
                0x038015b8       0x9c c:/toolchain_generic/6.2_2016q4/arm-eabi/lib/newlib-nano-2.1-nds/\libtoolchaingen7.a(wifi_arm7.o)
                0x038015b8                Wifi_MACWrite
 .text.Wifi_QueueRxMacData
                0x03801654       0xfc c:/toolchain_generic/6.2_2016q4/arm-eabi/lib/newlib-nano-2.1-nds/\libtoolchaingen7.a(wifi_arm7.o)
                0x03801654                Wifi_QueueRxMacData
 .text.Wifi_CheckTxBuf
                0x03801750       0x34 c:/toolchain_generic/6.2_2016q4/arm-eabi/lib/newlib-nano-2.1-nds/\libtoolchaingen7.a(wifi_arm7.o)
                0x03801750                Wifi_CheckTxBuf
 .text.Wifi_CopyFirstTxData
                0x03801784       0xf0 c:/toolchain_generic/6.2_2016q4/arm-eabi/lib/newlib-nano-2.1-nds/\libtoolchaingen7.a(wifi_arm7.o)
                0x03801784                Wifi_CopyFirstTxData
 .text.Wifi_TxRaw
                0x03801874       0x68 c:/toolchain_generic/6.2_2016q4/arm-eabi/lib/newlib-nano-2.1-nds/\libtoolchaingen7.a(wifi_arm7.o)
                0x03801874                Wifi_TxRaw
 .text.Wifi_TxCheck
                0x038018dc       0x18 c:/toolchain_generic/6.2_2016q4/arm-eabi/lib/newlib-nano-2.1-nds/\libtoolchaingen7.a(wifi_arm7.o)
                0x038018dc                Wifi_TxCheck
 .text.Wifi_Intr_CntOverflow
                0x038018f4       0x74 c:/toolchain_generic/6.2_2016q4/arm-eabi/lib/newlib-nano-2.1-nds/\libtoolchaingen7.a(wifi_arm7.o)
                0x038018f4                Wifi_Intr_CntOverflow
 .text.Wifi_Intr_StartTx
                0x03801968       0x14 c:/toolchain_generic/6.2_2016q4/arm-eabi/lib/newlib-nano-2.1-nds/\libtoolchaingen7.a(wifi_arm7.o)
                0x03801968                Wifi_Intr_StartTx
 .text.Wifi_Intr_TxEnd
                0x0380197c      0x128 c:/toolchain_generic/6.2_2016q4/arm-eabi/lib/newlib-nano-2.1-nds/\libtoolchaingen7.a(wifi_arm7.o)
                0x0380197c                Wifi_Intr_TxEnd
 .text.Wifi_Intr_TBTT
                0x03801aa4       0x18 c:/toolchain_generic/6.2_2016q4/arm-eabi/lib/newlib-nano-2.1-nds/\libtoolchaingen7.a(wifi_arm7.o)
                0x03801aa4                Wifi_Intr_TBTT
 .text.Wifi_Intr_DoNothing
                0x03801abc        0x4 c:/toolchain_generic/6.2_2016q4/arm-eabi/lib/newlib-nano-2.1-nds/\libtoolchaingen7.a(wifi_arm7.o)
                0x03801abc                Wifi_Intr_DoNothing
 .text.Wifi_Interrupt
                0x03801ac0      0x124 c:/toolchain_generic/6.2_2016q4/arm-eabi/lib/newlib-nano-2.1-nds/\libtoolchaingen7.a(wifi_arm7.o)
                0x03801ac0                Wifi_Interrupt
 .text.Wifi_Update
                0x03801be4      0x574 c:/toolchain_generic/6.2_2016q4/arm-eabi/lib/newlib-nano-2.1-nds/\libtoolchaingen7.a(wifi_arm7.o)
                0x03801be4                Wifi_Update
 .text.erasemem
                0x03802158       0x1c c:/toolchain_generic/6.2_2016q4/arm-eabi/lib/newlib-nano-2.1-nds/\libtoolchaingen7.a(wifi_arm7.o)
                0x03802158                erasemem
 .text.Wifi_Stop
                0x03802174       0x4c c:/toolchain_generic/6.2_2016q4/arm-eabi/lib/newlib-nano-2.1-nds/\libtoolchaingen7.a(wifi_arm7.o)
                0x03802174                Wifi_Stop
 .text.Wifi_Deinit
                0x038021c0       0x2c c:/toolchain_generic/6.2_2016q4/arm-eabi/lib/newlib-nano-2.1-nds/\libtoolchaingen7.a(wifi_arm7.o)
                0x038021c0                Wifi_Deinit
 .text.Wifi_Init
                0x038021ec      0x1ac c:/toolchain_generic/6.2_2016q4/arm-eabi/lib/newlib-nano-2.1-nds/\libtoolchaingen7.a(wifi_arm7.o)
                0x038021ec                Wifi_Init
 .text.Wifi_SetChannel
                0x03802398       0x10 c:/toolchain_generic/6.2_2016q4/arm-eabi/lib/newlib-nano-2.1-nds/\libtoolchaingen7.a(wifi_arm7.o)
                0x03802398                Wifi_SetChannel
 .text.Wifi_SetWepKey
                0x038023a8       0x44 c:/toolchain_generic/6.2_2016q4/arm-eabi/lib/newlib-nano-2.1-nds/\libtoolchaingen7.a(wifi_arm7.o)
                0x038023a8                Wifi_SetWepKey
 .text.Wifi_SetWepMode
                0x038023ec       0x3c c:/toolchain_generic/6.2_2016q4/arm-eabi/lib/newlib-nano-2.1-nds/\libtoolchaingen7.a(wifi_arm7.o)
                0x038023ec                Wifi_SetWepMode
 .text.Wifi_SetBeaconPeriod
                0x03802428       0x1c c:/toolchain_generic/6.2_2016q4/arm-eabi/lib/newlib-nano-2.1-nds/\libtoolchaingen7.a(wifi_arm7.o)
                0x03802428                Wifi_SetBeaconPeriod
 .text.Wifi_SetMode
                0x03802444       0x28 c:/toolchain_generic/6.2_2016q4/arm-eabi/lib/newlib-nano-2.1-nds/\libtoolchaingen7.a(wifi_arm7.o)
                0x03802444                Wifi_SetMode
 .text.Wifi_SetPreambleType
                0x0380246c       0x2c c:/toolchain_generic/6.2_2016q4/arm-eabi/lib/newlib-nano-2.1-nds/\libtoolchaingen7.a(wifi_arm7.o)
                0x0380246c                Wifi_SetPreambleType
 .text.Wifi_DisableTempPowerSave
                0x03802498       0x28 c:/toolchain_generic/6.2_2016q4/arm-eabi/lib/newlib-nano-2.1-nds/\libtoolchaingen7.a(wifi_arm7.o)
                0x03802498                Wifi_DisableTempPowerSave
 .text.Wifi_Start
                0x038024c0      0x100 c:/toolchain_generic/6.2_2016q4/arm-eabi/lib/newlib-nano-2.1-nds/\libtoolchaingen7.a(wifi_arm7.o)
                0x038024c0                Wifi_Start
 .text.Wifi_TxQueue
                0x038025c0       0xe4 c:/toolchain_generic/6.2_2016q4/arm-eabi/lib/newlib-nano-2.1-nds/\libtoolchaingen7.a(wifi_arm7.o)
                0x038025c0                Wifi_TxQueue
 .text.Wifi_GenMgtHeader
                0x038026a4       0xd0 c:/toolchain_generic/6.2_2016q4/arm-eabi/lib/newlib-nano-2.1-nds/\libtoolchaingen7.a(wifi_arm7.o)
                0x038026a4                Wifi_GenMgtHeader
 .text.Wifi_SendOpenSystemAuthPacket
                0x03802774       0x5c c:/toolchain_generic/6.2_2016q4/arm-eabi/lib/newlib-nano-2.1-nds/\libtoolchaingen7.a(wifi_arm7.o)
                0x03802774                Wifi_SendOpenSystemAuthPacket
 .text.Wifi_SendSharedKeyAuthPacket
                0x038027d0       0x5c c:/toolchain_generic/6.2_2016q4/arm-eabi/lib/newlib-nano-2.1-nds/\libtoolchaingen7.a(wifi_arm7.o)
                0x038027d0                Wifi_SendSharedKeyAuthPacket
 .text.Wifi_SendSharedKeyAuthPacket2
                0x0380282c       0xa4 c:/toolchain_generic/6.2_2016q4/arm-eabi/lib/newlib-nano-2.1-nds/\libtoolchaingen7.a(wifi_arm7.o)
                0x0380282c                Wifi_SendSharedKeyAuthPacket2
 .text.Wifi_SendAssocPacket
                0x038028d0      0x1b8 c:/toolchain_generic/6.2_2016q4/arm-eabi/lib/newlib-nano-2.1-nds/\libtoolchaingen7.a(wifi_arm7.o)
                0x038028d0                Wifi_SendAssocPacket
 .text.Wifi_SendNullFrame
                0x03802a88       0x8c c:/toolchain_generic/6.2_2016q4/arm-eabi/lib/newlib-nano-2.1-nds/\libtoolchaingen7.a(wifi_arm7.o)
                0x03802a88                Wifi_SendNullFrame
 .text.Wifi_SendPSPollFrame
                0x03802b14       0x9c c:/toolchain_generic/6.2_2016q4/arm-eabi/lib/newlib-nano-2.1-nds/\libtoolchaingen7.a(wifi_arm7.o)
                0x03802b14                Wifi_SendPSPollFrame
 .text.Wifi_ProcessReceivedFrame
                0x03802bb0      0xccc c:/toolchain_generic/6.2_2016q4/arm-eabi/lib/newlib-nano-2.1-nds/\libtoolchaingen7.a(wifi_arm7.o)
                0x03802bb0                Wifi_ProcessReceivedFrame
 .text.Wifi_Intr_RxEnd
                0x0380387c      0x110 c:/toolchain_generic/6.2_2016q4/arm-eabi/lib/newlib-nano-2.1-nds/\libtoolchaingen7.a(wifi_arm7.o)
                0x0380387c                Wifi_Intr_RxEnd
 .text.Wifi_CreateTxFrame
                0x0380398c        0x8 c:/toolchain_generic/6.2_2016q4/arm-eabi/lib/newlib-nano-2.1-nds/\libtoolchaingen7.a(wifi_arm7.o)
                0x0380398c                Wifi_CreateTxFrame
 .text.Wifi_Sync
                0x03803994      0x574 c:/toolchain_generic/6.2_2016q4/arm-eabi/lib/newlib-nano-2.1-nds/\libtoolchaingen7.a(wifi_arm7.o)
                0x03803994                Wifi_Sync
 .text.Wifi_SetSyncHandler
                0x03803f08       0x10 c:/toolchain_generic/6.2_2016q4/arm-eabi/lib/newlib-nano-2.1-nds/\libtoolchaingen7.a(wifi_arm7.o)
                0x03803f08                Wifi_SetSyncHandler
 .text.wifiAddressHandler
                0x03803f18       0x1c c:/toolchain_generic/6.2_2016q4/arm-eabi/lib/newlib-nano-2.1-nds/\libtoolchaingen7.a(wifi_arm7.o)
                0x03803f18                wifiAddressHandler
 .text.installWifiFIFO
                0x03803f34       0x18 c:/toolchain_generic/6.2_2016q4/arm-eabi/lib/newlib-nano-2.1-nds/\libtoolchaingen7.a(wifi_arm7.o)
                0x03803f34                installWifiFIFO
 .text.swiFastCopy
                0x03803f4c      0x124 c:/toolchain_generic/6.2_2016q4/arm-eabi/lib/newlib-nano-2.1-nds/\libtoolchaingen7.a(biosTGDSC.o)
                0x03803f4c                swiFastCopy
 .text.handleARM7InitSVC
                0x03804070        0x4 c:/toolchain_generic/6.2_2016q4/arm-eabi/lib/newlib-nano-2.1-nds/\libtoolchaingen7.a(biosTGDSC.o)
                0x03804070                handleARM7InitSVC
 .text.getTurnOffScreensTimeout
                0x03804074       0x10 c:/toolchain_generic/6.2_2016q4/arm-eabi/lib/newlib-nano-2.1-nds/\libtoolchaingen7.a(eventsTGDS.o)
                0x03804074                getTurnOffScreensTimeout
 .text.enableTGDSEventHandling
                0x03804084       0x14 c:/toolchain_generic/6.2_2016q4/arm-eabi/lib/newlib-nano-2.1-nds/\libtoolchaingen7.a(eventsTGDS.o)
                0x03804084                enableTGDSEventHandling
 .text.TGDSSetEvent
                0x03804098       0x10 c:/toolchain_generic/6.2_2016q4/arm-eabi/lib/newlib-nano-2.1-nds/\libtoolchaingen7.a(eventsTGDS.o)
                0x03804098                TGDSSetEvent
 .text.disableTGDSEventHandling
                0x038040a8       0x14 c:/toolchain_generic/6.2_2016q4/arm-eabi/lib/newlib-nano-2.1-nds/\libtoolchaingen7.a(eventsTGDS.o)
                0x038040a8                disableTGDSEventHandling
 .text.setTurnOffScreensTimeout
                0x038040bc       0x10 c:/toolchain_generic/6.2_2016q4/arm-eabi/lib/newlib-nano-2.1-nds/\libtoolchaingen7.a(eventsTGDS.o)
                0x038040bc                setTurnOffScreensTimeout
 .text.TurnOnScreens
                0x038040cc       0x38 c:/toolchain_generic/6.2_2016q4/arm-eabi/lib/newlib-nano-2.1-nds/\libtoolchaingen7.a(eventsTGDS.o)
                0x038040cc                TurnOnScreens
 .text.TurnOffScreens
                0x03804104       0x1c c:/toolchain_generic/6.2_2016q4/arm-eabi/lib/newlib-nano-2.1-nds/\libtoolchaingen7.a(eventsTGDS.o)
                0x03804104                TurnOffScreens
 .text.setAndEnableSleepModeInSeconds
                0x03804120       0x40 c:/toolchain_generic/6.2_2016q4/arm-eabi/lib/newlib-nano-2.1-nds/\libtoolchaingen7.a(eventsTGDS.o)
                0x03804120                setAndEnableSleepModeInSeconds
 .text.enableSleepMode
                0x03804160       0x14 c:/toolchain_generic/6.2_2016q4/arm-eabi/lib/newlib-nano-2.1-nds/\libtoolchaingen7.a(eventsTGDS.o)
                0x03804160                enableSleepMode
 .text.disableSleepMode
                0x03804174       0x14 c:/toolchain_generic/6.2_2016q4/arm-eabi/lib/newlib-nano-2.1-nds/\libtoolchaingen7.a(eventsTGDS.o)
                0x03804174                disableSleepMode
 .text.setupDefaultExceptionHandler
                0x03804188       0x18 c:/toolchain_generic/6.2_2016q4/arm-eabi/lib/newlib-nano-2.1-nds/\libtoolchaingen7.a(exceptionTGDS.o)
                0x03804188                setupDefaultExceptionHandler
 .text.setupCustomExceptionHandler
                0x038041a0       0x24 c:/toolchain_generic/6.2_2016q4/arm-eabi/lib/newlib-nano-2.1-nds/\libtoolchaingen7.a(exceptionTGDS.o)
                0x038041a0                setupCustomExceptionHandler
 .text.exception_sysexit
                0x038041c4       0x4c c:/toolchain_generic/6.2_2016q4/arm-eabi/lib/newlib-nano-2.1-nds/\libtoolchaingen7.a(exceptionTGDS.o)
                0x038041c4                exception_sysexit
 .text.generalARMExceptionHandler
                0x03804210       0x48 c:/toolchain_generic/6.2_2016q4/arm-eabi/lib/newlib-nano-2.1-nds/\libtoolchaingen7.a(exceptionTGDS.o)
                0x03804210                generalARMExceptionHandler
 .text.resetMemory_ARMCores
                0x03804258       0x74 c:/toolchain_generic/6.2_2016q4/arm-eabi/lib/newlib-nano-2.1-nds/\libtoolchaingen7.a(initNDSTGDS.o)
                0x03804258                resetMemory_ARMCores
 .text.initHardware
                0x038042cc       0x60 c:/toolchain_generic/6.2_2016q4/arm-eabi/lib/newlib-nano-2.1-nds/\libtoolchaingen7.a(initNDSTGDS.o)
                0x038042cc                initHardware
 .text.get_iwram_start
                0x0380432c        0xc c:/toolchain_generic/6.2_2016q4/arm-eabi/lib/newlib-nano-2.1-nds/\libtoolchaingen7.a(posixHandleTGDS.o)
                0x0380432c                get_iwram_start
 .text.get_iwram_size
                0x03804338       0x18 c:/toolchain_generic/6.2_2016q4/arm-eabi/lib/newlib-nano-2.1-nds/\libtoolchaingen7.a(posixHandleTGDS.o)
                0x03804338                get_iwram_size
 .text.get_iwram_end
                0x03804350        0xc c:/toolchain_generic/6.2_2016q4/arm-eabi/lib/newlib-nano-2.1-nds/\libtoolchaingen7.a(posixHandleTGDS.o)
                0x03804350                get_iwram_end
 .text.get_lma_libend
                0x0380435c        0xc c:/toolchain_generic/6.2_2016q4/arm-eabi/lib/newlib-nano-2.1-nds/\libtoolchaingen7.a(posixHandleTGDS.o)
                0x0380435c                get_lma_libend
 .text.get_lma_wramend
                0x03804368        0xc c:/toolchain_generic/6.2_2016q4/arm-eabi/lib/newlib-nano-2.1-nds/\libtoolchaingen7.a(posixHandleTGDS.o)
                0x03804368                get_lma_wramend
 .text.printf7  0x03804374       0xdc c:/toolchain_generic/6.2_2016q4/arm-eabi/lib/newlib-nano-2.1-nds/\libtoolchaingen7.a(posixHandleTGDS.o)
                0x03804374                printf7
 .text.writeDebugBuffer7
                0x03804450       0xb4 c:/toolchain_generic/6.2_2016q4/arm-eabi/lib/newlib-nano-2.1-nds/\libtoolchaingen7.a(posixHandleTGDS.o)
                0x03804450                writeDebugBuffer7
 .text.setTGDSARM7MallocBaseAddress
                0x03804504       0x10 c:/toolchain_generic/6.2_2016q4/arm-eabi/lib/newlib-nano-2.1-nds/\libtoolchaingen7.a(posixHandleTGDS.o)
                0x03804504                setTGDSARM7MallocBaseAddress
 .text.getTGDSARM7MallocBaseAddress
                0x03804514       0x10 c:/toolchain_generic/6.2_2016q4/arm-eabi/lib/newlib-nano-2.1-nds/\libtoolchaingen7.a(posixHandleTGDS.o)
                0x03804514                getTGDSARM7MallocBaseAddress
 .text.initARM7Malloc
                0x03804524       0x5c c:/toolchain_generic/6.2_2016q4/arm-eabi/lib/newlib-nano-2.1-nds/\libtoolchaingen7.a(posixHandleTGDS.o)
                0x03804524                initARM7Malloc
 .text.ucs2tombs
                0x03804580      0x1d8 c:/toolchain_generic/6.2_2016q4/arm-eabi/lib/newlib-nano-2.1-nds/\libtoolchaingen7.a(utilsTGDS.o)
                0x03804580                ucs2tombs
 .text.shutdownNDSHardware
                0x03804758       0x20 c:/toolchain_generic/6.2_2016q4/arm-eabi/lib/newlib-nano-2.1-nds/\libtoolchaingen7.a(utilsTGDS.o)
                0x03804758                shutdownNDSHardware
 .text.setBacklight
                0x03804778       0x30 c:/toolchain_generic/6.2_2016q4/arm-eabi/lib/newlib-nano-2.1-nds/\libtoolchaingen7.a(utilsTGDS.o)
                0x03804778                setBacklight
 .text.checkClipping
                0x038047a8       0x30 c:/toolchain_generic/6.2_2016q4/arm-eabi/lib/newlib-nano-2.1-nds/\libtoolchaingen7.a(ipcfifoTGDS.o)
 .text.Write8bitAddrExtArm
                0x038047d8       0x30 c:/toolchain_generic/6.2_2016q4/arm-eabi/lib/newlib-nano-2.1-nds/\libtoolchaingen7.a(ipcfifoTGDS.o)
                0x038047d8                Write8bitAddrExtArm
 .text.Write16bitAddrExtArm
                0x03804808       0x30 c:/toolchain_generic/6.2_2016q4/arm-eabi/lib/newlib-nano-2.1-nds/\libtoolchaingen7.a(ipcfifoTGDS.o)
                0x03804808                Write16bitAddrExtArm
 .text.Write32bitAddrExtArm
                0x03804838       0x30 c:/toolchain_generic/6.2_2016q4/arm-eabi/lib/newlib-nano-2.1-nds/\libtoolchaingen7.a(ipcfifoTGDS.o)
                0x03804838                Write32bitAddrExtArm
 .text.SendFIFOWords
                0x03804868       0x10 c:/toolchain_generic/6.2_2016q4/arm-eabi/lib/newlib-nano-2.1-nds/\libtoolchaingen7.a(ipcfifoTGDS.o)
                0x03804868                SendFIFOWords
 .text.HandleFifoEmpty
                0x03804878       0x18 c:/toolchain_generic/6.2_2016q4/arm-eabi/lib/newlib-nano-2.1-nds/\libtoolchaingen7.a(ipcfifoTGDS.o)
                0x03804878                HandleFifoEmpty
 .text.HandleFifoNotEmpty
                0x03804890      0xa14 c:/toolchain_generic/6.2_2016q4/arm-eabi/lib/newlib-nano-2.1-nds/\libtoolchaingen7.a(ipcfifoTGDS.o)
                0x03804890                HandleFifoNotEmpty
 .text.ReadMemoryExt
                0x038052a4       0x84 c:/toolchain_generic/6.2_2016q4/arm-eabi/lib/newlib-nano-2.1-nds/\libtoolchaingen7.a(ipcfifoTGDS.o)
                0x038052a4                ReadMemoryExt
 .text.SaveMemoryExt
                0x03805328       0x64 c:/toolchain_generic/6.2_2016q4/arm-eabi/lib/newlib-nano-2.1-nds/\libtoolchaingen7.a(ipcfifoTGDS.o)
                0x03805328                SaveMemoryExt
 .text.ReadFirmwareARM7Ext
                0x0380538c       0x6c c:/toolchain_generic/6.2_2016q4/arm-eabi/lib/newlib-nano-2.1-nds/\libtoolchaingen7.a(ipcfifoTGDS.o)
                0x0380538c                ReadFirmwareARM7Ext
 .text.powerON  0x038053f8       0x20 c:/toolchain_generic/6.2_2016q4/arm-eabi/lib/newlib-nano-2.1-nds/\libtoolchaingen7.a(powerTGDS.o)
                0x038053f8                powerON
 .text.powerOFF
                0x03805418       0x18 c:/toolchain_generic/6.2_2016q4/arm-eabi/lib/newlib-nano-2.1-nds/\libtoolchaingen7.a(powerTGDS.o)
                0x03805418                powerOFF
 .text.SoundPowerON
                0x03805430       0x44 c:/toolchain_generic/6.2_2016q4/arm-eabi/lib/newlib-nano-2.1-nds/\libtoolchaingen7.a(powerTGDS.o)
                0x03805430                SoundPowerON
 .text.readFirmwareSPI
                0x03805474       0x84 c:/toolchain_generic/6.2_2016q4/arm-eabi/lib/newlib-nano-2.1-nds/\libtoolchaingen7.a(spifwTGDS.o)
                0x03805474                readFirmwareSPI
 .text.PowerManagementDeviceWrite
                0x038054f8       0x78 c:/toolchain_generic/6.2_2016q4/arm-eabi/lib/newlib-nano-2.1-nds/\libtoolchaingen7.a(spifwTGDS.o)
                0x038054f8                PowerManagementDeviceWrite
 .text.PowerManagementDeviceRead
                0x03805570        0xc c:/toolchain_generic/6.2_2016q4/arm-eabi/lib/newlib-nano-2.1-nds/\libtoolchaingen7.a(spifwTGDS.o)
                0x03805570                PowerManagementDeviceRead
 .text.ParseFWSettings
                0x0380557c       0x74 c:/toolchain_generic/6.2_2016q4/arm-eabi/lib/newlib-nano-2.1-nds/\libtoolchaingen7.a(usrsettingsTGDS.o)
                0x0380557c                ParseFWSettings
 .text.LoadFirmwareSettingsFromFlash
                0x038055f0       0xd4 c:/toolchain_generic/6.2_2016q4/arm-eabi/lib/newlib-nano-2.1-nds/\libtoolchaingen7.a(usrsettingsTGDS.o)
                0x038055f0                LoadFirmwareSettingsFromFlash
 .text.getLanguage
                0x038056c4       0x14 c:/toolchain_generic/6.2_2016q4/arm-eabi/lib/newlib-nano-2.1-nds/\libtoolchaingen7.a(usrsettingsTGDS.o)
                0x038056c4                getLanguage
 .text.initSound
                0x038056d8       0x14 c:/toolchain_generic/6.2_2016q4/arm-eabi/lib/newlib-nano-2.1-nds/\libtoolchaingen7.a(soundTGDS.o)
                0x038056d8                initSound
 .text.startSoundSample
                0x038056ec      0x10c c:/toolchain_generic/6.2_2016q4/arm-eabi/lib/newlib-nano-2.1-nds/\libtoolchaingen7.a(soundTGDS.o)
                0x038056ec                startSoundSample
 .text.getsoundSampleContextByIndex
                0x038057f8       0x20 c:/toolchain_generic/6.2_2016q4/arm-eabi/lib/newlib-nano-2.1-nds/\libtoolchaingen7.a(soundTGDS.o)
                0x038057f8                getsoundSampleContextByIndex
 .text.freesoundSampleContext
                0x03805818       0x58 c:/toolchain_generic/6.2_2016q4/arm-eabi/lib/newlib-nano-2.1-nds/\libtoolchaingen7.a(soundTGDS.o)
                0x03805818                freesoundSampleContext
 .text.initSoundSampleContext
                0x03805870       0x40 c:/toolchain_generic/6.2_2016q4/arm-eabi/lib/newlib-nano-2.1-nds/\libtoolchaingen7.a(soundTGDS.o)
                0x03805870                initSoundSampleContext
 .text.getFreeSoundSampleContext
                0x038058b0       0x50 c:/toolchain_generic/6.2_2016q4/arm-eabi/lib/newlib-nano-2.1-nds/\libtoolchaingen7.a(soundTGDS.o)
                0x038058b0                getFreeSoundSampleContext
 .text.EnableSoundSampleContext
                0x03805900       0x10 c:/toolchain_generic/6.2_2016q4/arm-eabi/lib/newlib-nano-2.1-nds/\libtoolchaingen7.a(soundTGDS.o)
                0x03805900                EnableSoundSampleContext
 .text.DisableSoundSampleContext
                0x03805910       0x14 c:/toolchain_generic/6.2_2016q4/arm-eabi/lib/newlib-nano-2.1-nds/\libtoolchaingen7.a(soundTGDS.o)
                0x03805910                DisableSoundSampleContext
 .text.mallocData
                0x03805924       0x84 c:/toolchain_generic/6.2_2016q4/arm-eabi/lib/newlib-nano-2.1-nds/\libtoolchaingen7.a(soundTGDS.o)
                0x03805924                mallocData
 .text._Z8freeDatav
                0x038059a8        0x4 c:/toolchain_generic/6.2_2016q4/arm-eabi/lib/newlib-nano-2.1-nds/\libtoolchaingen7.a(soundTGDS.o)
                0x038059a8                _Z8freeDatav
 .text._Z14setSwapChannelv
                0x038059ac       0x9c c:/toolchain_generic/6.2_2016q4/arm-eabi/lib/newlib-nano-2.1-nds/\libtoolchaingen7.a(soundTGDS.o)
                0x038059ac                _Z14setSwapChannelv
 .text.setupSound
                0x03805a48      0x178 c:/toolchain_generic/6.2_2016q4/arm-eabi/lib/newlib-nano-2.1-nds/\libtoolchaingen7.a(soundTGDS.o)
                0x03805a48                setupSound
 .text.stopSound
                0x03805bc0       0x44 c:/toolchain_generic/6.2_2016q4/arm-eabi/lib/newlib-nano-2.1-nds/\libtoolchaingen7.a(soundTGDS.o)
                0x03805bc0                stopSound
 .text.NDS_IRQHandler
                0x03805c04      0x3a0 c:/toolchain_generic/6.2_2016q4/arm-eabi/lib/newlib-nano-2.1-nds/\libtoolchaingen7.a(InterruptsARMCores_c.o)
                0x03805c04                NDS_IRQHandler
 .text.IRQInit  0x03805fa4       0xac c:/toolchain_generic/6.2_2016q4/arm-eabi/lib/newlib-nano-2.1-nds/\libtoolchaingen7.a(InterruptsARMCores_c.o)
                0x03805fa4                IRQInit
 .text.EnableIrq
                0x03806050       0x14 c:/toolchain_generic/6.2_2016q4/arm-eabi/lib/newlib-nano-2.1-nds/\libtoolchaingen7.a(InterruptsARMCores_c.o)
                0x03806050                EnableIrq
 .text.DisableIrq
                0x03806064       0x14 c:/toolchain_generic/6.2_2016q4/arm-eabi/lib/newlib-nano-2.1-nds/\libtoolchaingen7.a(InterruptsARMCores_c.o)
                0x03806064                DisableIrq
 .text.XmemSetup
                0x03806078       0x1c c:/toolchain_generic/6.2_2016q4/arm-eabi/lib/newlib-nano-2.1-nds/\libtoolchaingen7.a(xmem.o)
                0x03806078                XmemSetup
 .text.XmemInit
                0x03806094       0xc0 c:/toolchain_generic/6.2_2016q4/arm-eabi/lib/newlib-nano-2.1-nds/\libtoolchaingen7.a(xmem.o)
                0x03806094                XmemInit
 .text.Xfree    0x03806154       0x8c c:/toolchain_generic/6.2_2016q4/arm-eabi/lib/newlib-nano-2.1-nds/\libtoolchaingen7.a(xmem.o)
                0x03806154                Xfree
 .text.XMEM_FreeMem
                0x038061e0       0x4c c:/toolchain_generic/6.2_2016q4/arm-eabi/lib/newlib-nano-2.1-nds/\libtoolchaingen7.a(xmem.o)
                0x038061e0                XMEM_FreeMem
 .text.Xmalloc  0x0380622c      0x130 c:/toolchain_generic/6.2_2016q4/arm-eabi/lib/newlib-nano-2.1-nds/\libtoolchaingen7.a(xmem.o)
                0x0380622c                Xmalloc
 .text.Xcalloc  0x0380635c       0x48 c:/toolchain_generic/6.2_2016q4/arm-eabi/lib/newlib-nano-2.1-nds/\libtoolchaingen7.a(xmem.o)
                0x0380635c                Xcalloc
 .text.ARM7FS_GetFileSize
                0x038063a4       0x10 c:/toolchain_generic/6.2_2016q4/arm-eabi/lib/newlib-nano-2.1-nds/\libtoolchaingen7.a(ARM7FS.o)
                0x038063a4                ARM7FS_GetFileSize
 .text.ARM7FS_BufferReadByIRQ
                0x038063b4       0xa4 c:/toolchain_generic/6.2_2016q4/arm-eabi/lib/newlib-nano-2.1-nds/\libtoolchaingen7.a(ARM7FS.o)
                0x038063b4                ARM7FS_BufferReadByIRQ
 .text.ARM7FS_BufferSaveByIRQ
                0x03806458       0x98 c:/toolchain_generic/6.2_2016q4/arm-eabi/lib/newlib-nano-2.1-nds/\libtoolchaingen7.a(ARM7FS.o)
                0x03806458                ARM7FS_BufferSaveByIRQ
 .text.performARM7MP2FSTestCase
                0x038064f0      0x13c c:/toolchain_generic/6.2_2016q4/arm-eabi/lib/newlib-nano-2.1-nds/\libtoolchaingen7.a(ARM7FS.o)
                0x038064f0                performARM7MP2FSTestCase
 .text.initARM7FS
                0x0380662c       0x28 c:/toolchain_generic/6.2_2016q4/arm-eabi/lib/newlib-nano-2.1-nds/\libtoolchaingen7.a(ARM7FS.o)
                0x0380662c                initARM7FS
 .text.deinitARM7FS
                0x03806654        0x4 c:/toolchain_generic/6.2_2016q4/arm-eabi/lib/newlib-nano-2.1-nds/\libtoolchaingen7.a(ARM7FS.o)
                0x03806654                deinitARM7FS
 .text.DeInitWIFI
                0x03806658       0x10 c:/toolchain_generic/6.2_2016q4/arm-eabi/lib/newlib-nano-2.1-nds/\libtoolchaingen7.a(wifi_shared.o)
                0x03806658                DeInitWIFI
 .text.dmaFillWord
                0x03806668       0x40 c:/toolchain_generic/6.2_2016q4/arm-eabi/lib/newlib-nano-2.1-nds/\libtoolchaingen7.a(dmaTGDS.o)
                0x03806668                dmaFillWord
 .text.dmaFillHalfWord
                0x038066a8       0x40 c:/toolchain_generic/6.2_2016q4/arm-eabi/lib/newlib-nano-2.1-nds/\libtoolchaingen7.a(dmaTGDS.o)
                0x038066a8                dmaFillHalfWord
 .text.dmaTransferHalfWord
                0x038066e8       0x34 c:/toolchain_generic/6.2_2016q4/arm-eabi/lib/newlib-nano-2.1-nds/\libtoolchaingen7.a(dmaTGDS.o)
                0x038066e8                dmaTransferHalfWord
 .text.dmaTransferWord
                0x0380671c       0x34 c:/toolchain_generic/6.2_2016q4/arm-eabi/lib/newlib-nano-2.1-nds/\libtoolchaingen7.a(dmaTGDS.o)
                0x0380671c                dmaTransferWord
 .text.SPICSHIGH
                0x03806750       0x14 c:/toolchain_generic/6.2_2016q4/arm-eabi/lib/newlib-nano-2.1-nds/\libtoolchaingen7.a(spiTGDS.o)
                0x03806750                SPICSHIGH
 .text.SPIWAITCNT
                0x03806764       0x18 c:/toolchain_generic/6.2_2016q4/arm-eabi/lib/newlib-nano-2.1-nds/\libtoolchaingen7.a(spiTGDS.o)
                0x03806764                SPIWAITCNT
 .text.RWSPICNT
                0x0380677c       0x24 c:/toolchain_generic/6.2_2016q4/arm-eabi/lib/newlib-nano-2.1-nds/\libtoolchaingen7.a(spiTGDS.o)
                0x0380677c                RWSPICNT
 .text.doSPIARM7IO
                0x038067a0       0x88 c:/toolchain_generic/6.2_2016q4/arm-eabi/lib/newlib-nano-2.1-nds/\libtoolchaingen7.a(spitscTGDS.o)
                0x038067a0                doSPIARM7IO
 .text.penIRQread
                0x03806828       0x1c c:/toolchain_generic/6.2_2016q4/arm-eabi/lib/newlib-nano-2.1-nds/\libtoolchaingen7.a(spitscTGDS.o)
                0x03806828                penIRQread
 .text.XYReadPos
                0x03806844      0x194 c:/toolchain_generic/6.2_2016q4/arm-eabi/lib/newlib-nano-2.1-nds/\libtoolchaingen7.a(spitscTGDS.o)
                0x03806844                XYReadPos
 .text.XYReadScrPos
                0x038069d8       0x48 c:/toolchain_generic/6.2_2016q4/arm-eabi/lib/newlib-nano-2.1-nds/\libtoolchaingen7.a(spitscTGDS.o)
                0x038069d8                XYReadScrPos
 .text.rtcTransaction
                0x03806a20      0x144 c:/toolchain_generic/6.2_2016q4/arm-eabi/lib/newlib-nano-2.1-nds/\libtoolchaingen7.a(clockTGDS.o)
                0x03806a20                rtcTransaction
 .text.BCDToInt
                0x03806b64       0x18 c:/toolchain_generic/6.2_2016q4/arm-eabi/lib/newlib-nano-2.1-nds/\libtoolchaingen7.a(clockTGDS.o)
                0x03806b64                BCDToInt
 .text.yrsize   0x03806b7c       0x5c c:/toolchain_generic/6.2_2016q4/arm-eabi/lib/newlib-nano-2.1-nds/\libtoolchaingen7.a(clockTGDS.o)
                0x03806b7c                yrsize
 .text.tm2sec   0x03806bd8       0xa0 c:/toolchain_generic/6.2_2016q4/arm-eabi/lib/newlib-nano-2.1-nds/\libtoolchaingen7.a(clockTGDS.o)
                0x03806bd8                tm2sec
 .text.get_nds_seconds
                0x03806c78       0xcc c:/toolchain_generic/6.2_2016q4/arm-eabi/lib/newlib-nano-2.1-nds/\libtoolchaingen7.a(clockTGDS.o)
                0x03806c78                get_nds_seconds
 .text.nds_get_time7
                0x03806d44       0x5c c:/toolchain_generic/6.2_2016q4/arm-eabi/lib/newlib-nano-2.1-nds/\libtoolchaingen7.a(clockTGDS.o)
                0x03806d44                nds_get_time7
 .text.sec2tm   0x03806da0       0xbc c:/toolchain_generic/6.2_2016q4/arm-eabi/lib/newlib-nano-2.1-nds/\libtoolchaingen7.a(clockTGDS.o)
                0x03806da0                sec2tm
 .text.nds_set_time7
                0x03806e5c       0x6c c:/toolchain_generic/6.2_2016q4/arm-eabi/lib/newlib-nano-2.1-nds/\libtoolchaingen7.a(clockTGDS.o)
                0x03806e5c                nds_set_time7
 .text.getNDSRTCInSeconds
                0x03806ec8       0x10 c:/toolchain_generic/6.2_2016q4/arm-eabi/lib/newlib-nano-2.1-nds/\libtoolchaingen7.a(clockTGDS.o)
                0x03806ec8                getNDSRTCInSeconds
 .text.getTime  0x03806ed8        0xc c:/toolchain_generic/6.2_2016q4/arm-eabi/lib/newlib-nano-2.1-nds/\libtoolchaingen7.a(clockTGDS.o)
                0x03806ed8                getTime
 .text.TGDSgetDayOfWeek
                0x03806ee4       0x10 c:/toolchain_generic/6.2_2016q4/arm-eabi/lib/newlib-nano-2.1-nds/\libtoolchaingen7.a(clockTGDS.o)
                0x03806ee4                TGDSgetDayOfWeek
 .text.TGDSsetDayOfWeek
                0x03806ef4       0x10 c:/toolchain_generic/6.2_2016q4/arm-eabi/lib/newlib-nano-2.1-nds/\libtoolchaingen7.a(clockTGDS.o)
                0x03806ef4                TGDSsetDayOfWeek
 .text.__aeabi_idiv
                0x03806f04       0x70 c:/toolchain_generic/6.2_2016q4/arm-eabi/lib/newlib-nano-2.1-nds/\libcnano7.a(__aeabi_idiv.o)
                0x03806f04                __aeabi_idiv
 .text.__aeabi_uidiv
                0x03806f74       0x14 c:/toolchain_generic/6.2_2016q4/arm-eabi/lib/newlib-nano-2.1-nds/\libcnano7.a(__aeabi_uidiv.o)
                0x03806f74                __aeabi_uidiv
 .text.__udivmodsi4
                0x03806f88       0x58 c:/toolchain_generic/6.2_2016q4/arm-eabi/lib/newlib-nano-2.1-nds/\libcnano7.a(__udivmodsi4.o)
                0x03806f88                __udivmodsi4
 .text.memset   0x03806fe0       0x18 c:/toolchain_generic/6.2_2016q4/arm-eabi/lib/newlib-nano-2.1-nds/\libcnano7.a(memset.o)
                0x03806fe0                memset
 .text.strlen   0x03806ff8       0x20 c:/toolchain_generic/6.2_2016q4/arm-eabi/lib/newlib-nano-2.1-nds/\libcnano7.a(strlen.o)
                0x03806ff8                strlen
 *(.gnu.linkonce.t*)
                0x03807018                . = ALIGN (0x4)
                0x03807018                __text_end__ = .
                0x03807018                __bss_vma_start = .

.glue_7         0x03807018        0x0
 .glue_7        0x00000000        0x0 linker stubs

.glue_7t        0x03807018        0x0
 .glue_7t       0x00000000        0x0 linker stubs

.bss            0x03807018      0xa24
 *(.dynbss*)
 *(.bss)
 .bss           0x03807018        0x0 ./build/nds_arm_ld_crt0.o
 .bss           0x03807018        0x0 c:/toolchain_generic/6.2_2016q4/bin/../lib/gcc/arm-eabi/4.9.2/crti.o
 .bss           0x03807018       0x1c c:/toolchain_generic/6.2_2016q4/bin/../lib/gcc/arm-eabi/4.9.2/crtbegin.o
 .bss           0x03807034        0x0 build/main.o
 .bss           0x03807034        0x0 build/Interrupts_app7.o
 .bss           0x03807034        0x0 build/dswnifi.o
 .bss           0x03807034        0x0 build/ipcfifoTGDSUser.o
 .bss           0x03807034        0x0 build/loader.o
 .bss           0x03807034        0x0 c:/toolchain_generic/6.2_2016q4/arm-eabi/lib/newlib-nano-2.1-nds/\libtoolchaingen7.a(wifi_arm7.o)
 .bss           0x03807034        0x0 c:/toolchain_generic/6.2_2016q4/arm-eabi/lib/newlib-nano-2.1-nds/\libtoolchaingen7.a(biosTGDSC.o)
 .bss           0x03807034        0x0 c:/toolchain_generic/6.2_2016q4/arm-eabi/lib/newlib-nano-2.1-nds/\libtoolchaingen7.a(eventsTGDS.o)
 .bss           0x03807034        0x0 c:/toolchain_generic/6.2_2016q4/arm-eabi/lib/newlib-nano-2.1-nds/\libtoolchaingen7.a(exceptionTGDS.o)
 .bss           0x03807034        0x0 c:/toolchain_generic/6.2_2016q4/arm-eabi/lib/newlib-nano-2.1-nds/\libtoolchaingen7.a(initNDSTGDS.o)
 .bss           0x03807034        0x0 c:/toolchain_generic/6.2_2016q4/arm-eabi/lib/newlib-nano-2.1-nds/\libtoolchaingen7.a(posixHandleTGDS.o)
 .bss           0x03807034        0x0 c:/toolchain_generic/6.2_2016q4/arm-eabi/lib/newlib-nano-2.1-nds/\libtoolchaingen7.a(utilsTGDS.o)
 .bss           0x03807034        0x0 c:/toolchain_generic/6.2_2016q4/arm-eabi/lib/newlib-nano-2.1-nds/\libtoolchaingen7.a(ipcfifoTGDS.o)
 .bss           0x03807034        0x0 c:/toolchain_generic/6.2_2016q4/arm-eabi/lib/newlib-nano-2.1-nds/\libtoolchaingen7.a(powerTGDS.o)
 .bss           0x03807034        0x0 c:/toolchain_generic/6.2_2016q4/arm-eabi/lib/newlib-nano-2.1-nds/\libtoolchaingen7.a(spifwTGDS.o)
 .bss           0x03807034        0x0 c:/toolchain_generic/6.2_2016q4/arm-eabi/lib/newlib-nano-2.1-nds/\libtoolchaingen7.a(usrsettingsTGDS.o)
 .bss           0x03807034        0x0 c:/toolchain_generic/6.2_2016q4/arm-eabi/lib/newlib-nano-2.1-nds/\libtoolchaingen7.a(spinlockTGDS.o)
 .bss           0x03807034        0x0 c:/toolchain_generic/6.2_2016q4/arm-eabi/lib/newlib-nano-2.1-nds/\libtoolchaingen7.a(biosTGDSAsm.o)
 .bss           0x03807034        0x0 c:/toolchain_generic/6.2_2016q4/arm-eabi/lib/newlib-nano-2.1-nds/\libtoolchaingen7.a(exceptionTGDSasm.o)
 .bss           0x03807034        0x0 c:/toolchain_generic/6.2_2016q4/arm-eabi/lib/newlib-nano-2.1-nds/\libtoolchaingen7.a(InterruptsARMCores_s.o)
 .bss           0x03807034        0x0 c:/toolchain_generic/6.2_2016q4/arm-eabi/lib/newlib-nano-2.1-nds/\libtoolchaingen7.a(soundTGDS.o)
 .bss           0x03807034        0x0 c:/toolchain_generic/6.2_2016q4/arm-eabi/lib/newlib-nano-2.1-nds/\libtoolchaingen7.a(InterruptsARMCores_c.o)
 .bss           0x03807034        0x0 c:/toolchain_generic/6.2_2016q4/arm-eabi/lib/newlib-nano-2.1-nds/\libtoolchaingen7.a(xmem.o)
 .bss           0x03807034        0x0 c:/toolchain_generic/6.2_2016q4/arm-eabi/lib/newlib-nano-2.1-nds/\libtoolchaingen7.a(ARM7FS.o)
 .bss           0x03807034        0x0 c:/toolchain_generic/6.2_2016q4/arm-eabi/lib/newlib-nano-2.1-nds/\libtoolchaingen7.a(wifi_shared.o)
 .bss           0x03807034        0x0 c:/toolchain_generic/6.2_2016q4/arm-eabi/lib/newlib-nano-2.1-nds/\libtoolchaingen7.a(dmaTGDS.o)
 .bss           0x03807034        0x0 c:/toolchain_generic/6.2_2016q4/arm-eabi/lib/newlib-nano-2.1-nds/\libtoolchaingen7.a(spiTGDS.o)
 .bss           0x03807034        0x0 c:/toolchain_generic/6.2_2016q4/arm-eabi/lib/newlib-nano-2.1-nds/\libtoolchaingen7.a(spitscTGDS.o)
 .bss           0x03807034        0x0 c:/toolchain_generic/6.2_2016q4/arm-eabi/lib/newlib-nano-2.1-nds/\libtoolchaingen7.a(clockTGDS.o)
 .bss           0x03807034        0x0 c:/toolchain_generic/6.2_2016q4/arm-eabi/lib/newlib-nano-2.1-nds/\libcnano7.a(__aeabi_idiv.o)
 .bss           0x03807034        0x0 c:/toolchain_generic/6.2_2016q4/arm-eabi/lib/newlib-nano-2.1-nds/\libcnano7.a(__aeabi_uidiv.o)
 .bss           0x03807034        0x0 c:/toolchain_generic/6.2_2016q4/arm-eabi/lib/newlib-nano-2.1-nds/\libcnano7.a(__udivmodsi4.o)
 .bss           0x03807034        0x0 c:/toolchain_generic/6.2_2016q4/arm-eabi/lib/newlib-nano-2.1-nds/\libcnano7.a(memset.o)
 .bss           0x03807034        0x0 c:/toolchain_generic/6.2_2016q4/arm-eabi/lib/newlib-nano-2.1-nds/\libcnano7.a(strlen.o)
 .bss           0x03807034        0x0 c:/toolchain_generic/6.2_2016q4/arm-eabi/lib/newlib-nano-2.1-nds/\libcnano7.a(__aeabi_idivmod.o)
 .bss           0x03807034        0x0 c:/toolchain_generic/6.2_2016q4/arm-eabi/lib/newlib-nano-2.1-nds/\libcnano7.a(__aeabi_uidivmod.o)
 .bss           0x03807034        0x0 c:/toolchain_generic/6.2_2016q4/arm-eabi/lib/newlib-nano-2.1-nds/\libcnano7.a(arm-asm-memcpy.o)
 .bss           0x03807034        0x0 c:/toolchain_generic/6.2_2016q4/bin/../lib/gcc/arm-eabi/4.9.2/crtend.o
 .bss           0x03807034        0x0 c:/toolchain_generic/6.2_2016q4/bin/../lib/gcc/arm-eabi/4.9.2/crtn.o
 *(.gnu.linkonce.b*.)
 *(COMMON)
 COMMON         0x03807034      0xa00 c:/toolchain_generic/6.2_2016q4/arm-eabi/lib/newlib-nano-2.1-nds/\libtoolchaingen7.a(wifi_arm7.o)
                0x03807034                arm7q
                0x03807834                FlashData
 COMMON         0x03807a34        0x8 c:/toolchain_generic/6.2_2016q4/arm-eabi/lib/newlib-nano-2.1-nds/\libtoolchaingen7.a(xmem.o)
                0x03807a34                xmem_table
                0x03807a38                xmem_blocks
                0x03807a3c                . = ALIGN (0x4)
                0x03807a3c                __bss_vma_end = .
                0x03807a3c                __sbss_start__ = .

.bss.arm7qlen   0x03807a3c        0x2
 .bss.arm7qlen  0x03807a3c        0x2 c:/toolchain_generic/6.2_2016q4/arm-eabi/lib/newlib-nano-2.1-nds/\libtoolchaingen7.a(wifi_arm7.o)
                0x03807a3c                arm7qlen

.bss.led_state  0x03807a40        0x4
 .bss.led_state
                0x03807a40        0x4 c:/toolchain_generic/6.2_2016q4/arm-eabi/lib/newlib-nano-2.1-nds/\libtoolchaingen7.a(wifi_arm7.o)
                0x03807a40                led_state

.bss.chdata_save5
                0x03807a44        0x4
 .bss.chdata_save5
                0x03807a44        0x4 c:/toolchain_generic/6.2_2016q4/arm-eabi/lib/newlib-nano-2.1-nds/\libtoolchaingen7.a(wifi_arm7.o)
                0x03807a44                chdata_save5

.bss.synchandler
                0x03807a48        0x4
 .bss.synchandler
                0x03807a48        0x4 c:/toolchain_generic/6.2_2016q4/arm-eabi/lib/newlib-nano-2.1-nds/\libtoolchaingen7.a(wifi_arm7.o)
                0x03807a48                synchandler

.bss.WifiData   0x03807a4c        0x4
 .bss.WifiData  0x03807a4c        0x4 c:/toolchain_generic/6.2_2016q4/arm-eabi/lib/newlib-nano-2.1-nds/\libtoolchaingen7.a(wifi_arm7.o)
                0x03807a4c                WifiData

.bss.keepalive_time
                0x03807a50        0x4
 .bss.keepalive_time
                0x03807a50        0x4 c:/toolchain_generic/6.2_2016q4/arm-eabi/lib/newlib-nano-2.1-nds/\libtoolchaingen7.a(wifi_arm7.o)
                0x03807a50                keepalive_time

.bss.isArm7ClosedLid
                0x03807a54        0x1
 .bss.isArm7ClosedLid
                0x03807a54        0x1 c:/toolchain_generic/6.2_2016q4/arm-eabi/lib/newlib-nano-2.1-nds/\libtoolchaingen7.a(biosTGDSC.o)
                0x03807a54                isArm7ClosedLid

.bss.sleepModeEnabled
                0x03807a55        0x1
 .bss.sleepModeEnabled
                0x03807a55        0x1 c:/toolchain_generic/6.2_2016q4/arm-eabi/lib/newlib-nano-2.1-nds/\libtoolchaingen7.a(eventsTGDS.o)
                0x03807a55                sleepModeEnabled

.bss.dsvcount   0x03807a58        0x4
 .bss.dsvcount  0x03807a58        0x4 c:/toolchain_generic/6.2_2016q4/arm-eabi/lib/newlib-nano-2.1-nds/\libtoolchaingen7.a(eventsTGDS.o)
                0x03807a58                dsvcount

.bss.eventsTGDSActive
                0x03807a5c        0x1
 .bss.eventsTGDSActive
                0x03807a5c        0x1 c:/toolchain_generic/6.2_2016q4/arm-eabi/lib/newlib-nano-2.1-nds/\libtoolchaingen7.a(eventsTGDS.o)
                0x03807a5c                eventsTGDSActive

.bss.sleepModeTimeout
                0x03807a60        0x4
 .bss.sleepModeTimeout
                0x03807a60        0x4 c:/toolchain_generic/6.2_2016q4/arm-eabi/lib/newlib-nano-2.1-nds/\libtoolchaingen7.a(eventsTGDS.o)
                0x03807a60                sleepModeTimeout

.bss.secondsPassed
                0x03807a64        0x4
 .bss.secondsPassed
                0x03807a64        0x4 c:/toolchain_generic/6.2_2016q4/arm-eabi/lib/newlib-nano-2.1-nds/\libtoolchaingen7.a(eventsTGDS.o)
                0x03807a64                secondsPassed

.bss.CustomHandler
                0x03807a68        0x4
 .bss.CustomHandler
                0x03807a68        0x4 c:/toolchain_generic/6.2_2016q4/arm-eabi/lib/newlib-nano-2.1-nds/\libtoolchaingen7.a(exceptionTGDS.o)
                0x03807a68                CustomHandler

.bss.exceptionArmRegsShared
                0x03807a6c        0x4
 .bss.exceptionArmRegsShared
                0x03807a6c        0x4 c:/toolchain_generic/6.2_2016q4/arm-eabi/lib/newlib-nano-2.1-nds/\libtoolchaingen7.a(exceptionTGDS.o)
                0x03807a6c                exceptionArmRegsShared

.bss.arm7ARGVDebugBufferShared
                0x03807a70        0x4
 .bss.arm7ARGVDebugBufferShared
                0x03807a70        0x4 c:/toolchain_generic/6.2_2016q4/arm-eabi/lib/newlib-nano-2.1-nds/\libtoolchaingen7.a(posixHandleTGDS.o)
                0x03807a70                arm7ARGVDebugBufferShared

.bss.arm7debugBufferShared
                0x03807a74        0x4
 .bss.arm7debugBufferShared
                0x03807a74        0x4 c:/toolchain_generic/6.2_2016q4/arm-eabi/lib/newlib-nano-2.1-nds/\libtoolchaingen7.a(posixHandleTGDS.o)
                0x03807a74                arm7debugBufferShared

.bss.ARM7MallocTop
                0x03807a78        0x4
 .bss.ARM7MallocTop
                0x03807a78        0x4 c:/toolchain_generic/6.2_2016q4/arm-eabi/lib/newlib-nano-2.1-nds/\libtoolchaingen7.a(posixHandleTGDS.o)
                0x03807a78                ARM7MallocTop

.bss.arm7ARGVBufferShared
                0x03807a7c        0x4
 .bss.arm7ARGVBufferShared
                0x03807a7c        0x4 c:/toolchain_generic/6.2_2016q4/arm-eabi/lib/newlib-nano-2.1-nds/\libtoolchaingen7.a(posixHandleTGDS.o)
                0x03807a7c                arm7ARGVBufferShared

.bss.ARM7MallocBaseAddress
                0x03807a80        0x4
 .bss.ARM7MallocBaseAddress
                0x03807a80        0x4 c:/toolchain_generic/6.2_2016q4/arm-eabi/lib/newlib-nano-2.1-nds/\libtoolchaingen7.a(posixHandleTGDS.o)
                0x03807a80                ARM7MallocBaseAddress

.bss.printfBufferShared
                0x03807a84        0x4
 .bss.printfBufferShared
                0x03807a84        0x4 c:/toolchain_generic/6.2_2016q4/arm-eabi/lib/newlib-nano-2.1-nds/\libtoolchaingen7.a(posixHandleTGDS.o)
                0x03807a84                printfBufferShared

.bss.lastL      0x03807a88        0x4
 .bss.lastL     0x03807a88        0x4 c:/toolchain_generic/6.2_2016q4/arm-eabi/lib/newlib-nano-2.1-nds/\libtoolchaingen7.a(soundTGDS.o)
                0x03807a88                lastL

.bss.SoundTGDSCurChannel
                0x03807a8c        0x4
 .bss.SoundTGDSCurChannel
                0x03807a8c        0x4 c:/toolchain_generic/6.2_2016q4/arm-eabi/lib/newlib-nano-2.1-nds/\libtoolchaingen7.a(soundTGDS.o)
                0x03807a8c                SoundTGDSCurChannel

.bss.lastR      0x03807a90        0x4
 .bss.lastR     0x03807a90        0x4 c:/toolchain_generic/6.2_2016q4/arm-eabi/lib/newlib-nano-2.1-nds/\libtoolchaingen7.a(soundTGDS.o)
                0x03807a90                lastR

.bss.strpcmR1   0x03807a94        0x4
 .bss.strpcmR1  0x03807a94        0x4 c:/toolchain_generic/6.2_2016q4/arm-eabi/lib/newlib-nano-2.1-nds/\libtoolchaingen7.a(soundTGDS.o)
                0x03807a94                strpcmR1

.bss.sndRate    0x03807a98        0x4
 .bss.sndRate   0x03807a98        0x4 c:/toolchain_generic/6.2_2016q4/arm-eabi/lib/newlib-nano-2.1-nds/\libtoolchaingen7.a(soundTGDS.o)
                0x03807a98                sndRate

.bss.strpcmR0   0x03807a9c        0x4
 .bss.strpcmR0  0x03807a9c        0x4 c:/toolchain_generic/6.2_2016q4/arm-eabi/lib/newlib-nano-2.1-nds/\libtoolchaingen7.a(soundTGDS.o)
                0x03807a9c                strpcmR0

.bss.strpcmL0   0x03807aa0        0x4
 .bss.strpcmL0  0x03807aa0        0x4 c:/toolchain_generic/6.2_2016q4/arm-eabi/lib/newlib-nano-2.1-nds/\libtoolchaingen7.a(soundTGDS.o)
                0x03807aa0                strpcmL0

.bss.strpcmL1   0x03807aa4        0x4
 .bss.strpcmL1  0x03807aa4        0x4 c:/toolchain_generic/6.2_2016q4/arm-eabi/lib/newlib-nano-2.1-nds/\libtoolchaingen7.a(soundTGDS.o)
                0x03807aa4                strpcmL1

.bss.soundSampleContextCurrentMode
                0x03807aa8        0x4
 .bss.soundSampleContextCurrentMode
                0x03807aa8        0x4 c:/toolchain_generic/6.2_2016q4/arm-eabi/lib/newlib-nano-2.1-nds/\libtoolchaingen7.a(soundTGDS.o)
                0x03807aa8                soundSampleContextCurrentMode

.bss.sndCursor  0x03807aac        0x4
 .bss.sndCursor
                0x03807aac        0x4 c:/toolchain_generic/6.2_2016q4/arm-eabi/lib/newlib-nano-2.1-nds/\libtoolchaingen7.a(soundTGDS.o)
                0x03807aac                sndCursor

.bss.sampleLen  0x03807ab0        0x4
 .bss.sampleLen
                0x03807ab0        0x4 c:/toolchain_generic/6.2_2016q4/arm-eabi/lib/newlib-nano-2.1-nds/\libtoolchaingen7.a(soundTGDS.o)
                0x03807ab0                sampleLen

.bss.micBufLoc  0x03807ab4        0x4
 .bss.micBufLoc
                0x03807ab4        0x4 c:/toolchain_generic/6.2_2016q4/arm-eabi/lib/newlib-nano-2.1-nds/\libtoolchaingen7.a(soundTGDS.o)
                0x03807ab4                micBufLoc

.bss.XMEM_TABLESIZE
                0x03807ab8        0x4
 .bss.XMEM_TABLESIZE
                0x03807ab8        0x4 c:/toolchain_generic/6.2_2016q4/arm-eabi/lib/newlib-nano-2.1-nds/\libtoolchaingen7.a(xmem.o)
                0x03807ab8                XMEM_TABLESIZE

.bss.XMEM_BLOCKCOUNT
                0x03807abc        0x4
 .bss.XMEM_BLOCKCOUNT
                0x03807abc        0x4 c:/toolchain_generic/6.2_2016q4/arm-eabi/lib/newlib-nano-2.1-nds/\libtoolchaingen7.a(xmem.o)
                0x03807abc                XMEM_BLOCKCOUNT

.bss.ARM7FS_HandleMethod
                0x03807ac0        0x4
 .bss.ARM7FS_HandleMethod
                0x03807ac0        0x4 c:/toolchain_generic/6.2_2016q4/arm-eabi/lib/newlib-nano-2.1-nds/\libtoolchaingen7.a(ARM7FS.o)
                0x03807ac0                ARM7FS_HandleMethod

.bss.LastTSCPosX
                0x03807ac4        0x4
 .bss.LastTSCPosX
                0x03807ac4        0x4 c:/toolchain_generic/6.2_2016q4/arm-eabi/lib/newlib-nano-2.1-nds/\libtoolchaingen7.a(spitscTGDS.o)

.bss.LastTSCPosY
                0x03807ac8        0x4
 .bss.LastTSCPosY
                0x03807ac8        0x4 c:/toolchain_generic/6.2_2016q4/arm-eabi/lib/newlib-nano-2.1-nds/\libtoolchaingen7.a(spitscTGDS.o)

.sbss           0x03807acc        0x0
 *(.sbss*)
                0x03807acc                . = ALIGN (0x4)
                0x03807acc                __sbss_vma_end = .
                0x03807acc                __data_start__ = .

.data           0x03807acc      0x194
 *(.data)
 .data          0x03807acc        0x0 ./build/nds_arm_ld_crt0.o
 .data          0x03807acc        0x0 c:/toolchain_generic/6.2_2016q4/bin/../lib/gcc/arm-eabi/4.9.2/crti.o
 .data          0x03807acc        0x4 c:/toolchain_generic/6.2_2016q4/bin/../lib/gcc/arm-eabi/4.9.2/crtbegin.o
                0x03807acc                __dso_handle
 .data          0x03807ad0        0x0 build/main.o
 .data          0x03807ad0        0x0 build/Interrupts_app7.o
 .data          0x03807ad0        0x0 build/dswnifi.o
 .data          0x03807ad0        0x0 build/ipcfifoTGDSUser.o
 .data          0x03807ad0        0x0 build/loader.o
 .data          0x03807ad0        0x0 c:/toolchain_generic/6.2_2016q4/arm-eabi/lib/newlib-nano-2.1-nds/\libtoolchaingen7.a(wifi_arm7.o)
 .data          0x03807ad0        0x0 c:/toolchain_generic/6.2_2016q4/arm-eabi/lib/newlib-nano-2.1-nds/\libtoolchaingen7.a(biosTGDSC.o)
 .data          0x03807ad0        0x0 c:/toolchain_generic/6.2_2016q4/arm-eabi/lib/newlib-nano-2.1-nds/\libtoolchaingen7.a(eventsTGDS.o)
 .data          0x03807ad0        0x0 c:/toolchain_generic/6.2_2016q4/arm-eabi/lib/newlib-nano-2.1-nds/\libtoolchaingen7.a(exceptionTGDS.o)
 .data          0x03807ad0        0x0 c:/toolchain_generic/6.2_2016q4/arm-eabi/lib/newlib-nano-2.1-nds/\libtoolchaingen7.a(initNDSTGDS.o)
 .data          0x03807ad0        0x0 c:/toolchain_generic/6.2_2016q4/arm-eabi/lib/newlib-nano-2.1-nds/\libtoolchaingen7.a(posixHandleTGDS.o)
 .data          0x03807ad0        0x0 c:/toolchain_generic/6.2_2016q4/arm-eabi/lib/newlib-nano-2.1-nds/\libtoolchaingen7.a(utilsTGDS.o)
 .data          0x03807ad0        0x0 c:/toolchain_generic/6.2_2016q4/arm-eabi/lib/newlib-nano-2.1-nds/\libtoolchaingen7.a(ipcfifoTGDS.o)
 .data          0x03807ad0        0x0 c:/toolchain_generic/6.2_2016q4/arm-eabi/lib/newlib-nano-2.1-nds/\libtoolchaingen7.a(powerTGDS.o)
 .data          0x03807ad0        0x0 c:/toolchain_generic/6.2_2016q4/arm-eabi/lib/newlib-nano-2.1-nds/\libtoolchaingen7.a(spifwTGDS.o)
 .data          0x03807ad0        0x0 c:/toolchain_generic/6.2_2016q4/arm-eabi/lib/newlib-nano-2.1-nds/\libtoolchaingen7.a(usrsettingsTGDS.o)
 .data          0x03807ad0        0x0 c:/toolchain_generic/6.2_2016q4/arm-eabi/lib/newlib-nano-2.1-nds/\libtoolchaingen7.a(spinlockTGDS.o)
 .data          0x03807ad0        0x0 c:/toolchain_generic/6.2_2016q4/arm-eabi/lib/newlib-nano-2.1-nds/\libtoolchaingen7.a(biosTGDSAsm.o)
 .data          0x03807ad0        0x0 c:/toolchain_generic/6.2_2016q4/arm-eabi/lib/newlib-nano-2.1-nds/\libtoolchaingen7.a(exceptionTGDSasm.o)
 .data          0x03807ad0        0x0 c:/toolchain_generic/6.2_2016q4/arm-eabi/lib/newlib-nano-2.1-nds/\libtoolchaingen7.a(InterruptsARMCores_s.o)
 .data          0x03807ad0        0x0 c:/toolchain_generic/6.2_2016q4/arm-eabi/lib/newlib-nano-2.1-nds/\libtoolchaingen7.a(soundTGDS.o)
 .data          0x03807ad0        0x0 c:/toolchain_generic/6.2_2016q4/arm-eabi/lib/newlib-nano-2.1-nds/\libtoolchaingen7.a(InterruptsARMCores_c.o)
 .data          0x03807ad0        0x0 c:/toolchain_generic/6.2_2016q4/arm-eabi/lib/newlib-nano-2.1-nds/\libtoolchaingen7.a(xmem.o)
 .data          0x03807ad0        0x0 c:/toolchain_generic/6.2_2016q4/arm-eabi/lib/newlib-nano-2.1-nds/\libtoolchaingen7.a(ARM7FS.o)
 .data          0x03807ad0        0x0 c:/toolchain_generic/6.2_2016q4/arm-eabi/lib/newlib-nano-2.1-nds/\libtoolchaingen7.a(wifi_shared.o)
 .data          0x03807ad0        0x0 c:/toolchain_generic/6.2_2016q4/arm-eabi/lib/newlib-nano-2.1-nds/\libtoolchaingen7.a(dmaTGDS.o)
 .data          0x03807ad0        0x0 c:/toolchain_generic/6.2_2016q4/arm-eabi/lib/newlib-nano-2.1-nds/\libtoolchaingen7.a(spiTGDS.o)
 .data          0x03807ad0        0x0 c:/toolchain_generic/6.2_2016q4/arm-eabi/lib/newlib-nano-2.1-nds/\libtoolchaingen7.a(spitscTGDS.o)
 .data          0x03807ad0        0x0 c:/toolchain_generic/6.2_2016q4/arm-eabi/lib/newlib-nano-2.1-nds/\libtoolchaingen7.a(clockTGDS.o)
 .data          0x03807ad0        0x0 c:/toolchain_generic/6.2_2016q4/arm-eabi/lib/newlib-nano-2.1-nds/\libcnano7.a(__aeabi_idiv.o)
 .data          0x03807ad0        0x0 c:/toolchain_generic/6.2_2016q4/arm-eabi/lib/newlib-nano-2.1-nds/\libcnano7.a(__aeabi_uidiv.o)
 .data          0x03807ad0        0x0 c:/toolchain_generic/6.2_2016q4/arm-eabi/lib/newlib-nano-2.1-nds/\libcnano7.a(__udivmodsi4.o)
 .data          0x03807ad0        0x0 c:/toolchain_generic/6.2_2016q4/arm-eabi/lib/newlib-nano-2.1-nds/\libcnano7.a(memset.o)
 .data          0x03807ad0        0x0 c:/toolchain_generic/6.2_2016q4/arm-eabi/lib/newlib-nano-2.1-nds/\libcnano7.a(strlen.o)
 .data          0x03807ad0        0x0 c:/toolchain_generic/6.2_2016q4/arm-eabi/lib/newlib-nano-2.1-nds/\libcnano7.a(__aeabi_idivmod.o)
 .data          0x03807ad0        0x0 c:/toolchain_generic/6.2_2016q4/arm-eabi/lib/newlib-nano-2.1-nds/\libcnano7.a(__aeabi_uidivmod.o)
 .data          0x03807ad0        0x0 c:/toolchain_generic/6.2_2016q4/arm-eabi/lib/newlib-nano-2.1-nds/\libcnano7.a(arm-asm-memcpy.o)
 .data          0x03807ad0        0x0 c:/toolchain_generic/6.2_2016q4/bin/../lib/gcc/arm-eabi/4.9.2/crtend.o
 .data          0x03807ad0        0x0 c:/toolchain_generic/6.2_2016q4/bin/../lib/gcc/arm-eabi/4.9.2/crtn.o
 *(.data.*)
 .data.count_ofs_list
                0x03807ad0       0x24 c:/toolchain_generic/6.2_2016q4/arm-eabi/lib/newlib-nano-2.1-nds/\libtoolchaingen7.a(wifi_arm7.o)
                0x03807ad0                count_ofs_list
 .data.MAC_Vallist
                0x03807af4       0x58 c:/toolchain_generic/6.2_2016q4/arm-eabi/lib/newlib-nano-2.1-nds/\libtoolchaingen7.a(wifi_arm7.o)
                0x03807af4                MAC_Vallist
 .data.RF_Reglist
                0x03807b4c       0x40 c:/toolchain_generic/6.2_2016q4/arm-eabi/lib/newlib-nano-2.1-nds/\libtoolchaingen7.a(wifi_arm7.o)
                0x03807b4c                RF_Reglist
 .data.MAC_Reglist
                0x03807b8c       0x58 c:/toolchain_generic/6.2_2016q4/arm-eabi/lib/newlib-nano-2.1-nds/\libtoolchaingen7.a(wifi_arm7.o)
                0x03807b8c                MAC_Reglist
 .data.TGDSEvent
                0x03807be4        0x4 c:/toolchain_generic/6.2_2016q4/arm-eabi/lib/newlib-nano-2.1-nds/\libtoolchaingen7.a(eventsTGDS.o)
                0x03807be4                TGDSEvent
 .data.pollCount
                0x03807be8        0x4 c:/toolchain_generic/6.2_2016q4/arm-eabi/lib/newlib-nano-2.1-nds/\libtoolchaingen7.a(soundTGDS.o)
                0x03807be8                pollCount
 .data.multRate
                0x03807bec        0x4 c:/toolchain_generic/6.2_2016q4/arm-eabi/lib/newlib-nano-2.1-nds/\libtoolchaingen7.a(soundTGDS.o)
                0x03807bec                multRate
 .data.XMEMTOTALSIZE
                0x03807bf0        0x4 c:/toolchain_generic/6.2_2016q4/arm-eabi/lib/newlib-nano-2.1-nds/\libtoolchaingen7.a(xmem.o)
                0x03807bf0                XMEMTOTALSIZE
 .data.XMEM_BLOCKSIZE
                0x03807bf4        0x2 c:/toolchain_generic/6.2_2016q4/arm-eabi/lib/newlib-nano-2.1-nds/\libtoolchaingen7.a(xmem.o)
                0x03807bf4                XMEM_BLOCKSIZE
 *fill*         0x03807bf6        0x2 ff
 .data.ldmsize  0x03807bf8       0x34 c:/toolchain_generic/6.2_2016q4/arm-eabi/lib/newlib-nano-2.1-nds/\libtoolchaingen7.a(clockTGDS.o)
 .data.dmsize   0x03807c2c       0x34 c:/toolchain_generic/6.2_2016q4/arm-eabi/lib/newlib-nano-2.1-nds/\libtoolchaingen7.a(clockTGDS.o)
 *(.gnu.linkonce.d*)
                0x03807c60                . = ALIGN (0x4)
                0x03807c60                __data_end__ = .
                0x03807c60                __rodata_start__ = .

.tm_clone_table
                0x03807c60        0x0
 .tm_clone_table
                0x03807c60        0x0 c:/toolchain_generic/6.2_2016q4/bin/../lib/gcc/arm-eabi/4.9.2/crtbegin.o
 .tm_clone_table
                0x03807c60        0x0 c:/toolchain_generic/6.2_2016q4/bin/../lib/gcc/arm-eabi/4.9.2/crtend.o

.rodata         0x03807c60       0xbc
 *(.rdata)
 *(.rodata)
 *(.rodata.*)
 .rodata.str1.1
                0x03807c60       0x17 build/main.o
 .rodata.str1.1
                0x03807c77       0x5f c:/toolchain_generic/6.2_2016q4/arm-eabi/lib/newlib-nano-2.1-nds/\libtoolchaingen7.a(exceptionTGDS.o)
 .rodata.str1.1
                0x03807cd6       0x44 c:/toolchain_generic/6.2_2016q4/arm-eabi/lib/newlib-nano-2.1-nds/\libtoolchaingen7.a(xmem.o)
 *(.gnu.linkonce.r.*)
                0x03807d1c                . = ALIGN (0x4)
 *fill*         0x03807d1a        0x2 ff
                0x03807d1c                __rodata_end__ = .
                0x03807d1c                __eh_frame_start__ = .

.eh_frame       0x03807d1c        0x4
 *(.eh_frame*)
 .eh_frame      0x03807d1c        0x0 c:/toolchain_generic/6.2_2016q4/bin/../lib/gcc/arm-eabi/4.9.2/crtbegin.o
 .eh_frame      0x03807d1c        0x4 c:/toolchain_generic/6.2_2016q4/bin/../lib/gcc/arm-eabi/4.9.2/crtend.o
                0x03807d20                . = ALIGN (0x4)
                0x03807d20                __eh_frame_end__ = .
                0x03807d20                __jcr_start__ = .

.jcr            0x03807d20        0x4
 *(.jcr*)
 .jcr           0x03807d20        0x0 c:/toolchain_generic/6.2_2016q4/bin/../lib/gcc/arm-eabi/4.9.2/crtbegin.o
 .jcr           0x03807d20        0x4 c:/toolchain_generic/6.2_2016q4/bin/../lib/gcc/arm-eabi/4.9.2/crtend.o
                0x03807d24                . = ALIGN (0x4)
                0x03807d24                __jcr_end__ = .
                0x03807d24                __vfp11_veneer_start__ = .

.vfp11_veneer   0x03807d24        0x0
 *(.vfp11_veneer*)
 .vfp11_veneer  0x00000000        0x0 linker stubs
                0x03807d24                . = ALIGN (0x4)
                0x03807d24                __vfp11_veneer_end__ = .
                0x03807d24                __exidx_start = .

.ARM.exidx
 *(.ARM.exidx)
 *(.ARM.exidx*)
 *(.gnu.linkonce.armexidx.)
 *(.gnu.linkonce.armexidx.*)
                0x03807d24                __exidx_end = .
                0x03807d24                __v4_bx_start__ = .

.v4_bx          0x03807d24        0x0
 *(.v4_bx*)
 .v4_bx         0x00000000        0x0 linker stubs
                0x03807d24                . = ALIGN (0x4)
                0x03807d24                __v4_bx_end__ = .
                0x03807d24                __iplt_start__ = .

.iplt           0x03807d24        0x0
 *(.iplt*)
 .iplt          0x00000000        0x0 ./build/nds_arm_ld_crt0.o
                0x03807d24                . = ALIGN (0x4)
                0x03807d24                __iplt_end__ = .
                0x03807d24                __igot_plt_start__ = .

.igot.plt       0x03807d24        0x0
 *(.igot.plt*)
 .igot.plt      0x00000000        0x0 ./build/nds_arm_ld_crt0.o
                0x03807d24                . = ALIGN (0x4)
                0x03807d24                __igot_plt_end__ = .
                0x03807d24                __rel_dyn_start__ = .

.rel.dyn        0x03807d24        0x0
 *(.rel.dyn*)
                0x03807d24                . = ALIGN (0x4)
 .rel.iplt      0x00000000        0x0 ./build/nds_arm_ld_crt0.o
                0x03807d24                __rel_dyn_end__ = .
                0x03807d24                __fini_start__ = .

.fini           0x03807d24       0x18
 *(.fini*)
 .fini          0x03807d24        0xc c:/toolchain_generic/6.2_2016q4/bin/../lib/gcc/arm-eabi/4.9.2/crti.o
                0x03807d24                _fini
 .fini          0x03807d30        0xc c:/toolchain_generic/6.2_2016q4/bin/../lib/gcc/arm-eabi/4.9.2/crtn.o
                0x03807d3c                . = ALIGN (0x4)
                0x03807d3c                __fini_end__ = .
                0x03807d3c                __lib__end__ = __fini_end__
                0x03807d3c                __vma_stub_end__ = __lib__end__
LOAD ./build/nds_arm_ld_crt0.o
LOAD c:/toolchain_generic/6.2_2016q4/bin/../lib/gcc/arm-eabi/4.9.2/crti.o
LOAD c:/toolchain_generic/6.2_2016q4/bin/../lib/gcc/arm-eabi/4.9.2/crtbegin.o
LOAD build/main.o
LOAD build/Interrupts_app7.o
LOAD build/dswnifi.o
LOAD build/ipcfifoTGDSUser.o
LOAD build/loader.o
LOAD c:/toolchain_generic/6.2_2016q4/arm-eabi/lib/newlib-nano-2.1-nds/\libtoolchaingen7.a
LOAD c:/toolchain_generic/6.2_2016q4/arm-eabi/lib/\libstdc++.a
LOAD c:/toolchain_generic/6.2_2016q4/arm-eabi/lib/newlib-nano-2.1-nds/\libcnano7.a
LOAD c:/toolchain_generic/6.2_2016q4/bin/../lib/gcc/arm-eabi/4.9.2\libgcc.a
START GROUP
LOAD c:/toolchain_generic/6.2_2016q4/bin/../lib/gcc/arm-eabi/4.9.2\libgcc.a
LOAD c:/toolchain_generic/6.2_2016q4/arm-eabi/lib/\libc.a
END GROUP
LOAD c:/toolchain_generic/6.2_2016q4/bin/../lib/gcc/arm-eabi/4.9.2/crtend.o
LOAD c:/toolchain_generic/6.2_2016q4/bin/../lib/gcc/arm-eabi/4.9.2/crtn.o
OUTPUT(build/arm7-nonstripped.elf elf32-littlearm)

.ARM.attributes
                0x00000000       0x2d
 .ARM.attributes
                0x00000000       0x20 ./build/nds_arm_ld_crt0.o
 .ARM.attributes
                0x00000020       0x16 c:/toolchain_generic/6.2_2016q4/bin/../lib/gcc/arm-eabi/4.9.2/crti.o
 .ARM.attributes
                0x00000036       0x30 c:/toolchain_generic/6.2_2016q4/bin/../lib/gcc/arm-eabi/4.9.2/crtbegin.o
 .ARM.attributes
                0x00000066       0x2a build/main.o
 .ARM.attributes
                0x00000090       0x2a build/Interrupts_app7.o
 .ARM.attributes
                0x000000ba       0x2a build/dswnifi.o
 .ARM.attributes
                0x000000e4       0x2a build/ipcfifoTGDSUser.o
 .ARM.attributes
                0x0000010e       0x2a build/loader.o
 .ARM.attributes
                0x00000138       0x2a c:/toolchain_generic/6.2_2016q4/arm-eabi/lib/newlib-nano-2.1-nds/\libtoolchaingen7.a(wifi_arm7.o)
 .ARM.attributes
                0x00000162       0x2a c:/toolchain_generic/6.2_2016q4/arm-eabi/lib/newlib-nano-2.1-nds/\libtoolchaingen7.a(biosTGDSC.o)
 .ARM.attributes
                0x0000018c       0x2a c:/toolchain_generic/6.2_2016q4/arm-eabi/lib/newlib-nano-2.1-nds/\libtoolchaingen7.a(eventsTGDS.o)
 .ARM.attributes
                0x000001b6       0x2a c:/toolchain_generic/6.2_2016q4/arm-eabi/lib/newlib-nano-2.1-nds/\libtoolchaingen7.a(exceptionTGDS.o)
 .ARM.attributes
                0x000001e0       0x2a c:/toolchain_generic/6.2_2016q4/arm-eabi/lib/newlib-nano-2.1-nds/\libtoolchaingen7.a(initNDSTGDS.o)
 .ARM.attributes
                0x0000020a       0x2a c:/toolchain_generic/6.2_2016q4/arm-eabi/lib/newlib-nano-2.1-nds/\libtoolchaingen7.a(posixHandleTGDS.o)
 .ARM.attributes
                0x00000234       0x2a c:/toolchain_generic/6.2_2016q4/arm-eabi/lib/newlib-nano-2.1-nds/\libtoolchaingen7.a(utilsTGDS.o)
 .ARM.attributes
                0x0000025e       0x2a c:/toolchain_generic/6.2_2016q4/arm-eabi/lib/newlib-nano-2.1-nds/\libtoolchaingen7.a(ipcfifoTGDS.o)
 .ARM.attributes
                0x00000288       0x2a c:/toolchain_generic/6.2_2016q4/arm-eabi/lib/newlib-nano-2.1-nds/\libtoolchaingen7.a(powerTGDS.o)
 .ARM.attributes
                0x000002b2       0x2a c:/toolchain_generic/6.2_2016q4/arm-eabi/lib/newlib-nano-2.1-nds/\libtoolchaingen7.a(spifwTGDS.o)
 .ARM.attributes
                0x000002dc       0x2a c:/toolchain_generic/6.2_2016q4/arm-eabi/lib/newlib-nano-2.1-nds/\libtoolchaingen7.a(usrsettingsTGDS.o)
 .ARM.attributes
                0x00000306       0x21 c:/toolchain_generic/6.2_2016q4/arm-eabi/lib/newlib-nano-2.1-nds/\libtoolchaingen7.a(spinlockTGDS.o)
 .ARM.attributes
                0x00000327       0x1a c:/toolchain_generic/6.2_2016q4/arm-eabi/lib/newlib-nano-2.1-nds/\libtoolchaingen7.a(biosTGDSAsm.o)
 .ARM.attributes
                0x00000341       0x1a c:/toolchain_generic/6.2_2016q4/arm-eabi/lib/newlib-nano-2.1-nds/\libtoolchaingen7.a(exceptionTGDSasm.o)
 .ARM.attributes
                0x0000035b       0x1a c:/toolchain_generic/6.2_2016q4/arm-eabi/lib/newlib-nano-2.1-nds/\libtoolchaingen7.a(InterruptsARMCores_s.o)
 .ARM.attributes
                0x00000375       0x2a c:/toolchain_generic/6.2_2016q4/arm-eabi/lib/newlib-nano-2.1-nds/\libtoolchaingen7.a(soundTGDS.o)
 .ARM.attributes
                0x0000039f       0x2a c:/toolchain_generic/6.2_2016q4/arm-eabi/lib/newlib-nano-2.1-nds/\libtoolchaingen7.a(InterruptsARMCores_c.o)
 .ARM.attributes
                0x000003c9       0x2a c:/toolchain_generic/6.2_2016q4/arm-eabi/lib/newlib-nano-2.1-nds/\libtoolchaingen7.a(xmem.o)
 .ARM.attributes
                0x000003f3       0x2a c:/toolchain_generic/6.2_2016q4/arm-eabi/lib/newlib-nano-2.1-nds/\libtoolchaingen7.a(ARM7FS.o)
 .ARM.attributes
                0x0000041d       0x2a c:/toolchain_generic/6.2_2016q4/arm-eabi/lib/newlib-nano-2.1-nds/\libtoolchaingen7.a(wifi_shared.o)
 .ARM.attributes
                0x00000447       0x2a c:/toolchain_generic/6.2_2016q4/arm-eabi/lib/newlib-nano-2.1-nds/\libtoolchaingen7.a(dmaTGDS.o)
 .ARM.attributes
                0x00000471       0x2a c:/toolchain_generic/6.2_2016q4/arm-eabi/lib/newlib-nano-2.1-nds/\libtoolchaingen7.a(spiTGDS.o)
 .ARM.attributes
                0x0000049b       0x2a c:/toolchain_generic/6.2_2016q4/arm-eabi/lib/newlib-nano-2.1-nds/\libtoolchaingen7.a(spitscTGDS.o)
 .ARM.attributes
                0x000004c5       0x2a c:/toolchain_generic/6.2_2016q4/arm-eabi/lib/newlib-nano-2.1-nds/\libtoolchaingen7.a(clockTGDS.o)
 .ARM.attributes
                0x000004ef       0x2a c:/toolchain_generic/6.2_2016q4/arm-eabi/lib/newlib-nano-2.1-nds/\libcnano7.a(__aeabi_idiv.o)
 .ARM.attributes
                0x00000519       0x2a c:/toolchain_generic/6.2_2016q4/arm-eabi/lib/newlib-nano-2.1-nds/\libcnano7.a(__aeabi_uidiv.o)
 .ARM.attributes
                0x00000543       0x2a c:/toolchain_generic/6.2_2016q4/arm-eabi/lib/newlib-nano-2.1-nds/\libcnano7.a(__udivmodsi4.o)
 .ARM.attributes
                0x0000056d       0x2a c:/toolchain_generic/6.2_2016q4/arm-eabi/lib/newlib-nano-2.1-nds/\libcnano7.a(memset.o)
 .ARM.attributes
                0x00000597       0x2a c:/toolchain_generic/6.2_2016q4/arm-eabi/lib/newlib-nano-2.1-nds/\libcnano7.a(strlen.o)
 .ARM.attributes
                0x000005c1       0x1a c:/toolchain_generic/6.2_2016q4/arm-eabi/lib/newlib-nano-2.1-nds/\libcnano7.a(__aeabi_idivmod.o)
 .ARM.attributes
                0x000005db       0x1a c:/toolchain_generic/6.2_2016q4/arm-eabi/lib/newlib-nano-2.1-nds/\libcnano7.a(__aeabi_uidivmod.o)
 .ARM.attributes
                0x000005f5       0x1a c:/toolchain_generic/6.2_2016q4/arm-eabi/lib/newlib-nano-2.1-nds/\libcnano7.a(arm-asm-memcpy.o)
 .ARM.attributes
                0x0000060f       0x30 c:/toolchain_generic/6.2_2016q4/bin/../lib/gcc/arm-eabi/4.9.2/crtend.o
 .ARM.attributes
                0x0000063f       0x18 c:/toolchain_generic/6.2_2016q4/bin/../lib/gcc/arm-eabi/4.9.2/crtn.o

.comment        0x00000000       0x11
 .comment       0x00000000       0x11 c:/toolchain_generic/6.2_2016q4/bin/../lib/gcc/arm-eabi/4.9.2/crtbegin.o
                                 0x12 (size before relaxing)
 .comment       0x00000000       0x12 build/main.o
 .comment       0x00000000       0x12 build/Interrupts_app7.o
 .comment       0x00000000       0x12 build/dswnifi.o
 .comment       0x00000000       0x12 build/ipcfifoTGDSUser.o
 .comment       0x00000000       0x12 build/loader.o
 .comment       0x00000000       0x12 c:/toolchain_generic/6.2_2016q4/arm-eabi/lib/newlib-nano-2.1-nds/\libtoolchaingen7.a(wifi_arm7.o)
 .comment       0x00000000       0x12 c:/toolchain_generic/6.2_2016q4/arm-eabi/lib/newlib-nano-2.1-nds/\libtoolchaingen7.a(biosTGDSC.o)
 .comment       0x00000000       0x12 c:/toolchain_generic/6.2_2016q4/arm-eabi/lib/newlib-nano-2.1-nds/\libtoolchaingen7.a(eventsTGDS.o)
 .comment       0x00000000       0x12 c:/toolchain_generic/6.2_2016q4/arm-eabi/lib/newlib-nano-2.1-nds/\libtoolchaingen7.a(exceptionTGDS.o)
 .comment       0x00000000       0x12 c:/toolchain_generic/6.2_2016q4/arm-eabi/lib/newlib-nano-2.1-nds/\libtoolchaingen7.a(initNDSTGDS.o)
 .comment       0x00000000       0x12 c:/toolchain_generic/6.2_2016q4/arm-eabi/lib/newlib-nano-2.1-nds/\libtoolchaingen7.a(posixHandleTGDS.o)
 .comment       0x00000000       0x12 c:/toolchain_generic/6.2_2016q4/arm-eabi/lib/newlib-nano-2.1-nds/\libtoolchaingen7.a(utilsTGDS.o)
 .comment       0x00000000       0x12 c:/toolchain_generic/6.2_2016q4/arm-eabi/lib/newlib-nano-2.1-nds/\libtoolchaingen7.a(ipcfifoTGDS.o)
 .comment       0x00000000       0x12 c:/toolchain_generic/6.2_2016q4/arm-eabi/lib/newlib-nano-2.1-nds/\libtoolchaingen7.a(powerTGDS.o)
 .comment       0x00000000       0x12 c:/toolchain_generic/6.2_2016q4/arm-eabi/lib/newlib-nano-2.1-nds/\libtoolchaingen7.a(spifwTGDS.o)
 .comment       0x00000000       0x12 c:/toolchain_generic/6.2_2016q4/arm-eabi/lib/newlib-nano-2.1-nds/\libtoolchaingen7.a(usrsettingsTGDS.o)
 .comment       0x00000000       0x12 c:/toolchain_generic/6.2_2016q4/arm-eabi/lib/newlib-nano-2.1-nds/\libtoolchaingen7.a(soundTGDS.o)
 .comment       0x00000000       0x12 c:/toolchain_generic/6.2_2016q4/arm-eabi/lib/newlib-nano-2.1-nds/\libtoolchaingen7.a(InterruptsARMCores_c.o)
 .comment       0x00000000       0x12 c:/toolchain_generic/6.2_2016q4/arm-eabi/lib/newlib-nano-2.1-nds/\libtoolchaingen7.a(xmem.o)
 .comment       0x00000000       0x12 c:/toolchain_generic/6.2_2016q4/arm-eabi/lib/newlib-nano-2.1-nds/\libtoolchaingen7.a(ARM7FS.o)
 .comment       0x00000000       0x12 c:/toolchain_generic/6.2_2016q4/arm-eabi/lib/newlib-nano-2.1-nds/\libtoolchaingen7.a(wifi_shared.o)
 .comment       0x00000000       0x12 c:/toolchain_generic/6.2_2016q4/arm-eabi/lib/newlib-nano-2.1-nds/\libtoolchaingen7.a(dmaTGDS.o)
 .comment       0x00000000       0x12 c:/toolchain_generic/6.2_2016q4/arm-eabi/lib/newlib-nano-2.1-nds/\libtoolchaingen7.a(spiTGDS.o)
 .comment       0x00000000       0x12 c:/toolchain_generic/6.2_2016q4/arm-eabi/lib/newlib-nano-2.1-nds/\libtoolchaingen7.a(spitscTGDS.o)
 .comment       0x00000000       0x12 c:/toolchain_generic/6.2_2016q4/arm-eabi/lib/newlib-nano-2.1-nds/\libtoolchaingen7.a(clockTGDS.o)
 .comment       0x00000000       0x12 c:/toolchain_generic/6.2_2016q4/arm-eabi/lib/newlib-nano-2.1-nds/\libcnano7.a(__aeabi_idiv.o)
 .comment       0x00000000       0x12 c:/toolchain_generic/6.2_2016q4/arm-eabi/lib/newlib-nano-2.1-nds/\libcnano7.a(__aeabi_uidiv.o)
 .comment       0x00000000       0x12 c:/toolchain_generic/6.2_2016q4/arm-eabi/lib/newlib-nano-2.1-nds/\libcnano7.a(__udivmodsi4.o)
 .comment       0x00000000       0x12 c:/toolchain_generic/6.2_2016q4/arm-eabi/lib/newlib-nano-2.1-nds/\libcnano7.a(memset.o)
 .comment       0x00000000       0x12 c:/toolchain_generic/6.2_2016q4/arm-eabi/lib/newlib-nano-2.1-nds/\libcnano7.a(strlen.o)
 .comment       0x00000000       0x12 c:/toolchain_generic/6.2_2016q4/bin/../lib/gcc/arm-eabi/4.9.2/crtend.o
