Archive member included because of file (symbol)

c:/toolchain_generic/6.2_2016q4/arm-eabi/lib/newlib-nano-2.1-nds/\libtoolchaingen7.a(exceptionTGDS.o)
                              ./build/nds_arm_ld_crt0.o (exception_sysexit)
c:/toolchain_generic/6.2_2016q4/arm-eabi/lib/newlib-nano-2.1-nds/\libtoolchaingen7.a(initNDSTGDS.o)
                              ./build/nds_arm_ld_crt0.o (initHardware)
c:/toolchain_generic/6.2_2016q4/arm-eabi/lib/newlib-nano-2.1-nds/\libtoolchaingen7.a(posixHandleTGDS.o)
                              c:/toolchain_generic/6.2_2016q4/arm-eabi/lib/newlib-nano-2.1-nds/\libtoolchaingen7.a(exceptionTGDS.o) (writeDebugBuffer7)
c:/toolchain_generic/6.2_2016q4/arm-eabi/lib/newlib-nano-2.1-nds/\libtoolchaingen7.a(ipcfifoTGDS.o)
                              c:/toolchain_generic/6.2_2016q4/arm-eabi/lib/newlib-nano-2.1-nds/\libtoolchaingen7.a(exceptionTGDS.o) (SendFIFOWords)
c:/toolchain_generic/6.2_2016q4/arm-eabi/lib/newlib-nano-2.1-nds/\libtoolchaingen7.a(powerTGDS.o)
                              c:/toolchain_generic/6.2_2016q4/arm-eabi/lib/newlib-nano-2.1-nds/\libtoolchaingen7.a(ipcfifoTGDS.o) (powerON)
c:/toolchain_generic/6.2_2016q4/arm-eabi/lib/newlib-nano-2.1-nds/\libtoolchaingen7.a(spifwTGDS.o)
                              c:/toolchain_generic/6.2_2016q4/arm-eabi/lib/newlib-nano-2.1-nds/\libtoolchaingen7.a(ipcfifoTGDS.o) (PowerManagementDeviceWrite)
c:/toolchain_generic/6.2_2016q4/arm-eabi/lib/newlib-nano-2.1-nds/\libtoolchaingen7.a(usrsettingsTGDS.o)
                              c:/toolchain_generic/6.2_2016q4/arm-eabi/lib/newlib-nano-2.1-nds/\libtoolchaingen7.a(initNDSTGDS.o) (LoadFirmwareSettingsFromFlash)
c:/toolchain_generic/6.2_2016q4/arm-eabi/lib/newlib-nano-2.1-nds/\libtoolchaingen7.a(biosTGDSAsm.o)
                              c:/toolchain_generic/6.2_2016q4/arm-eabi/lib/newlib-nano-2.1-nds/\libtoolchaingen7.a(ipcfifoTGDS.o) (swiDelay)
c:/toolchain_generic/6.2_2016q4/arm-eabi/lib/newlib-nano-2.1-nds/\libtoolchaingen7.a(exceptionTGDSasm.o)
                              c:/toolchain_generic/6.2_2016q4/arm-eabi/lib/newlib-nano-2.1-nds/\libtoolchaingen7.a(exceptionTGDS.o) (DebugException)
c:/toolchain_generic/6.2_2016q4/arm-eabi/lib/newlib-nano-2.1-nds/\libtoolchaingen7.a(InterruptsARMCores_s.o)
                              c:/toolchain_generic/6.2_2016q4/arm-eabi/lib/newlib-nano-2.1-nds/\libtoolchaingen7.a(exceptionTGDS.o) (IRQWait)
c:/toolchain_generic/6.2_2016q4/arm-eabi/lib/newlib-nano-2.1-nds/\libtoolchaingen7.a(soundTGDS.o)
                              c:/toolchain_generic/6.2_2016q4/arm-eabi/lib/newlib-nano-2.1-nds/\libtoolchaingen7.a(initNDSTGDS.o) (initSound)
c:/toolchain_generic/6.2_2016q4/arm-eabi/lib/newlib-nano-2.1-nds/\libtoolchaingen7.a(InterruptsARMCores_c.o)
                              c:/toolchain_generic/6.2_2016q4/arm-eabi/lib/newlib-nano-2.1-nds/\libtoolchaingen7.a(initNDSTGDS.o) (IRQInit)
c:/toolchain_generic/6.2_2016q4/arm-eabi/lib/newlib-nano-2.1-nds/\libtoolchaingen7.a(wifi_arm7.o)
                              c:/toolchain_generic/6.2_2016q4/arm-eabi/lib/newlib-nano-2.1-nds/\libtoolchaingen7.a(InterruptsARMCores_c.o) (Wifi_Interrupt)
c:/toolchain_generic/6.2_2016q4/arm-eabi/lib/newlib-nano-2.1-nds/\libtoolchaingen7.a(xmem.o)
                              c:/toolchain_generic/6.2_2016q4/arm-eabi/lib/newlib-nano-2.1-nds/\libtoolchaingen7.a(posixHandleTGDS.o) (XmemSetup)
c:/toolchain_generic/6.2_2016q4/arm-eabi/lib/newlib-nano-2.1-nds/\libtoolchaingen7.a(ARM7FS.o)
                              c:/toolchain_generic/6.2_2016q4/arm-eabi/lib/newlib-nano-2.1-nds/\libtoolchaingen7.a(InterruptsARMCores_c.o) (performARM7MP2FSTestCase)
c:/toolchain_generic/6.2_2016q4/arm-eabi/lib/newlib-nano-2.1-nds/\libtoolchaingen7.a(biosTGDSC.o)
                              c:/toolchain_generic/6.2_2016q4/arm-eabi/lib/newlib-nano-2.1-nds/\libtoolchaingen7.a(InterruptsARMCores_c.o) (isArm7ClosedLid)
c:/toolchain_generic/6.2_2016q4/arm-eabi/lib/newlib-nano-2.1-nds/\libtoolchaingen7.a(eventsTGDS.o)
                              c:/toolchain_generic/6.2_2016q4/arm-eabi/lib/newlib-nano-2.1-nds/\libtoolchaingen7.a(ipcfifoTGDS.o) (enableTGDSEventHandling)
c:/toolchain_generic/6.2_2016q4/arm-eabi/lib/newlib-nano-2.1-nds/\libtoolchaingen7.a(utilsTGDS.o)
                              c:/toolchain_generic/6.2_2016q4/arm-eabi/lib/newlib-nano-2.1-nds/\libtoolchaingen7.a(usrsettingsTGDS.o) (ucs2tombs)
c:/toolchain_generic/6.2_2016q4/arm-eabi/lib/newlib-nano-2.1-nds/\libtoolchaingen7.a(wifi_shared.o)
                              c:/toolchain_generic/6.2_2016q4/arm-eabi/lib/newlib-nano-2.1-nds/\libtoolchaingen7.a(ipcfifoTGDS.o) (DeInitWIFI)
c:/toolchain_generic/6.2_2016q4/arm-eabi/lib/newlib-nano-2.1-nds/\libtoolchaingen7.a(dmaTGDS.o)
                              c:/toolchain_generic/6.2_2016q4/arm-eabi/lib/newlib-nano-2.1-nds/\libtoolchaingen7.a(ipcfifoTGDS.o) (dmaFillWord)
c:/toolchain_generic/6.2_2016q4/arm-eabi/lib/newlib-nano-2.1-nds/\libtoolchaingen7.a(spiTGDS.o)
[...]
Memory Configuration

Name             Origin             Length             Attributes
DTCM             0x0b000000         0x00004000
VECTORS          0x01ffc000         0x00000100
ITCM             0x01ff8000         0x00008000
GBAROM           0x08000000         0x02000000
BOOTCODE         0x02000000         0x00000300
EWRAM            0x02000300         0x00400000
*default*        0x00000000         0xffffffff

Linker script and memory map

                0x01ff8000                _itcm_start = ORIGIN (ITCM)
                0x02000000                _itcm_end = (ORIGIN (ITCM) + 0x8000)
                0x01ffc000                _vector_start = ORIGIN (VECTORS)
                0x01ffc100                _vector_end = (ORIGIN (VECTORS) + 0x100)
                0x02000300                _ewram_start = ORIGIN (EWRAM)
                0x02400300                _ewram_end = (ORIGIN (EWRAM) + 0x400000)
                0x02000300                _iwram_start = _ewram_start
                0x02400300                _iwram_end = _ewram_end
                0x08000000                _gba_start = ORIGIN (GBAROM)
                0x0a000000                _gba_end = (ORIGIN (GBAROM) + 0x2000000)
                0x0b000000                _dtcm_start = ORIGIN (DTCM)
                0x0b004000                _dtcm_end = (ORIGIN (DTCM) + 0x4000)
                0x0b003ff8                _arm7_irqcheckbits = (ORIGIN (DTCM) + 0x3ff8)
                0x0b003ffc                _arm7_irqhandler = (ORIGIN (DTCM) + 0x3ffc)
                0x0b003e00                sp_SVC = (_dtcm_end - 0x200)
                0x0b003c00                sp_IRQ = (sp_SVC - 0x200)
                0x0b003a00                sp_FIQ = (sp_IRQ - 0x200)
                0x0b003800                sp_ABT = (sp_FIQ - 0x200)
                0x0b003600                sp_UND = (sp_ABT - 0x200)
                0x0b003400                sp_USR = (sp_UND - 0x200)
                0x0b003400                sp_SYS = sp_USR
                0x00000000                . = ALIGN (0x4)
                0x00000000                __init_start__ = .

.init           0x02000000      0x1f0
 *(.init*)
 .init          0x02000000       0x8c ./build/nds_arm_ld_crt0.o
                0x02000000                _start
 .init2         0x0200008c      0x148 ./build/nds_arm_ld_crt0.o
                0x0200008c                _start2
 .init          0x020001d4        0xc c:/toolchain_generic/6.2_2016q4/bin/../lib/gcc/arm-eabi/4.9.2/crti.o
                0x020001d4                _init
 .init_array    0x020001e0        0x4 c:/toolchain_generic/6.2_2016q4/bin/../lib/gcc/arm-eabi/4.9.2/crtbegin.o
 .init          0x020001e4        0xc c:/toolchain_generic/6.2_2016q4/bin/../lib/gcc/arm-eabi/4.9.2/crtn.o

.init2
 *(.init2*)
                0x020001f0                __init_end__ = .

.dldiSection    0x02000300        0x0
 *(.dldiSection*)
                0x02000300                . = ALIGN (0x4)

.text           0x02000300     0x7f90
 *(.stub)
 *(.gnu.warning)
 *(.gnu.linkonce.t*)
 *(.glue_7t)
 .glue_7t       0x00000000        0x0 linker stubs
 *(.glue_7)
 .glue_7        0x00000000        0x0 linker stubs
 *(COMMON)
 COMMON         0x02000300       0x68 build/nds9_mpu_setup.o
                0x02000300                mpuSetting
 COMMON         0x02000368      0xa00 c:/toolchain_generic/6.2_2016q4/arm-eabi/lib/newlib-nano-2.1-nds/\libtoolchaingen7.a(wifi_arm7.o)
                0x02000368                arm7q
                0x02000b68                FlashData
 COMMON         0x02000d68        0x8 c:/toolchain_generic/6.2_2016q4/arm-eabi/lib/newlib-nano-2.1-nds/\libtoolchaingen7.a(xmem.o)
                0x02000d68                xmem_table
                0x02000d6c                xmem_blocks
 *(.text)
 .text          0x02000d70        0x0 ./build/nds_arm_ld_crt0.o
 .text          0x02000d70        0x0 c:/toolchain_generic/6.2_2016q4/bin/../lib/gcc/arm-eabi/4.9.2/crti.o
 .text          0x02000d70      0x108 c:/toolchain_generic/6.2_2016q4/bin/../lib/gcc/arm-eabi/4.9.2/crtbegin.o
 .text          0x02000e78        0x0 build/arm9.o
 .text          0x02000e78        0x0 build/CP15OpcodesC.o
 .text          0x02000e78        0x0 build/main.o
 .text          0x02000e78        0x0 build/nds9_mpu_setup.o
 .text          0x02000e78        0x0 build/Interrupts_app7.o
 .text          0x02000e78      0x174 build/CP15Opcodes.o
                0x02000e78                CP15ControlRegisterEnable
                0x02000e88                CP15ControlRegisterDisable
                0x02000e98                DrainWriteBuffer
                0x02000ea4                DTCMDisable
                0x02000eb8                ITCMDisable
                0x02000ecc                DTCMEnable
                0x02000ee0                ITCMEnable
                0x02000ef4                DCacheDisable
                0x02000f04                ICacheDisable
                0x02000f14                DCacheEnable
                0x02000f24                ICacheEnable
                0x02000f34                MProtectionDisable
                0x02000f44                MProtectionEnable
                0x02000f54                MProtectionRegionBase0
                0x02000f5c                MProtectionRegionBase1
                0x02000f64                MProtectionRegionBase2
                0x02000f6c                MProtectionRegionBase3
                0x02000f74                MProtectionRegionBase4
                0x02000f7c                MProtectionRegionBase5
                0x02000f84                MProtectionRegionBase6
                0x02000f8c                MProtectionRegionBase7
                0x02000f94                WritebufferControl
                0x02000f9c                RegionDCacheEnable
                0x02000fa4                RegionICacheEnable
                0x02000fac                RegionIAccessPermission
                0x02000fb4                RegionDAccessPermission
                0x02000fbc                setitcm
                0x02000fc8                setdtcm
                0x02000fd8                MPUSet
 .text          0x02000fec      0x190 build/proc-arm946.o
                0x02000fec                cpu_arm946_switch_mm
                0x02000fec                cpu_arm946_proc_init
                0x02000ff0                cpu_arm946_proc_fin
                0x02001004                cpu_arm946_reset
                0x02001028                flush_icache_all
                0x02001034                flush_user_cache_all
                0x02001034                flush_kern_cache_all
                0x02001068                flush_user_cache_range
                0x020010a8                coherent_user_range
                0x020010a8                coherent_kern_range
                0x020010cc                flush_kern_dcache_area
                0x020010f0                flush_dcache_area
                0x02001110                dma_inv_range
                0x0200113c                dma_clean_range
                0x02001158                dma_flush_range
                0x02001174                dma_unmap_area
 .text          0x0200117c        0x0 c:/toolchain_generic/6.2_2016q4/arm-eabi/lib/newlib-nano-2.1-nds/\libtoolchaingen7.a(exceptionTGDS.o)
 .text          0x0200117c        0x0 c:/toolchain_generic/6.2_2016q4/arm-eabi/lib/newlib-nano-2.1-nds/\libtoolchaingen7.a(initNDSTGDS.o)
 .text          0x0200117c        0x0 c:/toolchain_generic/6.2_2016q4/arm-eabi/lib/newlib-nano-2.1-nds/\libtoolchaingen7.a(posixHandleTGDS.o)
 .text          0x0200117c        0x0 c:/toolchain_generic/6.2_2016q4/arm-eabi/lib/newlib-nano-2.1-nds/\libtoolchaingen7.a(ipcfifoTGDS.o)
 .text          0x0200117c        0x0 c:/toolchain_generic/6.2_2016q4/arm-eabi/lib/newlib-nano-2.1-nds/\libtoolchaingen7.a(powerTGDS.o)
 .text          0x0200117c        0x0 c:/toolchain_generic/6.2_2016q4/arm-eabi/lib/newlib-nano-2.1-nds/\libtoolchaingen7.a(spifwTGDS.o)
 .text          0x0200117c        0x0 c:/toolchain_generic/6.2_2016q4/arm-eabi/lib/newlib-nano-2.1-nds/\libtoolchaingen7.a(usrsettingsTGDS.o)
 .text          0x0200117c       0xd0 c:/toolchain_generic/6.2_2016q4/arm-eabi/lib/newlib-nano-2.1-nds/\libtoolchaingen7.a(biosTGDSAsm.o)
                0x0200117c                swiDelay
                0x02001184                swiCRC16
                0x0200118c                swiSleep
                0x02001194                swiIsDebugger
                0x0200119c                swiDivide
                0x020011a4                swiRemainder
                0x020011b0                swiDivMod
                0x020011c8                swiSqrt
                0x020011d0                swiHalt
                0x020011d8                swiGetSineTable
                0x020011e0                swiGetPitchTable
                0x020011e8                swiGetVolumeTable
                0x020011f0                swiSetHaltCR
                0x020011fc                swiChangeSoundBias
                0x02001204                swiSoftReset
                0x02001210                swiSoftResetByAddress
                0x0200122c                swiDecompressLZSSWram
                0x02001234                swiDecompressLZSSVramByCallback
 .text          0x0200124c      0x124 c:/toolchain_generic/6.2_2016q4/arm-eabi/lib/newlib-nano-2.1-nds/\libtoolchaingen7.a(exceptionTGDSasm.o)
                0x0200124c                DebugException
                0x020012cc                CustomDebugException
                0x02001350                LeaveExceptionMode
 .text          0x02001370       0x60 c:/toolchain_generic/6.2_2016q4/arm-eabi/lib/newlib-nano-2.1-nds/\libtoolchaingen7.a(InterruptsARMCores_s.o)
                0x02001370                IRQWait
                0x020013ac                IRQVBlankWait
 .text          0x020013d0        0x0 c:/toolchain_generic/6.2_2016q4/arm-eabi/lib/newlib-nano-2.1-nds/\libtoolchaingen7.a(soundTGDS.o)
 .text          0x020013d0        0x0 c:/toolchain_generic/6.2_2016q4/arm-eabi/lib/newlib-nano-2.1-nds/\libtoolchaingen7.a(InterruptsARMCores_c.o)
 .text          0x020013d0        0x0 c:/toolchain_generic/6.2_2016q4/arm-eabi/lib/newlib-nano-2.1-nds/\libtoolchaingen7.a(wifi_arm7.o)
 .text          0x020013d0        0x0 c:/toolchain_generic/6.2_2016q4/arm-eabi/lib/newlib-nano-2.1-nds/\libtoolchaingen7.a(xmem.o)
 .text          0x020013d0        0x0 c:/toolchain_generic/6.2_2016q4/arm-eabi/lib/newlib-nano-2.1-nds/\libtoolchaingen7.a(ARM7FS.o)
 .text          0x020013d0        0x0 c:/toolchain_generic/6.2_2016q4/arm-eabi/lib/newlib-nano-2.1-nds/\libtoolchaingen7.a(biosTGDSC.o)
 .text          0x020013d0        0x0 c:/toolchain_generic/6.2_2016q4/arm-eabi/lib/newlib-nano-2.1-nds/\libtoolchaingen7.a(eventsTGDS.o)
 .text          0x020013d0        0x0 c:/toolchain_generic/6.2_2016q4/arm-eabi/lib/newlib-nano-2.1-nds/\libtoolchaingen7.a(utilsTGDS.o)
 .text          0x020013d0        0x0 c:/toolchain_generic/6.2_2016q4/arm-eabi/lib/newlib-nano-2.1-nds/\libtoolchaingen7.a(wifi_shared.o)
 .text          0x020013d0        0x0 c:/toolchain_generic/6.2_2016q4/arm-eabi/lib/newlib-nano-2.1-nds/\libtoolchaingen7.a(dmaTGDS.o)
 .text          0x020013d0        0x0 c:/toolchain_generic/6.2_2016q4/arm-eabi/lib/newlib-nano-2.1-nds/\libtoolchaingen7.a(spiTGDS.o)
 .text          0x020013d0        0x0 c:/toolchain_generic/6.2_2016q4/arm-eabi/lib/newlib-nano-2.1-nds/\libtoolchaingen7.a(spitscTGDS.o)
 .text          0x020013d0       0x5c c:/toolchain_generic/6.2_2016q4/arm-eabi/lib/newlib-nano-2.1-nds/\libtoolchaingen7.a(spinlockTGDS.o)
                0x020013d0                SLasm_Acquire
                0x02001404                SLasm_Release
 .text          0x0200142c        0x0 c:/toolchain_generic/6.2_2016q4/arm-eabi/lib/newlib-nano-2.1-nds/\libtoolchaingen7.a(clockTGDS.o)
 .text          0x0200142c        0x0 c:/toolchain_generic/6.2_2016q4/arm-eabi/lib/newlib-nano-2.1-nds/\libcnano7.a(__aeabi_idiv.o)
 .text          0x0200142c        0x0 c:/toolchain_generic/6.2_2016q4/arm-eabi/lib/newlib-nano-2.1-nds/\libcnano7.a(__aeabi_uidiv.o)
 .text          0x0200142c        0x0 c:/toolchain_generic/6.2_2016q4/arm-eabi/lib/newlib-nano-2.1-nds/\libcnano7.a(__udivmodsi4.o)
 .text          0x0200142c        0x0 c:/toolchain_generic/6.2_2016q4/arm-eabi/lib/newlib-nano-2.1-nds/\libcnano7.a(init.o)
 .text          0x0200142c        0x0 c:/toolchain_generic/6.2_2016q4/arm-eabi/lib/newlib-nano-2.1-nds/\libcnano7.a(memset.o)
 .text          0x0200142c        0x0 c:/toolchain_generic/6.2_2016q4/arm-eabi/lib/newlib-nano-2.1-nds/\libcnano7.a(strlen.o)
 .text          0x0200142c       0x20 c:/toolchain_generic/6.2_2016q4/arm-eabi/lib/newlib-nano-2.1-nds/\libcnano7.a(__aeabi_idivmod.o)
                0x0200142c                __aeabi_idivmod
 .text          0x0200144c       0x20 c:/toolchain_generic/6.2_2016q4/arm-eabi/lib/newlib-nano-2.1-nds/\libcnano7.a(__aeabi_uidivmod.o)
                0x0200144c                __aeabi_uidivmod
 .text          0x0200146c      0x48c c:/toolchain_generic/6.2_2016q4/arm-eabi/lib/newlib-nano-2.1-nds/\libcnano7.a(arm-asm-memcpy.o)
                0x0200146c                memcpy
 .text          0x020018f8        0x0 c:/toolchain_generic/6.2_2016q4/bin/../lib/gcc/arm-eabi/4.9.2/crtend.o
 .text          0x020018f8        0x0 c:/toolchain_generic/6.2_2016q4/bin/../lib/gcc/arm-eabi/4.9.2/crtn.o
 *(.text.*)
 .text.coherent_user_range_by_size
                0x020018f8        0x8 build/CP15OpcodesC.o
                0x020018f8                coherent_user_range_by_size
 .text.flush_dcache_all
                0x02001900       0x20 build/CP15OpcodesC.o
                0x02001900                flush_dcache_all
 .text.main     0x02001920      0x128 build/main.o
                0x02001920                main
 .text.get_ewram_start
                0x02001a48       0x2c build/nds9_mpu_setup.o
                0x02001a48                get_ewram_start
 .text.get_ewram_size
                0x02001a74       0x2c build/nds9_mpu_setup.o
                0x02001a74                get_ewram_size
 .text.get_itcm_start
                0x02001aa0       0x2c build/nds9_mpu_setup.o
                0x02001aa0                get_itcm_start
 .text.get_itcm_size
                0x02001acc       0x2c build/nds9_mpu_setup.o
                0x02001acc                get_itcm_size
 .text.get_dtcm_start
                0x02001af8       0x2c build/nds9_mpu_setup.o
                0x02001af8                get_dtcm_start
 .text.get_dtcm_size
                0x02001b24       0x2c build/nds9_mpu_setup.o
                0x02001b24                get_dtcm_size
 .text.EWRAMCached
                0x02001b50       0x28 build/nds9_mpu_setup.o
                0x02001b50                EWRAMCached
 .text.EWRAMUncached
                0x02001b78       0x3c build/nds9_mpu_setup.o
                0x02001b78                EWRAMUncached
 .text.updateMPUSetting
                0x02001bb4       0xa0 build/nds9_mpu_setup.o
                0x02001bb4                updateMPUSetting
 .text.set0xFFFF0000FastMPUSettings
                0x02001c54       0xac build/nds9_mpu_setup.o
                0x02001c54                set0xFFFF0000FastMPUSettings
 .text.IpcSynchandlerUser
                0x02001d00        0x4 build/Interrupts_app7.o
                0x02001d00                IpcSynchandlerUser
 .text.Timer0handlerUser
                0x02001d04        0x4 build/Interrupts_app7.o
                0x02001d04                Timer0handlerUser
 .text.Timer1handlerUser
                0x02001d08        0x4 build/Interrupts_app7.o
                0x02001d08                Timer1handlerUser
 .text.Timer2handlerUser
                0x02001d0c        0x4 build/Interrupts_app7.o
                0x02001d0c                Timer2handlerUser
 .text.Timer3handlerUser
                0x02001d10        0x4 build/Interrupts_app7.o
                0x02001d10                Timer3handlerUser
 .text.HblankUser
                0x02001d14        0x4 build/Interrupts_app7.o
                0x02001d14                HblankUser
 .text.VblankUser
                0x02001d18        0x4 build/Interrupts_app7.o
                0x02001d18                VblankUser
 .text.VcounterUser
                0x02001d1c        0x4 build/Interrupts_app7.o
                0x02001d1c                VcounterUser
 .text.screenLidHasOpenedhandlerUser
                0x02001d20        0x4 build/Interrupts_app7.o
                0x02001d20                screenLidHasOpenedhandlerUser
 .text.screenLidHasClosedhandlerUser
                0x02001d24        0x4 build/Interrupts_app7.o
                0x02001d24                screenLidHasClosedhandlerUser
 .text.setupDefaultExceptionHandler
                0x02001d28       0x18 c:/toolchain_generic/6.2_2016q4/arm-eabi/lib/newlib-nano-2.1-nds/\libtoolchaingen7.a(exceptionTGDS.o)
                0x02001d28                setupDefaultExceptionHandler
 .text.setupCustomExceptionHandler
                0x02001d40       0x24 c:/toolchain_generic/6.2_2016q4/arm-eabi/lib/newlib-nano-2.1-nds/\libtoolchaingen7.a(exceptionTGDS.o)
                0x02001d40                setupCustomExceptionHandler
 .text.exception_sysexit
                0x02001d64       0x4c c:/toolchain_generic/6.2_2016q4/arm-eabi/lib/newlib-nano-2.1-nds/\libtoolchaingen7.a(exceptionTGDS.o)
                0x02001d64                exception_sysexit
 .text.generalARMExceptionHandler
                0x02001db0       0x48 c:/toolchain_generic/6.2_2016q4/arm-eabi/lib/newlib-nano-2.1-nds/\libtoolchaingen7.a(exceptionTGDS.o)
                0x02001db0                generalARMExceptionHandler
 .text.resetMemory_ARMCores
                0x02001df8       0x74 c:/toolchain_generic/6.2_2016q4/arm-eabi/lib/newlib-nano-2.1-nds/\libtoolchaingen7.a(initNDSTGDS.o)
                0x02001df8                resetMemory_ARMCores
 .text.initHardware
                0x02001e6c       0x60 c:/toolchain_generic/6.2_2016q4/arm-eabi/lib/newlib-nano-2.1-nds/\libtoolchaingen7.a(initNDSTGDS.o)
                0x02001e6c                initHardware
 .text.get_iwram_start
                0x02001ecc        0xc c:/toolchain_generic/6.2_2016q4/arm-eabi/lib/newlib-nano-2.1-nds/\libtoolchaingen7.a(posixHandleTGDS.o)
                0x02001ecc                get_iwram_start
 .text.get_iwram_size
                0x02001ed8       0x18 c:/toolchain_generic/6.2_2016q4/arm-eabi/lib/newlib-nano-2.1-nds/\libtoolchaingen7.a(posixHandleTGDS.o)
                0x02001ed8                get_iwram_size
 .text.get_iwram_end
                0x02001ef0        0xc c:/toolchain_generic/6.2_2016q4/arm-eabi/lib/newlib-nano-2.1-nds/\libtoolchaingen7.a(posixHandleTGDS.o)
                0x02001ef0                get_iwram_end
 .text.get_lma_libend
                0x02001efc        0xc c:/toolchain_generic/6.2_2016q4/arm-eabi/lib/newlib-nano-2.1-nds/\libtoolchaingen7.a(posixHandleTGDS.o)
                0x02001efc                get_lma_libend
 .text.get_lma_wramend
                0x02001f08        0xc c:/toolchain_generic/6.2_2016q4/arm-eabi/lib/newlib-nano-2.1-nds/\libtoolchaingen7.a(posixHandleTGDS.o)
                0x02001f08                get_lma_wramend
 .text.printf7  0x02001f14       0xdc c:/toolchain_generic/6.2_2016q4/arm-eabi/lib/newlib-nano-2.1-nds/\libtoolchaingen7.a(posixHandleTGDS.o)
                0x02001f14                printf7
 .text.writeDebugBuffer7
                0x02001ff0       0xb4 c:/toolchain_generic/6.2_2016q4/arm-eabi/lib/newlib-nano-2.1-nds/\libtoolchaingen7.a(posixHandleTGDS.o)
                0x02001ff0                writeDebugBuffer7
 .text.setTGDSARM7MallocBaseAddress
                0x020020a4       0x10 c:/toolchain_generic/6.2_2016q4/arm-eabi/lib/newlib-nano-2.1-nds/\libtoolchaingen7.a(posixHandleTGDS.o)
                0x020020a4                setTGDSARM7MallocBaseAddress
 .text.getTGDSARM7MallocBaseAddress
                0x020020b4       0x10 c:/toolchain_generic/6.2_2016q4/arm-eabi/lib/newlib-nano-2.1-nds/\libtoolchaingen7.a(posixHandleTGDS.o)
                0x020020b4                getTGDSARM7MallocBaseAddress
 .text.initARM7Malloc
                0x020020c4       0x5c c:/toolchain_generic/6.2_2016q4/arm-eabi/lib/newlib-nano-2.1-nds/\libtoolchaingen7.a(posixHandleTGDS.o)
                0x020020c4                initARM7Malloc
 .text.checkClipping
                0x02002120       0x30 c:/toolchain_generic/6.2_2016q4/arm-eabi/lib/newlib-nano-2.1-nds/\libtoolchaingen7.a(ipcfifoTGDS.o)
 .text.Write8bitAddrExtArm
                0x02002150       0x30 c:/toolchain_generic/6.2_2016q4/arm-eabi/lib/newlib-nano-2.1-nds/\libtoolchaingen7.a(ipcfifoTGDS.o)
                0x02002150                Write8bitAddrExtArm
 .text.Write16bitAddrExtArm
                0x02002180       0x30 c:/toolchain_generic/6.2_2016q4/arm-eabi/lib/newlib-nano-2.1-nds/\libtoolchaingen7.a(ipcfifoTGDS.o)
                0x02002180                Write16bitAddrExtArm
 .text.Write32bitAddrExtArm
                0x020021b0       0x30 c:/toolchain_generic/6.2_2016q4/arm-eabi/lib/newlib-nano-2.1-nds/\libtoolchaingen7.a(ipcfifoTGDS.o)
                0x020021b0                Write32bitAddrExtArm
 .text.SendFIFOWords
                0x020021e0       0x10 c:/toolchain_generic/6.2_2016q4/arm-eabi/lib/newlib-nano-2.1-nds/\libtoolchaingen7.a(ipcfifoTGDS.o)
                0x020021e0                SendFIFOWords
 .text.HandleFifoEmpty
                0x020021f0       0x18 c:/toolchain_generic/6.2_2016q4/arm-eabi/lib/newlib-nano-2.1-nds/\libtoolchaingen7.a(ipcfifoTGDS.o)
                0x020021f0                HandleFifoEmpty
 .text.HandleFifoNotEmpty
                0x02002208      0xa14 c:/toolchain_generic/6.2_2016q4/arm-eabi/lib/newlib-nano-2.1-nds/\libtoolchaingen7.a(ipcfifoTGDS.o)
                0x02002208                HandleFifoNotEmpty
 .text.ReadMemoryExt
                0x02002c1c       0x84 c:/toolchain_generic/6.2_2016q4/arm-eabi/lib/newlib-nano-2.1-nds/\libtoolchaingen7.a(ipcfifoTGDS.o)
                0x02002c1c                ReadMemoryExt
 .text.SaveMemoryExt
                0x02002ca0       0x64 c:/toolchain_generic/6.2_2016q4/arm-eabi/lib/newlib-nano-2.1-nds/\libtoolchaingen7.a(ipcfifoTGDS.o)
                0x02002ca0                SaveMemoryExt
 .text.ReadFirmwareARM7Ext
                0x02002d04       0x6c c:/toolchain_generic/6.2_2016q4/arm-eabi/lib/newlib-nano-2.1-nds/\libtoolchaingen7.a(ipcfifoTGDS.o)
                0x02002d04                ReadFirmwareARM7Ext
 .text.powerON  0x02002d70       0x20 c:/toolchain_generic/6.2_2016q4/arm-eabi/lib/newlib-nano-2.1-nds/\libtoolchaingen7.a(powerTGDS.o)
                0x02002d70                powerON
 .text.powerOFF
                0x02002d90       0x18 c:/toolchain_generic/6.2_2016q4/arm-eabi/lib/newlib-nano-2.1-nds/\libtoolchaingen7.a(powerTGDS.o)
                0x02002d90                powerOFF
 .text.SoundPowerON
                0x02002da8       0x44 c:/toolchain_generic/6.2_2016q4/arm-eabi/lib/newlib-nano-2.1-nds/\libtoolchaingen7.a(powerTGDS.o)
                0x02002da8                SoundPowerON
 .text.readFirmwareSPI
                0x02002dec       0x84 c:/toolchain_generic/6.2_2016q4/arm-eabi/lib/newlib-nano-2.1-nds/\libtoolchaingen7.a(spifwTGDS.o)
                0x02002dec                readFirmwareSPI
 .text.PowerManagementDeviceWrite
                0x02002e70       0x78 c:/toolchain_generic/6.2_2016q4/arm-eabi/lib/newlib-nano-2.1-nds/\libtoolchaingen7.a(spifwTGDS.o)
                0x02002e70                PowerManagementDeviceWrite
 .text.PowerManagementDeviceRead
                0x02002ee8        0xc c:/toolchain_generic/6.2_2016q4/arm-eabi/lib/newlib-nano-2.1-nds/\libtoolchaingen7.a(spifwTGDS.o)
                0x02002ee8                PowerManagementDeviceRead
 .text.ParseFWSettings
                0x02002ef4       0x74 c:/toolchain_generic/6.2_2016q4/arm-eabi/lib/newlib-nano-2.1-nds/\libtoolchaingen7.a(usrsettingsTGDS.o)
                0x02002ef4                ParseFWSettings
 .text.LoadFirmwareSettingsFromFlash
                0x02002f68       0xd4 c:/toolchain_generic/6.2_2016q4/arm-eabi/lib/newlib-nano-2.1-nds/\libtoolchaingen7.a(usrsettingsTGDS.o)
                0x02002f68                LoadFirmwareSettingsFromFlash
 .text.getLanguage
                0x0200303c       0x14 c:/toolchain_generic/6.2_2016q4/arm-eabi/lib/newlib-nano-2.1-nds/\libtoolchaingen7.a(usrsettingsTGDS.o)
                0x0200303c                getLanguage
 .text.initSound
                0x02003050       0x14 c:/toolchain_generic/6.2_2016q4/arm-eabi/lib/newlib-nano-2.1-nds/\libtoolchaingen7.a(soundTGDS.o)
                0x02003050                initSound
 .text.startSoundSample
                0x02003064      0x10c c:/toolchain_generic/6.2_2016q4/arm-eabi/lib/newlib-nano-2.1-nds/\libtoolchaingen7.a(soundTGDS.o)
                0x02003064                startSoundSample
 .text.getsoundSampleContextByIndex
                0x02003170       0x20 c:/toolchain_generic/6.2_2016q4/arm-eabi/lib/newlib-nano-2.1-nds/\libtoolchaingen7.a(soundTGDS.o)
                0x02003170                getsoundSampleContextByIndex
 .text.freesoundSampleContext
                0x02003190       0x58 c:/toolchain_generic/6.2_2016q4/arm-eabi/lib/newlib-nano-2.1-nds/\libtoolchaingen7.a(soundTGDS.o)
                0x02003190                freesoundSampleContext
 .text.initSoundSampleContext
                0x020031e8       0x40 c:/toolchain_generic/6.2_2016q4/arm-eabi/lib/newlib-nano-2.1-nds/\libtoolchaingen7.a(soundTGDS.o)
                0x020031e8                initSoundSampleContext
 .text.getFreeSoundSampleContext
                0x02003228       0x50 c:/toolchain_generic/6.2_2016q4/arm-eabi/lib/newlib-nano-2.1-nds/\libtoolchaingen7.a(soundTGDS.o)
                0x02003228                getFreeSoundSampleContext
 .text.EnableSoundSampleContext
                0x02003278       0x10 c:/toolchain_generic/6.2_2016q4/arm-eabi/lib/newlib-nano-2.1-nds/\libtoolchaingen7.a(soundTGDS.o)
                0x02003278                EnableSoundSampleContext
 .text.DisableSoundSampleContext
                0x02003288       0x14 c:/toolchain_generic/6.2_2016q4/arm-eabi/lib/newlib-nano-2.1-nds/\libtoolchaingen7.a(soundTGDS.o)
                0x02003288                DisableSoundSampleContext
 .text.mallocData
                0x0200329c       0x84 c:/toolchain_generic/6.2_2016q4/arm-eabi/lib/newlib-nano-2.1-nds/\libtoolchaingen7.a(soundTGDS.o)
                0x0200329c                mallocData
 .text._Z8freeDatav
                0x02003320        0x4 c:/toolchain_generic/6.2_2016q4/arm-eabi/lib/newlib-nano-2.1-nds/\libtoolchaingen7.a(soundTGDS.o)
                0x02003320                _Z8freeDatav
 .text._Z14setSwapChannelv
                0x02003324       0x9c c:/toolchain_generic/6.2_2016q4/arm-eabi/lib/newlib-nano-2.1-nds/\libtoolchaingen7.a(soundTGDS.o)
                0x02003324                _Z14setSwapChannelv
 .text.setupSound
                0x020033c0      0x178 c:/toolchain_generic/6.2_2016q4/arm-eabi/lib/newlib-nano-2.1-nds/\libtoolchaingen7.a(soundTGDS.o)
                0x020033c0                setupSound
 .text.stopSound
                0x02003538       0x44 c:/toolchain_generic/6.2_2016q4/arm-eabi/lib/newlib-nano-2.1-nds/\libtoolchaingen7.a(soundTGDS.o)
                0x02003538                stopSound
 .text.NDS_IRQHandler
                0x0200357c      0x3a0 c:/toolchain_generic/6.2_2016q4/arm-eabi/lib/newlib-nano-2.1-nds/\libtoolchaingen7.a(InterruptsARMCores_c.o)
                0x0200357c                NDS_IRQHandler
 .text.IRQInit  0x0200391c       0xac c:/toolchain_generic/6.2_2016q4/arm-eabi/lib/newlib-nano-2.1-nds/\libtoolchaingen7.a(InterruptsARMCores_c.o)
                0x0200391c                IRQInit
 .text.EnableIrq
                0x020039c8       0x14 c:/toolchain_generic/6.2_2016q4/arm-eabi/lib/newlib-nano-2.1-nds/\libtoolchaingen7.a(InterruptsARMCores_c.o)
                0x020039c8                EnableIrq
 .text.DisableIrq
                0x020039dc       0x14 c:/toolchain_generic/6.2_2016q4/arm-eabi/lib/newlib-nano-2.1-nds/\libtoolchaingen7.a(InterruptsARMCores_c.o)
                0x020039dc                DisableIrq
 .text.arm7_synctoarm9
                0x020039f0       0x1c c:/toolchain_generic/6.2_2016q4/arm-eabi/lib/newlib-nano-2.1-nds/\libtoolchaingen7.a(wifi_arm7.o)
                0x020039f0                arm7_synctoarm9
 .text.InitFlashData
                0x02003a0c       0x20 c:/toolchain_generic/6.2_2016q4/arm-eabi/lib/newlib-nano-2.1-nds/\libtoolchaingen7.a(wifi_arm7.o)
                0x02003a0c                InitFlashData
 .text.DeInitFlashData
                0x02003a2c       0x20 c:/toolchain_generic/6.2_2016q4/arm-eabi/lib/newlib-nano-2.1-nds/\libtoolchaingen7.a(wifi_arm7.o)
                0x02003a2c                DeInitFlashData
 .text.ReadFlashByte
                0x02003a4c       0x18 c:/toolchain_generic/6.2_2016q4/arm-eabi/lib/newlib-nano-2.1-nds/\libtoolchaingen7.a(wifi_arm7.o)
                0x02003a4c                ReadFlashByte
 .text.ReadFlashBytes
                0x02003a64       0x54 c:/toolchain_generic/6.2_2016q4/arm-eabi/lib/newlib-nano-2.1-nds/\libtoolchaingen7.a(wifi_arm7.o)
                0x02003a64                ReadFlashBytes
 .text.ReadFlashHWord
                0x02003ab8       0x1c c:/toolchain_generic/6.2_2016q4/arm-eabi/lib/newlib-nano-2.1-nds/\libtoolchaingen7.a(wifi_arm7.o)
                0x02003ab8                ReadFlashHWord
 .text.crc16_slow
                0x02003ad4       0x48 c:/toolchain_generic/6.2_2016q4/arm-eabi/lib/newlib-nano-2.1-nds/\libtoolchaingen7.a(wifi_arm7.o)
                0x02003ad4                crc16_slow
 .text.GetWfcSettings
                0x02003b1c      0x1a8 c:/toolchain_generic/6.2_2016q4/arm-eabi/lib/newlib-nano-2.1-nds/\libtoolchaingen7.a(wifi_arm7.o)
                0x02003b1c                GetWfcSettings
 .text.Wifi_BBRead
                0x02003cc4       0x40 c:/toolchain_generic/6.2_2016q4/arm-eabi/lib/newlib-nano-2.1-nds/\libtoolchaingen7.a(wifi_arm7.o)
                0x02003cc4                Wifi_BBRead
 .text.Wifi_BBWrite
                0x02003d04       0x74 c:/toolchain_generic/6.2_2016q4/arm-eabi/lib/newlib-nano-2.1-nds/\libtoolchaingen7.a(wifi_arm7.o)
                0x02003d04                Wifi_BBWrite
 .text.Wifi_RFWrite
                0x02003d78       0x3c c:/toolchain_generic/6.2_2016q4/arm-eabi/lib/newlib-nano-2.1-nds/\libtoolchaingen7.a(wifi_arm7.o)
                0x02003d78                Wifi_RFWrite
 .text.Wifi_SetChannel.part.4
                0x02003db4      0x1b0 c:/toolchain_generic/6.2_2016q4/arm-eabi/lib/newlib-nano-2.1-nds/\libtoolchaingen7.a(wifi_arm7.o)
 .text.PowerChip_ReadWrite
                0x02003f64       0x80 c:/toolchain_generic/6.2_2016q4/arm-eabi/lib/newlib-nano-2.1-nds/\libtoolchaingen7.a(wifi_arm7.o)
                0x02003f64                PowerChip_ReadWrite
 .text.SetLedState
                0x02003fe4       0x48 c:/toolchain_generic/6.2_2016q4/arm-eabi/lib/newlib-nano-2.1-nds/\libtoolchaingen7.a(wifi_arm7.o)
                0x02003fe4                SetLedState
 .text.ProxySetLedState
                0x0200402c       0x1c c:/toolchain_generic/6.2_2016q4/arm-eabi/lib/newlib-nano-2.1-nds/\libtoolchaingen7.a(wifi_arm7.o)
                0x0200402c                ProxySetLedState
 .text.Wifi_RFInit
                0x02004048      0x124 c:/toolchain_generic/6.2_2016q4/arm-eabi/lib/newlib-nano-2.1-nds/\libtoolchaingen7.a(wifi_arm7.o)
                0x02004048                Wifi_RFInit
 .text.Wifi_BBInit
                0x0200416c       0x44 c:/toolchain_generic/6.2_2016q4/arm-eabi/lib/newlib-nano-2.1-nds/\libtoolchaingen7.a(wifi_arm7.o)
                0x0200416c                Wifi_BBInit
 .text.Wifi_MacInit
                0x020041b0       0x38 c:/toolchain_generic/6.2_2016q4/arm-eabi/lib/newlib-nano-2.1-nds/\libtoolchaingen7.a(wifi_arm7.o)
                0x020041b0                Wifi_MacInit
 .text.Wifi_TxSetup
                0x020041e8       0x14 c:/toolchain_generic/6.2_2016q4/arm-eabi/lib/newlib-nano-2.1-nds/\libtoolchaingen7.a(wifi_arm7.o)
                0x020041e8                Wifi_TxSetup
 .text.Wifi_RxSetup
                0x020041fc       0x58 c:/toolchain_generic/6.2_2016q4/arm-eabi/lib/newlib-nano-2.1-nds/\libtoolchaingen7.a(wifi_arm7.o)
                0x020041fc                Wifi_RxSetup
 .text.Wifi_WakeUp
                0x02004254       0x64 c:/toolchain_generic/6.2_2016q4/arm-eabi/lib/newlib-nano-2.1-nds/\libtoolchaingen7.a(wifi_arm7.o)
                0x02004254                Wifi_WakeUp
 .text.Wifi_Shutdown
                0x020042b8       0x5c c:/toolchain_generic/6.2_2016q4/arm-eabi/lib/newlib-nano-2.1-nds/\libtoolchaingen7.a(wifi_arm7.o)
                0x020042b8                Wifi_Shutdown
 .text.Wifi_CopyMacAddr
                0x02004314       0x1c c:/toolchain_generic/6.2_2016q4/arm-eabi/lib/newlib-nano-2.1-nds/\libtoolchaingen7.a(wifi_arm7.o)
                0x02004314                Wifi_CopyMacAddr
 .text.Wifi_CmpMacAddr
                0x02004330       0x40 c:/toolchain_generic/6.2_2016q4/arm-eabi/lib/newlib-nano-2.1-nds/\libtoolchaingen7.a(wifi_arm7.o)
                0x02004330                Wifi_CmpMacAddr
 .text.Wifi_MACRead
                0x02004370       0x50 c:/toolchain_generic/6.2_2016q4/arm-eabi/lib/newlib-nano-2.1-nds/\libtoolchaingen7.a(wifi_arm7.o)
                0x02004370                Wifi_MACRead
 .text.Wifi_MACCopy
                0x020043c0       0x94 c:/toolchain_generic/6.2_2016q4/arm-eabi/lib/newlib-nano-2.1-nds/\libtoolchaingen7.a(wifi_arm7.o)
                0x020043c0                Wifi_MACCopy
 .text.Wifi_MACWrite
                0x02004454       0x9c c:/toolchain_generic/6.2_2016q4/arm-eabi/lib/newlib-nano-2.1-nds/\libtoolchaingen7.a(wifi_arm7.o)
                0x02004454                Wifi_MACWrite
 .text.Wifi_QueueRxMacData
                0x020044f0       0xfc c:/toolchain_generic/6.2_2016q4/arm-eabi/lib/newlib-nano-2.1-nds/\libtoolchaingen7.a(wifi_arm7.o)
                0x020044f0                Wifi_QueueRxMacData
 .text.Wifi_CheckTxBuf
                0x020045ec       0x34 c:/toolchain_generic/6.2_2016q4/arm-eabi/lib/newlib-nano-2.1-nds/\libtoolchaingen7.a(wifi_arm7.o)
                0x020045ec                Wifi_CheckTxBuf
 .text.Wifi_CopyFirstTxData
                0x02004620       0xf0 c:/toolchain_generic/6.2_2016q4/arm-eabi/lib/newlib-nano-2.1-nds/\libtoolchaingen7.a(wifi_arm7.o)
                0x02004620                Wifi_CopyFirstTxData
 .text.Wifi_TxRaw
                0x02004710       0x68 c:/toolchain_generic/6.2_2016q4/arm-eabi/lib/newlib-nano-2.1-nds/\libtoolchaingen7.a(wifi_arm7.o)
                0x02004710                Wifi_TxRaw
 .text.Wifi_TxCheck
                0x02004778       0x18 c:/toolchain_generic/6.2_2016q4/arm-eabi/lib/newlib-nano-2.1-nds/\libtoolchaingen7.a(wifi_arm7.o)
                0x02004778                Wifi_TxCheck
 .text.Wifi_Intr_CntOverflow
                0x02004790       0x74 c:/toolchain_generic/6.2_2016q4/arm-eabi/lib/newlib-nano-2.1-nds/\libtoolchaingen7.a(wifi_arm7.o)
                0x02004790                Wifi_Intr_CntOverflow
 .text.Wifi_Intr_StartTx
                0x02004804       0x14 c:/toolchain_generic/6.2_2016q4/arm-eabi/lib/newlib-nano-2.1-nds/\libtoolchaingen7.a(wifi_arm7.o)
                0x02004804                Wifi_Intr_StartTx
 .text.Wifi_Intr_TxEnd
                0x02004818      0x128 c:/toolchain_generic/6.2_2016q4/arm-eabi/lib/newlib-nano-2.1-nds/\libtoolchaingen7.a(wifi_arm7.o)
                0x02004818                Wifi_Intr_TxEnd
 .text.Wifi_Intr_TBTT
                0x02004940       0x18 c:/toolchain_generic/6.2_2016q4/arm-eabi/lib/newlib-nano-2.1-nds/\libtoolchaingen7.a(wifi_arm7.o)
                0x02004940                Wifi_Intr_TBTT
 .text.Wifi_Intr_DoNothing
                0x02004958        0x4 c:/toolchain_generic/6.2_2016q4/arm-eabi/lib/newlib-nano-2.1-nds/\libtoolchaingen7.a(wifi_arm7.o)
                0x02004958                Wifi_Intr_DoNothing
 .text.Wifi_Interrupt
                0x0200495c      0x124 c:/toolchain_generic/6.2_2016q4/arm-eabi/lib/newlib-nano-2.1-nds/\libtoolchaingen7.a(wifi_arm7.o)
                0x0200495c                Wifi_Interrupt
 .text.Wifi_Update
                0x02004a80      0x574 c:/toolchain_generic/6.2_2016q4/arm-eabi/lib/newlib-nano-2.1-nds/\libtoolchaingen7.a(wifi_arm7.o)
                0x02004a80                Wifi_Update
 .text.erasemem
                0x02004ff4       0x1c c:/toolchain_generic/6.2_2016q4/arm-eabi/lib/newlib-nano-2.1-nds/\libtoolchaingen7.a(wifi_arm7.o)
                0x02004ff4                erasemem
 .text.Wifi_Stop
                0x02005010       0x4c c:/toolchain_generic/6.2_2016q4/arm-eabi/lib/newlib-nano-2.1-nds/\libtoolchaingen7.a(wifi_arm7.o)
                0x02005010                Wifi_Stop
 .text.Wifi_Deinit
                0x0200505c       0x2c c:/toolchain_generic/6.2_2016q4/arm-eabi/lib/newlib-nano-2.1-nds/\libtoolchaingen7.a(wifi_arm7.o)
                0x0200505c                Wifi_Deinit
 .text.Wifi_Init
                0x02005088      0x1ac c:/toolchain_generic/6.2_2016q4/arm-eabi/lib/newlib-nano-2.1-nds/\libtoolchaingen7.a(wifi_arm7.o)
                0x02005088                Wifi_Init
 .text.Wifi_SetChannel
                0x02005234       0x10 c:/toolchain_generic/6.2_2016q4/arm-eabi/lib/newlib-nano-2.1-nds/\libtoolchaingen7.a(wifi_arm7.o)
                0x02005234                Wifi_SetChannel
 .text.Wifi_SetWepKey
                0x02005244       0x44 c:/toolchain_generic/6.2_2016q4/arm-eabi/lib/newlib-nano-2.1-nds/\libtoolchaingen7.a(wifi_arm7.o)
                0x02005244                Wifi_SetWepKey
 .text.Wifi_SetWepMode
                0x02005288       0x3c c:/toolchain_generic/6.2_2016q4/arm-eabi/lib/newlib-nano-2.1-nds/\libtoolchaingen7.a(wifi_arm7.o)
                0x02005288                Wifi_SetWepMode
 .text.Wifi_SetBeaconPeriod
                0x020052c4       0x1c c:/toolchain_generic/6.2_2016q4/arm-eabi/lib/newlib-nano-2.1-nds/\libtoolchaingen7.a(wifi_arm7.o)
                0x020052c4                Wifi_SetBeaconPeriod
 .text.Wifi_SetMode
                0x020052e0       0x28 c:/toolchain_generic/6.2_2016q4/arm-eabi/lib/newlib-nano-2.1-nds/\libtoolchaingen7.a(wifi_arm7.o)
                0x020052e0                Wifi_SetMode
 .text.Wifi_SetPreambleType
                0x02005308       0x2c c:/toolchain_generic/6.2_2016q4/arm-eabi/lib/newlib-nano-2.1-nds/\libtoolchaingen7.a(wifi_arm7.o)
                0x02005308                Wifi_SetPreambleType
 .text.Wifi_DisableTempPowerSave
                0x02005334       0x28 c:/toolchain_generic/6.2_2016q4/arm-eabi/lib/newlib-nano-2.1-nds/\libtoolchaingen7.a(wifi_arm7.o)
                0x02005334                Wifi_DisableTempPowerSave
 .text.Wifi_Start
                0x0200535c      0x100 c:/toolchain_generic/6.2_2016q4/arm-eabi/lib/newlib-nano-2.1-nds/\libtoolchaingen7.a(wifi_arm7.o)
                0x0200535c                Wifi_Start
 .text.Wifi_TxQueue
                0x0200545c       0xe4 c:/toolchain_generic/6.2_2016q4/arm-eabi/lib/newlib-nano-2.1-nds/\libtoolchaingen7.a(wifi_arm7.o)
                0x0200545c                Wifi_TxQueue
 .text.Wifi_GenMgtHeader
                0x02005540       0xd0 c:/toolchain_generic/6.2_2016q4/arm-eabi/lib/newlib-nano-2.1-nds/\libtoolchaingen7.a(wifi_arm7.o)
                0x02005540                Wifi_GenMgtHeader
 .text.Wifi_SendOpenSystemAuthPacket
                0x02005610       0x5c c:/toolchain_generic/6.2_2016q4/arm-eabi/lib/newlib-nano-2.1-nds/\libtoolchaingen7.a(wifi_arm7.o)
                0x02005610                Wifi_SendOpenSystemAuthPacket
 .text.Wifi_SendSharedKeyAuthPacket
                0x0200566c       0x5c c:/toolchain_generic/6.2_2016q4/arm-eabi/lib/newlib-nano-2.1-nds/\libtoolchaingen7.a(wifi_arm7.o)
                0x0200566c                Wifi_SendSharedKeyAuthPacket
 .text.Wifi_SendSharedKeyAuthPacket2
                0x020056c8       0xa4 c:/toolchain_generic/6.2_2016q4/arm-eabi/lib/newlib-nano-2.1-nds/\libtoolchaingen7.a(wifi_arm7.o)
                0x020056c8                Wifi_SendSharedKeyAuthPacket2
 .text.Wifi_SendAssocPacket
                0x0200576c      0x1b8 c:/toolchain_generic/6.2_2016q4/arm-eabi/lib/newlib-nano-2.1-nds/\libtoolchaingen7.a(wifi_arm7.o)
                0x0200576c                Wifi_SendAssocPacket
 .text.Wifi_SendNullFrame
                0x02005924       0x8c c:/toolchain_generic/6.2_2016q4/arm-eabi/lib/newlib-nano-2.1-nds/\libtoolchaingen7.a(wifi_arm7.o)
                0x02005924                Wifi_SendNullFrame
 .text.Wifi_SendPSPollFrame
                0x020059b0       0x9c c:/toolchain_generic/6.2_2016q4/arm-eabi/lib/newlib-nano-2.1-nds/\libtoolchaingen7.a(wifi_arm7.o)
                0x020059b0                Wifi_SendPSPollFrame
 .text.Wifi_ProcessReceivedFrame
                0x02005a4c      0xccc c:/toolchain_generic/6.2_2016q4/arm-eabi/lib/newlib-nano-2.1-nds/\libtoolchaingen7.a(wifi_arm7.o)
                0x02005a4c                Wifi_ProcessReceivedFrame
 .text.Wifi_Intr_RxEnd
                0x02006718      0x110 c:/toolchain_generic/6.2_2016q4/arm-eabi/lib/newlib-nano-2.1-nds/\libtoolchaingen7.a(wifi_arm7.o)
                0x02006718                Wifi_Intr_RxEnd
 .text.Wifi_CreateTxFrame
                0x02006828        0x8 c:/toolchain_generic/6.2_2016q4/arm-eabi/lib/newlib-nano-2.1-nds/\libtoolchaingen7.a(wifi_arm7.o)
                0x02006828                Wifi_CreateTxFrame
 .text.Wifi_Sync
                0x02006830      0x574 c:/toolchain_generic/6.2_2016q4/arm-eabi/lib/newlib-nano-2.1-nds/\libtoolchaingen7.a(wifi_arm7.o)
                0x02006830                Wifi_Sync
 .text.Wifi_SetSyncHandler
                0x02006da4       0x10 c:/toolchain_generic/6.2_2016q4/arm-eabi/lib/newlib-nano-2.1-nds/\libtoolchaingen7.a(wifi_arm7.o)
                0x02006da4                Wifi_SetSyncHandler
 .text.wifiAddressHandler
                0x02006db4       0x1c c:/toolchain_generic/6.2_2016q4/arm-eabi/lib/newlib-nano-2.1-nds/\libtoolchaingen7.a(wifi_arm7.o)
                0x02006db4                wifiAddressHandler
 .text.installWifiFIFO
                0x02006dd0       0x18 c:/toolchain_generic/6.2_2016q4/arm-eabi/lib/newlib-nano-2.1-nds/\libtoolchaingen7.a(wifi_arm7.o)
                0x02006dd0                installWifiFIFO
 .text.XmemSetup
                0x02006de8       0x1c c:/toolchain_generic/6.2_2016q4/arm-eabi/lib/newlib-nano-2.1-nds/\libtoolchaingen7.a(xmem.o)
                0x02006de8                XmemSetup
 .text.XmemInit
                0x02006e04       0xc0 c:/toolchain_generic/6.2_2016q4/arm-eabi/lib/newlib-nano-2.1-nds/\libtoolchaingen7.a(xmem.o)
                0x02006e04                XmemInit
 .text.Xfree    0x02006ec4       0x8c c:/toolchain_generic/6.2_2016q4/arm-eabi/lib/newlib-nano-2.1-nds/\libtoolchaingen7.a(xmem.o)
                0x02006ec4                Xfree
 .text.XMEM_FreeMem
                0x02006f50       0x4c c:/toolchain_generic/6.2_2016q4/arm-eabi/lib/newlib-nano-2.1-nds/\libtoolchaingen7.a(xmem.o)
                0x02006f50                XMEM_FreeMem
 .text.Xmalloc  0x02006f9c      0x130 c:/toolchain_generic/6.2_2016q4/arm-eabi/lib/newlib-nano-2.1-nds/\libtoolchaingen7.a(xmem.o)
                0x02006f9c                Xmalloc
 .text.Xcalloc  0x020070cc       0x48 c:/toolchain_generic/6.2_2016q4/arm-eabi/lib/newlib-nano-2.1-nds/\libtoolchaingen7.a(xmem.o)
                0x020070cc                Xcalloc
 .text.ARM7FS_GetFileSize
                0x02007114       0x10 c:/toolchain_generic/6.2_2016q4/arm-eabi/lib/newlib-nano-2.1-nds/\libtoolchaingen7.a(ARM7FS.o)
                0x02007114                ARM7FS_GetFileSize
 .text.ARM7FS_BufferReadByIRQ
                0x02007124       0xa4 c:/toolchain_generic/6.2_2016q4/arm-eabi/lib/newlib-nano-2.1-nds/\libtoolchaingen7.a(ARM7FS.o)
                0x02007124                ARM7FS_BufferReadByIRQ
 .text.ARM7FS_BufferSaveByIRQ
                0x020071c8       0x98 c:/toolchain_generic/6.2_2016q4/arm-eabi/lib/newlib-nano-2.1-nds/\libtoolchaingen7.a(ARM7FS.o)
                0x020071c8                ARM7FS_BufferSaveByIRQ
 .text.performARM7MP2FSTestCase
                0x02007260      0x13c c:/toolchain_generic/6.2_2016q4/arm-eabi/lib/newlib-nano-2.1-nds/\libtoolchaingen7.a(ARM7FS.o)
                0x02007260                performARM7MP2FSTestCase
 .text.initARM7FS
                0x0200739c       0x28 c:/toolchain_generic/6.2_2016q4/arm-eabi/lib/newlib-nano-2.1-nds/\libtoolchaingen7.a(ARM7FS.o)
                0x0200739c                initARM7FS
 .text.deinitARM7FS
                0x020073c4        0x4 c:/toolchain_generic/6.2_2016q4/arm-eabi/lib/newlib-nano-2.1-nds/\libtoolchaingen7.a(ARM7FS.o)
                0x020073c4                deinitARM7FS
 .text.swiFastCopy
                0x020073c8      0x124 c:/toolchain_generic/6.2_2016q4/arm-eabi/lib/newlib-nano-2.1-nds/\libtoolchaingen7.a(biosTGDSC.o)
                0x020073c8                swiFastCopy
 .text.handleARM7InitSVC
                0x020074ec        0x4 c:/toolchain_generic/6.2_2016q4/arm-eabi/lib/newlib-nano-2.1-nds/\libtoolchaingen7.a(biosTGDSC.o)
                0x020074ec                handleARM7InitSVC
 .text.getTurnOffScreensTimeout
                0x020074f0       0x10 c:/toolchain_generic/6.2_2016q4/arm-eabi/lib/newlib-nano-2.1-nds/\libtoolchaingen7.a(eventsTGDS.o)
                0x020074f0                getTurnOffScreensTimeout
 .text.enableTGDSEventHandling
                0x02007500       0x14 c:/toolchain_generic/6.2_2016q4/arm-eabi/lib/newlib-nano-2.1-nds/\libtoolchaingen7.a(eventsTGDS.o)
                0x02007500                enableTGDSEventHandling
 .text.TGDSSetEvent
                0x02007514       0x10 c:/toolchain_generic/6.2_2016q4/arm-eabi/lib/newlib-nano-2.1-nds/\libtoolchaingen7.a(eventsTGDS.o)
                0x02007514                TGDSSetEvent
 .text.disableTGDSEventHandling
                0x02007524       0x14 c:/toolchain_generic/6.2_2016q4/arm-eabi/lib/newlib-nano-2.1-nds/\libtoolchaingen7.a(eventsTGDS.o)
                0x02007524                disableTGDSEventHandling
 .text.setTurnOffScreensTimeout
                0x02007538       0x10 c:/toolchain_generic/6.2_2016q4/arm-eabi/lib/newlib-nano-2.1-nds/\libtoolchaingen7.a(eventsTGDS.o)
                0x02007538                setTurnOffScreensTimeout
 .text.TurnOnScreens
                0x02007548       0x38 c:/toolchain_generic/6.2_2016q4/arm-eabi/lib/newlib-nano-2.1-nds/\libtoolchaingen7.a(eventsTGDS.o)
                0x02007548                TurnOnScreens
 .text.TurnOffScreens
                0x02007580       0x1c c:/toolchain_generic/6.2_2016q4/arm-eabi/lib/newlib-nano-2.1-nds/\libtoolchaingen7.a(eventsTGDS.o)
                0x02007580                TurnOffScreens
 .text.setAndEnableSleepModeInSeconds
                0x0200759c       0x40 c:/toolchain_generic/6.2_2016q4/arm-eabi/lib/newlib-nano-2.1-nds/\libtoolchaingen7.a(eventsTGDS.o)
                0x0200759c                setAndEnableSleepModeInSeconds
 .text.enableSleepMode
                0x020075dc       0x14 c:/toolchain_generic/6.2_2016q4/arm-eabi/lib/newlib-nano-2.1-nds/\libtoolchaingen7.a(eventsTGDS.o)
                0x020075dc                enableSleepMode
 .text.disableSleepMode
                0x020075f0       0x14 c:/toolchain_generic/6.2_2016q4/arm-eabi/lib/newlib-nano-2.1-nds/\libtoolchaingen7.a(eventsTGDS.o)
                0x020075f0                disableSleepMode
 .text.ucs2tombs
                0x02007604      0x1d8 c:/toolchain_generic/6.2_2016q4/arm-eabi/lib/newlib-nano-2.1-nds/\libtoolchaingen7.a(utilsTGDS.o)
                0x02007604                ucs2tombs
 .text.shutdownNDSHardware
                0x020077dc       0x20 c:/toolchain_generic/6.2_2016q4/arm-eabi/lib/newlib-nano-2.1-nds/\libtoolchaingen7.a(utilsTGDS.o)
                0x020077dc                shutdownNDSHardware
 .text.setBacklight
                0x020077fc       0x30 c:/toolchain_generic/6.2_2016q4/arm-eabi/lib/newlib-nano-2.1-nds/\libtoolchaingen7.a(utilsTGDS.o)
                0x020077fc                setBacklight
 .text.DeInitWIFI
                0x0200782c       0x10 c:/toolchain_generic/6.2_2016q4/arm-eabi/lib/newlib-nano-2.1-nds/\libtoolchaingen7.a(wifi_shared.o)
                0x0200782c                DeInitWIFI
 .text.dmaFillWord
                0x0200783c       0x40 c:/toolchain_generic/6.2_2016q4/arm-eabi/lib/newlib-nano-2.1-nds/\libtoolchaingen7.a(dmaTGDS.o)
                0x0200783c                dmaFillWord
 .text.dmaFillHalfWord
                0x0200787c       0x40 c:/toolchain_generic/6.2_2016q4/arm-eabi/lib/newlib-nano-2.1-nds/\libtoolchaingen7.a(dmaTGDS.o)
                0x0200787c                dmaFillHalfWord
 .text.dmaTransferHalfWord
                0x020078bc       0x34 c:/toolchain_generic/6.2_2016q4/arm-eabi/lib/newlib-nano-2.1-nds/\libtoolchaingen7.a(dmaTGDS.o)
                0x020078bc                dmaTransferHalfWord
 .text.dmaTransferWord
                0x020078f0       0x34 c:/toolchain_generic/6.2_2016q4/arm-eabi/lib/newlib-nano-2.1-nds/\libtoolchaingen7.a(dmaTGDS.o)
                0x020078f0                dmaTransferWord
 .text.SPICSHIGH
                0x02007924       0x14 c:/toolchain_generic/6.2_2016q4/arm-eabi/lib/newlib-nano-2.1-nds/\libtoolchaingen7.a(spiTGDS.o)
                0x02007924                SPICSHIGH
 .text.SPIWAITCNT
                0x02007938       0x18 c:/toolchain_generic/6.2_2016q4/arm-eabi/lib/newlib-nano-2.1-nds/\libtoolchaingen7.a(spiTGDS.o)
                0x02007938                SPIWAITCNT
 .text.RWSPICNT
                0x02007950       0x24 c:/toolchain_generic/6.2_2016q4/arm-eabi/lib/newlib-nano-2.1-nds/\libtoolchaingen7.a(spiTGDS.o)
                0x02007950                RWSPICNT
 .text.doSPIARM7IO
                0x02007974       0x88 c:/toolchain_generic/6.2_2016q4/arm-eabi/lib/newlib-nano-2.1-nds/\libtoolchaingen7.a(spitscTGDS.o)
                0x02007974                doSPIARM7IO
 .text.penIRQread
                0x020079fc       0x1c c:/toolchain_generic/6.2_2016q4/arm-eabi/lib/newlib-nano-2.1-nds/\libtoolchaingen7.a(spitscTGDS.o)
                0x020079fc                penIRQread
 .text.XYReadPos
                0x02007a18      0x194 c:/toolchain_generic/6.2_2016q4/arm-eabi/lib/newlib-nano-2.1-nds/\libtoolchaingen7.a(spitscTGDS.o)
                0x02007a18                XYReadPos
 .text.XYReadScrPos
                0x02007bac       0x48 c:/toolchain_generic/6.2_2016q4/arm-eabi/lib/newlib-nano-2.1-nds/\libtoolchaingen7.a(spitscTGDS.o)
                0x02007bac                XYReadScrPos
 .text.rtcTransaction
                0x02007bf4      0x144 c:/toolchain_generic/6.2_2016q4/arm-eabi/lib/newlib-nano-2.1-nds/\libtoolchaingen7.a(clockTGDS.o)
                0x02007bf4                rtcTransaction
 .text.BCDToInt
                0x02007d38       0x18 c:/toolchain_generic/6.2_2016q4/arm-eabi/lib/newlib-nano-2.1-nds/\libtoolchaingen7.a(clockTGDS.o)
                0x02007d38                BCDToInt
 .text.yrsize   0x02007d50       0x5c c:/toolchain_generic/6.2_2016q4/arm-eabi/lib/newlib-nano-2.1-nds/\libtoolchaingen7.a(clockTGDS.o)
                0x02007d50                yrsize
 .text.tm2sec   0x02007dac       0xa0 c:/toolchain_generic/6.2_2016q4/arm-eabi/lib/newlib-nano-2.1-nds/\libtoolchaingen7.a(clockTGDS.o)
                0x02007dac                tm2sec
 .text.get_nds_seconds
                0x02007e4c       0xcc c:/toolchain_generic/6.2_2016q4/arm-eabi/lib/newlib-nano-2.1-nds/\libtoolchaingen7.a(clockTGDS.o)
                0x02007e4c                get_nds_seconds
 .text.nds_get_time7
                0x02007f18       0x5c c:/toolchain_generic/6.2_2016q4/arm-eabi/lib/newlib-nano-2.1-nds/\libtoolchaingen7.a(clockTGDS.o)
                0x02007f18                nds_get_time7
 .text.sec2tm   0x02007f74       0xbc c:/toolchain_generic/6.2_2016q4/arm-eabi/lib/newlib-nano-2.1-nds/\libtoolchaingen7.a(clockTGDS.o)
                0x02007f74                sec2tm
 .text.nds_set_time7
                0x02008030       0x6c c:/toolchain_generic/6.2_2016q4/arm-eabi/lib/newlib-nano-2.1-nds/\libtoolchaingen7.a(clockTGDS.o)
                0x02008030                nds_set_time7
 .text.getNDSRTCInSeconds
                0x0200809c       0x10 c:/toolchain_generic/6.2_2016q4/arm-eabi/lib/newlib-nano-2.1-nds/\libtoolchaingen7.a(clockTGDS.o)
                0x0200809c                getNDSRTCInSeconds
 .text.getTime  0x020080ac        0xc c:/toolchain_generic/6.2_2016q4/arm-eabi/lib/newlib-nano-2.1-nds/\libtoolchaingen7.a(clockTGDS.o)
                0x020080ac                getTime
 .text.TGDSgetDayOfWeek
                0x020080b8       0x10 c:/toolchain_generic/6.2_2016q4/arm-eabi/lib/newlib-nano-2.1-nds/\libtoolchaingen7.a(clockTGDS.o)
                0x020080b8                TGDSgetDayOfWeek
 .text.TGDSsetDayOfWeek
                0x020080c8       0x10 c:/toolchain_generic/6.2_2016q4/arm-eabi/lib/newlib-nano-2.1-nds/\libtoolchaingen7.a(clockTGDS.o)
                0x020080c8                TGDSsetDayOfWeek
 .text.__aeabi_idiv
                0x020080d8       0x70 c:/toolchain_generic/6.2_2016q4/arm-eabi/lib/newlib-nano-2.1-nds/\libcnano7.a(__aeabi_idiv.o)
                0x020080d8                __aeabi_idiv
 .text.__aeabi_uidiv
                0x02008148       0x14 c:/toolchain_generic/6.2_2016q4/arm-eabi/lib/newlib-nano-2.1-nds/\libcnano7.a(__aeabi_uidiv.o)
                0x02008148                __aeabi_uidiv
 .text.__udivmodsi4
                0x0200815c       0x58 c:/toolchain_generic/6.2_2016q4/arm-eabi/lib/newlib-nano-2.1-nds/\libcnano7.a(__udivmodsi4.o)
                0x0200815c                __udivmodsi4
 .text.__libc_init_array
                0x020081b4       0xa4 c:/toolchain_generic/6.2_2016q4/arm-eabi/lib/newlib-nano-2.1-nds/\libcnano7.a(init.o)
                0x020081b4                __libc_init_array
 .text.memset   0x02008258       0x18 c:/toolchain_generic/6.2_2016q4/arm-eabi/lib/newlib-nano-2.1-nds/\libcnano7.a(memset.o)
                0x02008258                memset
 .text.strlen   0x02008270       0x20 c:/toolchain_generic/6.2_2016q4/arm-eabi/lib/newlib-nano-2.1-nds/\libcnano7.a(strlen.o)
                0x02008270                strlen

.vfp11_veneer   0x02008290        0x0
 .vfp11_veneer  0x00000000        0x0 linker stubs

.v4_bx          0x02008290        0x0
 .v4_bx         0x00000000        0x0 linker stubs

.iplt           0x02008290        0x0
 .iplt          0x00000000        0x0 ./build/nds_arm_ld_crt0.o

.data           0x02008290      0x194
                0x02008290                PROVIDE (__data_start__, ABSOLUTE (.))
 *(.data)
 .data          0x02008290        0x0 ./build/nds_arm_ld_crt0.o
 .data          0x02008290        0x0 c:/toolchain_generic/6.2_2016q4/bin/../lib/gcc/arm-eabi/4.9.2/crti.o
 .data          0x02008290        0x4 c:/toolchain_generic/6.2_2016q4/bin/../lib/gcc/arm-eabi/4.9.2/crtbegin.o
                0x02008290                __dso_handle
 .data          0x02008294        0x0 build/arm9.o
 .data          0x02008294        0x0 build/CP15OpcodesC.o
 .data          0x02008294        0x0 build/main.o
 .data          0x02008294        0x0 build/nds9_mpu_setup.o
 .data          0x02008294        0x0 build/Interrupts_app7.o
 .data          0x02008294        0x0 build/CP15Opcodes.o
 .data          0x02008294        0x0 build/proc-arm946.o
 .data          0x02008294        0x0 c:/toolchain_generic/6.2_2016q4/arm-eabi/lib/newlib-nano-2.1-nds/\libtoolchaingen7.a(exceptionTGDS.o)
 .data          0x02008294        0x0 c:/toolchain_generic/6.2_2016q4/arm-eabi/lib/newlib-nano-2.1-nds/\libtoolchaingen7.a(initNDSTGDS.o)
 .data          0x02008294        0x0 c:/toolchain_generic/6.2_2016q4/arm-eabi/lib/newlib-nano-2.1-nds/\libtoolchaingen7.a(posixHandleTGDS.o)
 .data          0x02008294        0x0 c:/toolchain_generic/6.2_2016q4/arm-eabi/lib/newlib-nano-2.1-nds/\libtoolchaingen7.a(ipcfifoTGDS.o)
 .data          0x02008294        0x0 c:/toolchain_generic/6.2_2016q4/arm-eabi/lib/newlib-nano-2.1-nds/\libtoolchaingen7.a(powerTGDS.o)
 .data          0x02008294        0x0 c:/toolchain_generic/6.2_2016q4/arm-eabi/lib/newlib-nano-2.1-nds/\libtoolchaingen7.a(spifwTGDS.o)
 .data          0x02008294        0x0 c:/toolchain_generic/6.2_2016q4/arm-eabi/lib/newlib-nano-2.1-nds/\libtoolchaingen7.a(usrsettingsTGDS.o)
 .data          0x02008294        0x0 c:/toolchain_generic/6.2_2016q4/arm-eabi/lib/newlib-nano-2.1-nds/\libtoolchaingen7.a(biosTGDSAsm.o)
 .data          0x02008294        0x0 c:/toolchain_generic/6.2_2016q4/arm-eabi/lib/newlib-nano-2.1-nds/\libtoolchaingen7.a(exceptionTGDSasm.o)
 .data          0x02008294        0x0 c:/toolchain_generic/6.2_2016q4/arm-eabi/lib/newlib-nano-2.1-nds/\libtoolchaingen7.a(InterruptsARMCores_s.o)
 .data          0x02008294        0x0 c:/toolchain_generic/6.2_2016q4/arm-eabi/lib/newlib-nano-2.1-nds/\libtoolchaingen7.a(soundTGDS.o)
 .data          0x02008294        0x0 c:/toolchain_generic/6.2_2016q4/arm-eabi/lib/newlib-nano-2.1-nds/\libtoolchaingen7.a(InterruptsARMCores_c.o)
 .data          0x02008294        0x0 c:/toolchain_generic/6.2_2016q4/arm-eabi/lib/newlib-nano-2.1-nds/\libtoolchaingen7.a(wifi_arm7.o)
 .data          0x02008294        0x0 c:/toolchain_generic/6.2_2016q4/arm-eabi/lib/newlib-nano-2.1-nds/\libtoolchaingen7.a(xmem.o)
 .data          0x02008294        0x0 c:/toolchain_generic/6.2_2016q4/arm-eabi/lib/newlib-nano-2.1-nds/\libtoolchaingen7.a(ARM7FS.o)
 .data          0x02008294        0x0 c:/toolchain_generic/6.2_2016q4/arm-eabi/lib/newlib-nano-2.1-nds/\libtoolchaingen7.a(biosTGDSC.o)
 .data          0x02008294        0x0 c:/toolchain_generic/6.2_2016q4/arm-eabi/lib/newlib-nano-2.1-nds/\libtoolchaingen7.a(eventsTGDS.o)
 .data          0x02008294        0x0 c:/toolchain_generic/6.2_2016q4/arm-eabi/lib/newlib-nano-2.1-nds/\libtoolchaingen7.a(utilsTGDS.o)
 .data          0x02008294        0x0 c:/toolchain_generic/6.2_2016q4/arm-eabi/lib/newlib-nano-2.1-nds/\libtoolchaingen7.a(wifi_shared.o)
 .data          0x02008294        0x0 c:/toolchain_generic/6.2_2016q4/arm-eabi/lib/newlib-nano-2.1-nds/\libtoolchaingen7.a(dmaTGDS.o)
 .data          0x02008294        0x0 c:/toolchain_generic/6.2_2016q4/arm-eabi/lib/newlib-nano-2.1-nds/\libtoolchaingen7.a(spiTGDS.o)
 .data          0x02008294        0x0 c:/toolchain_generic/6.2_2016q4/arm-eabi/lib/newlib-nano-2.1-nds/\libtoolchaingen7.a(spitscTGDS.o)
 .data          0x02008294        0x0 c:/toolchain_generic/6.2_2016q4/arm-eabi/lib/newlib-nano-2.1-nds/\libtoolchaingen7.a(spinlockTGDS.o)
 .data          0x02008294        0x0 c:/toolchain_generic/6.2_2016q4/arm-eabi/lib/newlib-nano-2.1-nds/\libtoolchaingen7.a(clockTGDS.o)
 .data          0x02008294        0x0 c:/toolchain_generic/6.2_2016q4/arm-eabi/lib/newlib-nano-2.1-nds/\libcnano7.a(__aeabi_idiv.o)
 .data          0x02008294        0x0 c:/toolchain_generic/6.2_2016q4/arm-eabi/lib/newlib-nano-2.1-nds/\libcnano7.a(__aeabi_uidiv.o)
 .data          0x02008294        0x0 c:/toolchain_generic/6.2_2016q4/arm-eabi/lib/newlib-nano-2.1-nds/\libcnano7.a(__udivmodsi4.o)
 .data          0x02008294        0x0 c:/toolchain_generic/6.2_2016q4/arm-eabi/lib/newlib-nano-2.1-nds/\libcnano7.a(init.o)
 .data          0x02008294        0x0 c:/toolchain_generic/6.2_2016q4/arm-eabi/lib/newlib-nano-2.1-nds/\libcnano7.a(memset.o)
 .data          0x02008294        0x0 c:/toolchain_generic/6.2_2016q4/arm-eabi/lib/newlib-nano-2.1-nds/\libcnano7.a(strlen.o)
 .data          0x02008294        0x0 c:/toolchain_generic/6.2_2016q4/arm-eabi/lib/newlib-nano-2.1-nds/\libcnano7.a(__aeabi_idivmod.o)
 .data          0x02008294        0x0 c:/toolchain_generic/6.2_2016q4/arm-eabi/lib/newlib-nano-2.1-nds/\libcnano7.a(__aeabi_uidivmod.o)
 .data          0x02008294        0x0 c:/toolchain_generic/6.2_2016q4/arm-eabi/lib/newlib-nano-2.1-nds/\libcnano7.a(arm-asm-memcpy.o)
 .data          0x02008294        0x0 c:/toolchain_generic/6.2_2016q4/bin/../lib/gcc/arm-eabi/4.9.2/crtend.o
 .data          0x02008294        0x0 c:/toolchain_generic/6.2_2016q4/bin/../lib/gcc/arm-eabi/4.9.2/crtn.o
 *(.data.*)
 .data.pollCount
                0x02008294        0x4 c:/toolchain_generic/6.2_2016q4/arm-eabi/lib/newlib-nano-2.1-nds/\libtoolchaingen7.a(soundTGDS.o)
                0x02008294                pollCount
 .data.multRate
                0x02008298        0x4 c:/toolchain_generic/6.2_2016q4/arm-eabi/lib/newlib-nano-2.1-nds/\libtoolchaingen7.a(soundTGDS.o)
                0x02008298                multRate
 .data.count_ofs_list
                0x0200829c       0x24 c:/toolchain_generic/6.2_2016q4/arm-eabi/lib/newlib-nano-2.1-nds/\libtoolchaingen7.a(wifi_arm7.o)
                0x0200829c                count_ofs_list
 .data.MAC_Vallist
                0x020082c0       0x58 c:/toolchain_generic/6.2_2016q4/arm-eabi/lib/newlib-nano-2.1-nds/\libtoolchaingen7.a(wifi_arm7.o)
                0x020082c0                MAC_Vallist
 .data.RF_Reglist
                0x02008318       0x40 c:/toolchain_generic/6.2_2016q4/arm-eabi/lib/newlib-nano-2.1-nds/\libtoolchaingen7.a(wifi_arm7.o)
                0x02008318                RF_Reglist
 .data.MAC_Reglist
                0x02008358       0x58 c:/toolchain_generic/6.2_2016q4/arm-eabi/lib/newlib-nano-2.1-nds/\libtoolchaingen7.a(wifi_arm7.o)
                0x02008358                MAC_Reglist
 .data.XMEMTOTALSIZE
                0x020083b0        0x4 c:/toolchain_generic/6.2_2016q4/arm-eabi/lib/newlib-nano-2.1-nds/\libtoolchaingen7.a(xmem.o)
                0x020083b0                XMEMTOTALSIZE
 .data.XMEM_BLOCKSIZE
                0x020083b4        0x2 c:/toolchain_generic/6.2_2016q4/arm-eabi/lib/newlib-nano-2.1-nds/\libtoolchaingen7.a(xmem.o)
                0x020083b4                XMEM_BLOCKSIZE
 *fill*         0x020083b6        0x2 ff
 .data.TGDSEvent
                0x020083b8        0x4 c:/toolchain_generic/6.2_2016q4/arm-eabi/lib/newlib-nano-2.1-nds/\libtoolchaingen7.a(eventsTGDS.o)
                0x020083b8                TGDSEvent
 .data.ldmsize  0x020083bc       0x34 c:/toolchain_generic/6.2_2016q4/arm-eabi/lib/newlib-nano-2.1-nds/\libtoolchaingen7.a(clockTGDS.o)
 .data.dmsize   0x020083f0       0x34 c:/toolchain_generic/6.2_2016q4/arm-eabi/lib/newlib-nano-2.1-nds/\libtoolchaingen7.a(clockTGDS.o)
 *(.gnu.linkonce.d*)
 *(.gnu.linkonce.t*)
                0x02008424                PROVIDE (__data_end__, ABSOLUTE (.))

.igot.plt       0x02008424        0x0
 .igot.plt      0x00000000        0x0 ./build/nds_arm_ld_crt0.o

.got            0x02008424       0x2c
 .got           0x02008424       0x2c ./build/nds_arm_ld_crt0.o

.got.plt        0x02008450        0xc
 .got.plt       0x02008450        0xc ./build/nds_arm_ld_crt0.o
                0x02008450                _GLOBAL_OFFSET_TABLE_

.eh_frame       0x0200845c        0x4
 .eh_frame      0x0200845c        0x0 c:/toolchain_generic/6.2_2016q4/bin/../lib/gcc/arm-eabi/4.9.2/crtbegin.o
 .eh_frame      0x0200845c        0x4 c:/toolchain_generic/6.2_2016q4/bin/../lib/gcc/arm-eabi/4.9.2/crtend.o

.jcr            0x02008460        0x4
 .jcr           0x02008460        0x0 c:/toolchain_generic/6.2_2016q4/bin/../lib/gcc/arm-eabi/4.9.2/crtbegin.o
 .jcr           0x02008460        0x4 c:/toolchain_generic/6.2_2016q4/bin/../lib/gcc/arm-eabi/4.9.2/crtend.o

.tm_clone_table
                0x02008464        0x0
 .tm_clone_table
                0x02008464        0x0 c:/toolchain_generic/6.2_2016q4/bin/../lib/gcc/arm-eabi/4.9.2/crtbegin.o
 .tm_clone_table
                0x02008464        0x0 c:/toolchain_generic/6.2_2016q4/bin/../lib/gcc/arm-eabi/4.9.2/crtend.o

.embeddedBinData
                0x02008464    0xa0e20
 .embeddedBinData
                0x02008464    0xa0e20 build/arm9.o
                0x02008464                arm9_size
                0x02008468                arm9

.rodata         0x020a9284       0xa4
                0x020a9284                PROVIDE (__rodata_start__, ABSOLUTE (.))
 *(.rdata)
 *(.rodata)
 *(.rodata.*)
 .rodata.str1.1
                0x020a9284       0x5f c:/toolchain_generic/6.2_2016q4/arm-eabi/lib/newlib-nano-2.1-nds/\libtoolchaingen7.a(exceptionTGDS.o)
 *fill*         0x020a92e3        0x1 ff
 .rodata.str1.1
                0x020a92e4       0x44 c:/toolchain_generic/6.2_2016q4/arm-eabi/lib/newlib-nano-2.1-nds/\libtoolchaingen7.a(xmem.o)
 *(.gnu.linkonce.r.*)
                0x020a9328                PROVIDE (__rodata_end__, ABSOLUTE (.))

.rel.dyn        0x020a9328        0x0
 .rel.iplt      0x00000000        0x0 ./build/nds_arm_ld_crt0.o
 .rel.got       0x00000000        0x0 ./build/nds_arm_ld_crt0.o

.bss            0x020a9328       0xb0
                0x020a9328                PROVIDE (__bss_vma_start, ABSOLUTE (.))
 *(.dynbss*)
 *(.bss*)
 .bss           0x020a9328        0x0 ./build/nds_arm_ld_crt0.o
 .bss           0x020a9328        0x0 c:/toolchain_generic/6.2_2016q4/bin/../lib/gcc/arm-eabi/4.9.2/crti.o
 .bss           0x020a9328       0x1c c:/toolchain_generic/6.2_2016q4/bin/../lib/gcc/arm-eabi/4.9.2/crtbegin.o
 .bss           0x020a9344        0x0 build/arm9.o
 .bss           0x020a9344        0x0 build/CP15OpcodesC.o
 .bss           0x020a9344        0x0 build/main.o
 .bss           0x020a9344        0x0 build/nds9_mpu_setup.o
 .bss           0x020a9344        0x0 build/Interrupts_app7.o
 .bss           0x020a9344        0x0 build/CP15Opcodes.o
 .bss           0x020a9344        0x0 build/proc-arm946.o
 .bss           0x020a9344        0x0 c:/toolchain_generic/6.2_2016q4/arm-eabi/lib/newlib-nano-2.1-nds/\libtoolchaingen7.a(exceptionTGDS.o)
 .bss.CustomHandler
                0x020a9344        0x4 c:/toolchain_generic/6.2_2016q4/arm-eabi/lib/newlib-nano-2.1-nds/\libtoolchaingen7.a(exceptionTGDS.o)
                0x020a9344                CustomHandler
 .bss.exceptionArmRegsShared
                0x020a9348        0x4 c:/toolchain_generic/6.2_2016q4/arm-eabi/lib/newlib-nano-2.1-nds/\libtoolchaingen7.a(exceptionTGDS.o)
                0x020a9348                exceptionArmRegsShared
 .bss           0x020a934c        0x0 c:/toolchain_generic/6.2_2016q4/arm-eabi/lib/newlib-nano-2.1-nds/\libtoolchaingen7.a(initNDSTGDS.o)
 .bss           0x020a934c        0x0 c:/toolchain_generic/6.2_2016q4/arm-eabi/lib/newlib-nano-2.1-nds/\libtoolchaingen7.a(posixHandleTGDS.o)
 .bss.arm7ARGVDebugBufferShared
                0x020a934c        0x4 c:/toolchain_generic/6.2_2016q4/arm-eabi/lib/newlib-nano-2.1-nds/\libtoolchaingen7.a(posixHandleTGDS.o)
                0x020a934c                arm7ARGVDebugBufferShared
 .bss.arm7debugBufferShared
                0x020a9350        0x4 c:/toolchain_generic/6.2_2016q4/arm-eabi/lib/newlib-nano-2.1-nds/\libtoolchaingen7.a(posixHandleTGDS.o)
                0x020a9350                arm7debugBufferShared
 .bss.ARM7MallocTop
                0x020a9354        0x4 c:/toolchain_generic/6.2_2016q4/arm-eabi/lib/newlib-nano-2.1-nds/\libtoolchaingen7.a(posixHandleTGDS.o)
                0x020a9354                ARM7MallocTop
 .bss.arm7ARGVBufferShared
                0x020a9358        0x4 c:/toolchain_generic/6.2_2016q4/arm-eabi/lib/newlib-nano-2.1-nds/\libtoolchaingen7.a(posixHandleTGDS.o)
                0x020a9358                arm7ARGVBufferShared
 .bss.ARM7MallocBaseAddress
                0x020a935c        0x4 c:/toolchain_generic/6.2_2016q4/arm-eabi/lib/newlib-nano-2.1-nds/\libtoolchaingen7.a(posixHandleTGDS.o)
                0x020a935c                ARM7MallocBaseAddress
 .bss.printfBufferShared
                0x020a9360        0x4 c:/toolchain_generic/6.2_2016q4/arm-eabi/lib/newlib-nano-2.1-nds/\libtoolchaingen7.a(posixHandleTGDS.o)
                0x020a9360                printfBufferShared
 .bss           0x020a9364        0x0 c:/toolchain_generic/6.2_2016q4/arm-eabi/lib/newlib-nano-2.1-nds/\libtoolchaingen7.a(ipcfifoTGDS.o)
 .bss           0x020a9364        0x0 c:/toolchain_generic/6.2_2016q4/arm-eabi/lib/newlib-nano-2.1-nds/\libtoolchaingen7.a(powerTGDS.o)
 .bss           0x020a9364        0x0 c:/toolchain_generic/6.2_2016q4/arm-eabi/lib/newlib-nano-2.1-nds/\libtoolchaingen7.a(spifwTGDS.o)
 .bss           0x020a9364        0x0 c:/toolchain_generic/6.2_2016q4/arm-eabi/lib/newlib-nano-2.1-nds/\libtoolchaingen7.a(usrsettingsTGDS.o)
 .bss           0x020a9364        0x0 c:/toolchain_generic/6.2_2016q4/arm-eabi/lib/newlib-nano-2.1-nds/\libtoolchaingen7.a(biosTGDSAsm.o)
 .bss           0x020a9364        0x0 c:/toolchain_generic/6.2_2016q4/arm-eabi/lib/newlib-nano-2.1-nds/\libtoolchaingen7.a(exceptionTGDSasm.o)
 .bss           0x020a9364        0x0 c:/toolchain_generic/6.2_2016q4/arm-eabi/lib/newlib-nano-2.1-nds/\libtoolchaingen7.a(InterruptsARMCores_s.o)
 .bss           0x020a9364        0x0 c:/toolchain_generic/6.2_2016q4/arm-eabi/lib/newlib-nano-2.1-nds/\libtoolchaingen7.a(soundTGDS.o)
 .bss.lastL     0x020a9364        0x4 c:/toolchain_generic/6.2_2016q4/arm-eabi/lib/newlib-nano-2.1-nds/\libtoolchaingen7.a(soundTGDS.o)
                0x020a9364                lastL
 .bss.SoundTGDSCurChannel
                0x020a9368        0x4 c:/toolchain_generic/6.2_2016q4/arm-eabi/lib/newlib-nano-2.1-nds/\libtoolchaingen7.a(soundTGDS.o)
                0x020a9368                SoundTGDSCurChannel
 .bss.lastR     0x020a936c        0x4 c:/toolchain_generic/6.2_2016q4/arm-eabi/lib/newlib-nano-2.1-nds/\libtoolchaingen7.a(soundTGDS.o)
                0x020a936c                lastR
 .bss.strpcmR1  0x020a9370        0x4 c:/toolchain_generic/6.2_2016q4/arm-eabi/lib/newlib-nano-2.1-nds/\libtoolchaingen7.a(soundTGDS.o)
                0x020a9370                strpcmR1
 .bss.sndRate   0x020a9374        0x4 c:/toolchain_generic/6.2_2016q4/arm-eabi/lib/newlib-nano-2.1-nds/\libtoolchaingen7.a(soundTGDS.o)
                0x020a9374                sndRate
 .bss.strpcmR0  0x020a9378        0x4 c:/toolchain_generic/6.2_2016q4/arm-eabi/lib/newlib-nano-2.1-nds/\libtoolchaingen7.a(soundTGDS.o)
                0x020a9378                strpcmR0
 .bss.strpcmL0  0x020a937c        0x4 c:/toolchain_generic/6.2_2016q4/arm-eabi/lib/newlib-nano-2.1-nds/\libtoolchaingen7.a(soundTGDS.o)
                0x020a937c                strpcmL0
 .bss.strpcmL1  0x020a9380        0x4 c:/toolchain_generic/6.2_2016q4/arm-eabi/lib/newlib-nano-2.1-nds/\libtoolchaingen7.a(soundTGDS.o)
                0x020a9380                strpcmL1
 .bss.soundSampleContextCurrentMode
                0x020a9384        0x4 c:/toolchain_generic/6.2_2016q4/arm-eabi/lib/newlib-nano-2.1-nds/\libtoolchaingen7.a(soundTGDS.o)
                0x020a9384                soundSampleContextCurrentMode
 .bss.sndCursor
                0x020a9388        0x4 c:/toolchain_generic/6.2_2016q4/arm-eabi/lib/newlib-nano-2.1-nds/\libtoolchaingen7.a(soundTGDS.o)
                0x020a9388                sndCursor
 .bss.sampleLen
                0x020a938c        0x4 c:/toolchain_generic/6.2_2016q4/arm-eabi/lib/newlib-nano-2.1-nds/\libtoolchaingen7.a(soundTGDS.o)
                0x020a938c                sampleLen
 .bss.micBufLoc
                0x020a9390        0x4 c:/toolchain_generic/6.2_2016q4/arm-eabi/lib/newlib-nano-2.1-nds/\libtoolchaingen7.a(soundTGDS.o)
                0x020a9390                micBufLoc
 .bss           0x020a9394        0x0 c:/toolchain_generic/6.2_2016q4/arm-eabi/lib/newlib-nano-2.1-nds/\libtoolchaingen7.a(InterruptsARMCores_c.o)
 .bss           0x020a9394        0x0 c:/toolchain_generic/6.2_2016q4/arm-eabi/lib/newlib-nano-2.1-nds/\libtoolchaingen7.a(wifi_arm7.o)
 .bss.arm7qlen  0x020a9394        0x2 c:/toolchain_generic/6.2_2016q4/arm-eabi/lib/newlib-nano-2.1-nds/\libtoolchaingen7.a(wifi_arm7.o)
                0x020a9394                arm7qlen
 *fill*         0x020a9396        0x2 
 .bss.led_state
                0x020a9398        0x4 c:/toolchain_generic/6.2_2016q4/arm-eabi/lib/newlib-nano-2.1-nds/\libtoolchaingen7.a(wifi_arm7.o)
                0x020a9398                led_state
 .bss.chdata_save5
                0x020a939c        0x4 c:/toolchain_generic/6.2_2016q4/arm-eabi/lib/newlib-nano-2.1-nds/\libtoolchaingen7.a(wifi_arm7.o)
                0x020a939c                chdata_save5
 .bss.synchandler
                0x020a93a0        0x4 c:/toolchain_generic/6.2_2016q4/arm-eabi/lib/newlib-nano-2.1-nds/\libtoolchaingen7.a(wifi_arm7.o)
                0x020a93a0                synchandler
 .bss.WifiData  0x020a93a4        0x4 c:/toolchain_generic/6.2_2016q4/arm-eabi/lib/newlib-nano-2.1-nds/\libtoolchaingen7.a(wifi_arm7.o)
                0x020a93a4                WifiData
 .bss.keepalive_time
                0x020a93a8        0x4 c:/toolchain_generic/6.2_2016q4/arm-eabi/lib/newlib-nano-2.1-nds/\libtoolchaingen7.a(wifi_arm7.o)
                0x020a93a8                keepalive_time
 .bss           0x020a93ac        0x0 c:/toolchain_generic/6.2_2016q4/arm-eabi/lib/newlib-nano-2.1-nds/\libtoolchaingen7.a(xmem.o)
 .bss.XMEM_TABLESIZE
                0x020a93ac        0x4 c:/toolchain_generic/6.2_2016q4/arm-eabi/lib/newlib-nano-2.1-nds/\libtoolchaingen7.a(xmem.o)
                0x020a93ac                XMEM_TABLESIZE
 .bss.XMEM_BLOCKCOUNT
                0x020a93b0        0x4 c:/toolchain_generic/6.2_2016q4/arm-eabi/lib/newlib-nano-2.1-nds/\libtoolchaingen7.a(xmem.o)
                0x020a93b0                XMEM_BLOCKCOUNT
 .bss           0x020a93b4        0x0 c:/toolchain_generic/6.2_2016q4/arm-eabi/lib/newlib-nano-2.1-nds/\libtoolchaingen7.a(ARM7FS.o)
 .bss.ARM7FS_HandleMethod
                0x020a93b4        0x4 c:/toolchain_generic/6.2_2016q4/arm-eabi/lib/newlib-nano-2.1-nds/\libtoolchaingen7.a(ARM7FS.o)
                0x020a93b4                ARM7FS_HandleMethod
 .bss           0x020a93b8        0x0 c:/toolchain_generic/6.2_2016q4/arm-eabi/lib/newlib-nano-2.1-nds/\libtoolchaingen7.a(biosTGDSC.o)
 .bss.isArm7ClosedLid
                0x020a93b8        0x1 c:/toolchain_generic/6.2_2016q4/arm-eabi/lib/newlib-nano-2.1-nds/\libtoolchaingen7.a(biosTGDSC.o)
                0x020a93b8                isArm7ClosedLid
 *fill*         0x020a93b9        0x3 
 .bss           0x020a93bc        0x0 c:/toolchain_generic/6.2_2016q4/arm-eabi/lib/newlib-nano-2.1-nds/\libtoolchaingen7.a(eventsTGDS.o)
 .bss.sleepModeEnabled
                0x020a93bc        0x1 c:/toolchain_generic/6.2_2016q4/arm-eabi/lib/newlib-nano-2.1-nds/\libtoolchaingen7.a(eventsTGDS.o)
                0x020a93bc                sleepModeEnabled
 *fill*         0x020a93bd        0x3 
 .bss.dsvcount  0x020a93c0        0x4 c:/toolchain_generic/6.2_2016q4/arm-eabi/lib/newlib-nano-2.1-nds/\libtoolchaingen7.a(eventsTGDS.o)
                0x020a93c0                dsvcount
 .bss.eventsTGDSActive
                0x020a93c4        0x1 c:/toolchain_generic/6.2_2016q4/arm-eabi/lib/newlib-nano-2.1-nds/\libtoolchaingen7.a(eventsTGDS.o)
                0x020a93c4                eventsTGDSActive
 *fill*         0x020a93c5        0x3 
 .bss.sleepModeTimeout
                0x020a93c8        0x4 c:/toolchain_generic/6.2_2016q4/arm-eabi/lib/newlib-nano-2.1-nds/\libtoolchaingen7.a(eventsTGDS.o)
                0x020a93c8                sleepModeTimeout
 .bss.secondsPassed
                0x020a93cc        0x4 c:/toolchain_generic/6.2_2016q4/arm-eabi/lib/newlib-nano-2.1-nds/\libtoolchaingen7.a(eventsTGDS.o)
                0x020a93cc                secondsPassed
 .bss           0x020a93d0        0x0 c:/toolchain_generic/6.2_2016q4/arm-eabi/lib/newlib-nano-2.1-nds/\libtoolchaingen7.a(utilsTGDS.o)
 .bss           0x020a93d0        0x0 c:/toolchain_generic/6.2_2016q4/arm-eabi/lib/newlib-nano-2.1-nds/\libtoolchaingen7.a(wifi_shared.o)
 .bss           0x020a93d0        0x0 c:/toolchain_generic/6.2_2016q4/arm-eabi/lib/newlib-nano-2.1-nds/\libtoolchaingen7.a(dmaTGDS.o)
 .bss           0x020a93d0        0x0 c:/toolchain_generic/6.2_2016q4/arm-eabi/lib/newlib-nano-2.1-nds/\libtoolchaingen7.a(spiTGDS.o)
 .bss           0x020a93d0        0x0 c:/toolchain_generic/6.2_2016q4/arm-eabi/lib/newlib-nano-2.1-nds/\libtoolchaingen7.a(spitscTGDS.o)
 .bss.LastTSCPosX
                0x020a93d0        0x4 c:/toolchain_generic/6.2_2016q4/arm-eabi/lib/newlib-nano-2.1-nds/\libtoolchaingen7.a(spitscTGDS.o)
 .bss.LastTSCPosY
                0x020a93d4        0x4 c:/toolchain_generic/6.2_2016q4/arm-eabi/lib/newlib-nano-2.1-nds/\libtoolchaingen7.a(spitscTGDS.o)
 .bss           0x020a93d8        0x0 c:/toolchain_generic/6.2_2016q4/arm-eabi/lib/newlib-nano-2.1-nds/\libtoolchaingen7.a(spinlockTGDS.o)
 .bss           0x020a93d8        0x0 c:/toolchain_generic/6.2_2016q4/arm-eabi/lib/newlib-nano-2.1-nds/\libtoolchaingen7.a(clockTGDS.o)
 .bss           0x020a93d8        0x0 c:/toolchain_generic/6.2_2016q4/arm-eabi/lib/newlib-nano-2.1-nds/\libcnano7.a(__aeabi_idiv.o)
 .bss           0x020a93d8        0x0 c:/toolchain_generic/6.2_2016q4/arm-eabi/lib/newlib-nano-2.1-nds/\libcnano7.a(__aeabi_uidiv.o)
 .bss           0x020a93d8        0x0 c:/toolchain_generic/6.2_2016q4/arm-eabi/lib/newlib-nano-2.1-nds/\libcnano7.a(__udivmodsi4.o)
 .bss           0x020a93d8        0x0 c:/toolchain_generic/6.2_2016q4/arm-eabi/lib/newlib-nano-2.1-nds/\libcnano7.a(init.o)
 .bss           0x020a93d8        0x0 c:/toolchain_generic/6.2_2016q4/arm-eabi/lib/newlib-nano-2.1-nds/\libcnano7.a(memset.o)
 .bss           0x020a93d8        0x0 c:/toolchain_generic/6.2_2016q4/arm-eabi/lib/newlib-nano-2.1-nds/\libcnano7.a(strlen.o)
 .bss           0x020a93d8        0x0 c:/toolchain_generic/6.2_2016q4/arm-eabi/lib/newlib-nano-2.1-nds/\libcnano7.a(__aeabi_idivmod.o)
 .bss           0x020a93d8        0x0 c:/toolchain_generic/6.2_2016q4/arm-eabi/lib/newlib-nano-2.1-nds/\libcnano7.a(__aeabi_uidivmod.o)
 .bss           0x020a93d8        0x0 c:/toolchain_generic/6.2_2016q4/arm-eabi/lib/newlib-nano-2.1-nds/\libcnano7.a(arm-asm-memcpy.o)
 .bss           0x020a93d8        0x0 c:/toolchain_generic/6.2_2016q4/bin/../lib/gcc/arm-eabi/4.9.2/crtend.o
 .bss           0x020a93d8        0x0 c:/toolchain_generic/6.2_2016q4/bin/../lib/gcc/arm-eabi/4.9.2/crtn.o
 *(.bss)
 *(.gnu.linkonce.b*.)
                0x020a93d8                PROVIDE (__bss_vma_end, ABSOLUTE (.))

.ARM.exidx      0x020a93d8        0x0
                0x020a93d8                PROVIDE (__exidx_start, ABSOLUTE (.))
 *(.ARM.exidx)
 *(.ARM.exidx*)
 *(.gnu.linkonce.armexidx.)
 *(.gnu.linkonce.armexidx.*)
                0x020a93d8                PROVIDE (__exidx_end, ABSOLUTE (.))
                0x020a93d8                __itcm_vma_start = .

.itcm
 *(.itcm*)
                0x020a93d8                __itcm_vma_end__ = .
                0x020a93d8                __vectors_vma_start = .

.vectors        0x01ffc000        0x0 load address 0x020a93d8
 *(.vectors*)
                0x01ffc000                . = ALIGN (0x4)
                0x01ffc000                __vectors_vma_end__ = .
                0x01ffc000                __dtcm_vma_start = .

.dtcm
 *(.dtcm*)
                0x01ffc000                __dtcm_vma_end__ = .

.fini           0x020a93d8       0x1c
                0x020a93d8                PROVIDE (__fini_start__, ABSOLUTE (.))
 *(.fini)
 .fini          0x020a93d8        0xc c:/toolchain_generic/6.2_2016q4/bin/../lib/gcc/arm-eabi/4.9.2/crti.o
                0x020a93d8                _fini
 .fini          0x020a93e4        0xc c:/toolchain_generic/6.2_2016q4/bin/../lib/gcc/arm-eabi/4.9.2/crtn.o
 *(.fini*)
 .fini_array    0x020a93f0        0x4 c:/toolchain_generic/6.2_2016q4/bin/../lib/gcc/arm-eabi/4.9.2/crtbegin.o
                0x020a93f4                PROVIDE (__fini_end__, ABSOLUTE (.))
 FILL mask 0x40
                0x020a93f4                PROVIDE (__lib__end__, __fini_end__)
                0x020a93f4                . = ALIGN (0x4)
                0x020a9434                PROVIDE (__vma_stub_end__, (__lib__end__ + 0x40))

.stab
 *(.stab)

.stabstr
 *(.stabstr)

.stab.excl
 *(.stab.excl)

.stab.exclstr
 *(.stab.exclstr)

.stab.index
 *(.stab.index)

.stab.indexstr
 *(.stab.indexstr)

.comment        0x00000000       0x11
 *(.comment)
 .comment       0x00000000       0x11 c:/toolchain_generic/6.2_2016q4/bin/../lib/gcc/arm-eabi/4.9.2/crtbegin.o
                                 0x12 (size before relaxing)
 .comment       0x00000000       0x12 build/arm9.o
 .comment       0x00000000       0x12 build/CP15OpcodesC.o
 .comment       0x00000000       0x12 build/main.o
 .comment       0x00000000       0x12 build/nds9_mpu_setup.o
 .comment       0x00000000       0x12 build/Interrupts_app7.o
 .comment       0x00000000       0x12 c:/toolchain_generic/6.2_2016q4/arm-eabi/lib/newlib-nano-2.1-nds/\libtoolchaingen7.a(exceptionTGDS.o)
 .comment       0x00000000       0x12 c:/toolchain_generic/6.2_2016q4/arm-eabi/lib/newlib-nano-2.1-nds/\libtoolchaingen7.a(initNDSTGDS.o)
 .comment       0x00000000       0x12 c:/toolchain_generic/6.2_2016q4/arm-eabi/lib/newlib-nano-2.1-nds/\libtoolchaingen7.a(posixHandleTGDS.o)
 .comment       0x00000000       0x12 c:/toolchain_generic/6.2_2016q4/arm-eabi/lib/newlib-nano-2.1-nds/\libtoolchaingen7.a(ipcfifoTGDS.o)
 .comment       0x00000000       0x12 c:/toolchain_generic/6.2_2016q4/arm-eabi/lib/newlib-nano-2.1-nds/\libtoolchaingen7.a(powerTGDS.o)
 .comment       0x00000000       0x12 c:/toolchain_generic/6.2_2016q4/arm-eabi/lib/newlib-nano-2.1-nds/\libtoolchaingen7.a(spifwTGDS.o)
 .comment       0x00000000       0x12 c:/toolchain_generic/6.2_2016q4/arm-eabi/lib/newlib-nano-2.1-nds/\libtoolchaingen7.a(usrsettingsTGDS.o)
 .comment       0x00000000       0x12 c:/toolchain_generic/6.2_2016q4/arm-eabi/lib/newlib-nano-2.1-nds/\libtoolchaingen7.a(soundTGDS.o)
 .comment       0x00000000       0x12 c:/toolchain_generic/6.2_2016q4/arm-eabi/lib/newlib-nano-2.1-nds/\libtoolchaingen7.a(InterruptsARMCores_c.o)
 .comment       0x00000000       0x12 c:/toolchain_generic/6.2_2016q4/arm-eabi/lib/newlib-nano-2.1-nds/\libtoolchaingen7.a(wifi_arm7.o)
 .comment       0x00000000       0x12 c:/toolchain_generic/6.2_2016q4/arm-eabi/lib/newlib-nano-2.1-nds/\libtoolchaingen7.a(xmem.o)
 .comment       0x00000000       0x12 c:/toolchain_generic/6.2_2016q4/arm-eabi/lib/newlib-nano-2.1-nds/\libtoolchaingen7.a(ARM7FS.o)
 .comment       0x00000000       0x12 c:/toolchain_generic/6.2_2016q4/arm-eabi/lib/newlib-nano-2.1-nds/\libtoolchaingen7.a(biosTGDSC.o)
 .comment       0x00000000       0x12 c:/toolchain_generic/6.2_2016q4/arm-eabi/lib/newlib-nano-2.1-nds/\libtoolchaingen7.a(eventsTGDS.o)
 .comment       0x00000000       0x12 c:/toolchain_generic/6.2_2016q4/arm-eabi/lib/newlib-nano-2.1-nds/\libtoolchaingen7.a(utilsTGDS.o)
 .comment       0x00000000       0x12 c:/toolchain_generic/6.2_2016q4/arm-eabi/lib/newlib-nano-2.1-nds/\libtoolchaingen7.a(wifi_shared.o)
 .comment       0x00000000       0x12 c:/toolchain_generic/6.2_2016q4/arm-eabi/lib/newlib-nano-2.1-nds/\libtoolchaingen7.a(dmaTGDS.o)
 .comment       0x00000000       0x12 c:/toolchain_generic/6.2_2016q4/arm-eabi/lib/newlib-nano-2.1-nds/\libtoolchaingen7.a(spiTGDS.o)
 .comment       0x00000000       0x12 c:/toolchain_generic/6.2_2016q4/arm-eabi/lib/newlib-nano-2.1-nds/\libtoolchaingen7.a(spitscTGDS.o)
 .comment       0x00000000       0x12 c:/toolchain_generic/6.2_2016q4/arm-eabi/lib/newlib-nano-2.1-nds/\libtoolchaingen7.a(clockTGDS.o)
 .comment       0x00000000       0x12 c:/toolchain_generic/6.2_2016q4/arm-eabi/lib/newlib-nano-2.1-nds/\libcnano7.a(__aeabi_idiv.o)
 .comment       0x00000000       0x12 c:/toolchain_generic/6.2_2016q4/arm-eabi/lib/newlib-nano-2.1-nds/\libcnano7.a(__aeabi_uidiv.o)
 .comment       0x00000000       0x12 c:/toolchain_generic/6.2_2016q4/arm-eabi/lib/newlib-nano-2.1-nds/\libcnano7.a(__udivmodsi4.o)
 .comment       0x00000000       0x12 c:/toolchain_generic/6.2_2016q4/arm-eabi/lib/newlib-nano-2.1-nds/\libcnano7.a(init.o)
 .comment       0x00000000       0x12 c:/toolchain_generic/6.2_2016q4/arm-eabi/lib/newlib-nano-2.1-nds/\libcnano7.a(memset.o)
 .comment       0x00000000       0x12 c:/toolchain_generic/6.2_2016q4/arm-eabi/lib/newlib-nano-2.1-nds/\libcnano7.a(strlen.o)
 .comment       0x00000000       0x12 c:/toolchain_generic/6.2_2016q4/bin/../lib/gcc/arm-eabi/4.9.2/crtend.o

.ARM.attributes
                0x00000000       0x2d
 .ARM.attributes
                0x00000000       0x21 ./build/nds_arm_ld_crt0.o
 .ARM.attributes
                0x00000021       0x16 c:/toolchain_generic/6.2_2016q4/bin/../lib/gcc/arm-eabi/4.9.2/crti.o
 .ARM.attributes
                0x00000037       0x30 c:/toolchain_generic/6.2_2016q4/bin/../lib/gcc/arm-eabi/4.9.2/crtbegin.o
 .ARM.attributes
                0x00000067       0x2a build/arm9.o
 .ARM.attributes
                0x00000091       0x2a build/CP15OpcodesC.o
 .ARM.attributes
                0x000000bb       0x2a build/main.o
 .ARM.attributes
                0x000000e5       0x2a build/nds9_mpu_setup.o
 .ARM.attributes
                0x0000010f       0x2a build/Interrupts_app7.o
 .ARM.attributes
                0x00000139       0x21 build/CP15Opcodes.o
 .ARM.attributes
                0x0000015a       0x21 build/proc-arm946.o
 .ARM.attributes
                0x0000017b       0x2a c:/toolchain_generic/6.2_2016q4/arm-eabi/lib/newlib-nano-2.1-nds/\libtoolchaingen7.a(exceptionTGDS.o)
 .ARM.attributes
                0x000001a5       0x2a c:/toolchain_generic/6.2_2016q4/arm-eabi/lib/newlib-nano-2.1-nds/\libtoolchaingen7.a(initNDSTGDS.o)
 .ARM.attributes
                0x000001cf       0x2a c:/toolchain_generic/6.2_2016q4/arm-eabi/lib/newlib-nano-2.1-nds/\libtoolchaingen7.a(posixHandleTGDS.o)
 .ARM.attributes
                0x000001f9       0x2a c:/toolchain_generic/6.2_2016q4/arm-eabi/lib/newlib-nano-2.1-nds/\libtoolchaingen7.a(ipcfifoTGDS.o)
 .ARM.attributes
                0x00000223       0x2a c:/toolchain_generic/6.2_2016q4/arm-eabi/lib/newlib-nano-2.1-nds/\libtoolchaingen7.a(powerTGDS.o)
 .ARM.attributes
                0x0000024d       0x2a c:/toolchain_generic/6.2_2016q4/arm-eabi/lib/newlib-nano-2.1-nds/\libtoolchaingen7.a(spifwTGDS.o)
 .ARM.attributes
                0x00000277       0x2a c:/toolchain_generic/6.2_2016q4/arm-eabi/lib/newlib-nano-2.1-nds/\libtoolchaingen7.a(usrsettingsTGDS.o)
 .ARM.attributes
                0x000002a1       0x1a c:/toolchain_generic/6.2_2016q4/arm-eabi/lib/newlib-nano-2.1-nds/\libtoolchaingen7.a(biosTGDSAsm.o)
 .ARM.attributes
                0x000002bb       0x1a c:/toolchain_generic/6.2_2016q4/arm-eabi/lib/newlib-nano-2.1-nds/\libtoolchaingen7.a(exceptionTGDSasm.o)
 .ARM.attributes
                0x000002d5       0x1a c:/toolchain_generic/6.2_2016q4/arm-eabi/lib/newlib-nano-2.1-nds/\libtoolchaingen7.a(InterruptsARMCores_s.o)
 .ARM.attributes
                0x000002ef       0x2a c:/toolchain_generic/6.2_2016q4/arm-eabi/lib/newlib-nano-2.1-nds/\libtoolchaingen7.a(soundTGDS.o)
 .ARM.attributes
                0x00000319       0x2a c:/toolchain_generic/6.2_2016q4/arm-eabi/lib/newlib-nano-2.1-nds/\libtoolchaingen7.a(InterruptsARMCores_c.o)
 .ARM.attributes
                0x00000343       0x2a c:/toolchain_generic/6.2_2016q4/arm-eabi/lib/newlib-nano-2.1-nds/\libtoolchaingen7.a(wifi_arm7.o)
 .ARM.attributes
                0x0000036d       0x2a c:/toolchain_generic/6.2_2016q4/arm-eabi/lib/newlib-nano-2.1-nds/\libtoolchaingen7.a(xmem.o)
 .ARM.attributes
                0x00000397       0x2a c:/toolchain_generic/6.2_2016q4/arm-eabi/lib/newlib-nano-2.1-nds/\libtoolchaingen7.a(ARM7FS.o)
 .ARM.attributes
                0x000003c1       0x2a c:/toolchain_generic/6.2_2016q4/arm-eabi/lib/newlib-nano-2.1-nds/\libtoolchaingen7.a(biosTGDSC.o)
 .ARM.attributes
                0x000003eb       0x2a c:/toolchain_generic/6.2_2016q4/arm-eabi/lib/newlib-nano-2.1-nds/\libtoolchaingen7.a(eventsTGDS.o)
 .ARM.attributes
                0x00000415       0x2a c:/toolchain_generic/6.2_2016q4/arm-eabi/lib/newlib-nano-2.1-nds/\libtoolchaingen7.a(utilsTGDS.o)
 .ARM.attributes
                0x0000043f       0x2a c:/toolchain_generic/6.2_2016q4/arm-eabi/lib/newlib-nano-2.1-nds/\libtoolchaingen7.a(wifi_shared.o)
 .ARM.attributes
                0x00000469       0x2a c:/toolchain_generic/6.2_2016q4/arm-eabi/lib/newlib-nano-2.1-nds/\libtoolchaingen7.a(dmaTGDS.o)
 .ARM.attributes
                0x00000493       0x2a c:/toolchain_generic/6.2_2016q4/arm-eabi/lib/newlib-nano-2.1-nds/\libtoolchaingen7.a(spiTGDS.o)
 .ARM.attributes
                0x000004bd       0x2a c:/toolchain_generic/6.2_2016q4/arm-eabi/lib/newlib-nano-2.1-nds/\libtoolchaingen7.a(spitscTGDS.o)
 .ARM.attributes
                0x000004e7       0x21 c:/toolchain_generic/6.2_2016q4/arm-eabi/lib/newlib-nano-2.1-nds/\libtoolchaingen7.a(spinlockTGDS.o)
 .ARM.attributes
                0x00000508       0x2a c:/toolchain_generic/6.2_2016q4/arm-eabi/lib/newlib-nano-2.1-nds/\libtoolchaingen7.a(clockTGDS.o)
 .ARM.attributes
                0x00000532       0x2a c:/toolchain_generic/6.2_2016q4/arm-eabi/lib/newlib-nano-2.1-nds/\libcnano7.a(__aeabi_idiv.o)
 .ARM.attributes
                0x0000055c       0x2a c:/toolchain_generic/6.2_2016q4/arm-eabi/lib/newlib-nano-2.1-nds/\libcnano7.a(__aeabi_uidiv.o)
 .ARM.attributes
                0x00000586       0x2a c:/toolchain_generic/6.2_2016q4/arm-eabi/lib/newlib-nano-2.1-nds/\libcnano7.a(__udivmodsi4.o)
 .ARM.attributes
                0x000005b0       0x2a c:/toolchain_generic/6.2_2016q4/arm-eabi/lib/newlib-nano-2.1-nds/\libcnano7.a(init.o)
 .ARM.attributes
                0x000005da       0x2a c:/toolchain_generic/6.2_2016q4/arm-eabi/lib/newlib-nano-2.1-nds/\libcnano7.a(memset.o)
 .ARM.attributes
                0x00000604       0x2a c:/toolchain_generic/6.2_2016q4/arm-eabi/lib/newlib-nano-2.1-nds/\libcnano7.a(strlen.o)
 .ARM.attributes
                0x0000062e       0x1a c:/toolchain_generic/6.2_2016q4/arm-eabi/lib/newlib-nano-2.1-nds/\libcnano7.a(__aeabi_idivmod.o)
 .ARM.attributes
                0x00000648       0x1a c:/toolchain_generic/6.2_2016q4/arm-eabi/lib/newlib-nano-2.1-nds/\libcnano7.a(__aeabi_uidivmod.o)
 .ARM.attributes
                0x00000662       0x1a c:/toolchain_generic/6.2_2016q4/arm-eabi/lib/newlib-nano-2.1-nds/\libcnano7.a(arm-asm-memcpy.o)
 .ARM.attributes
                0x0000067c       0x30 c:/toolchain_generic/6.2_2016q4/bin/../lib/gcc/arm-eabi/4.9.2/crtend.o
 .ARM.attributes
                0x000006ac       0x18 c:/toolchain_generic/6.2_2016q4/bin/../lib/gcc/arm-eabi/4.9.2/crtn.o

.debug
 *(.debug)

.line
 *(.line)

.debug_srcinfo
 *(.debug_srcinfo)

.debug_sfnames
 *(.debug_sfnames)

.debug_aranges
 *(.debug_aranges)

.debug_pubnames
 *(.debug_pubnames)

.debug_info
 *(.debug_info .gnu.linkonce.wi.*)

.debug_abbrev
 *(.debug_abbrev)

.debug_line
 *(.debug_line)

.debug_frame
 *(.debug_frame)

.debug_str
 *(.debug_str)

.debug_loc
 *(.debug_loc)

.debug_macinfo
 *(.debug_macinfo)

.debug_weaknames
 *(.debug_weaknames)

.debug_funcnames
 *(.debug_funcnames)

.debug_typenames
 *(.debug_typenames)

.debug_varnames
 *(.debug_varnames)
LOAD ./build/nds_arm_ld_crt0.o
LOAD c:/toolchain_generic/6.2_2016q4/bin/../lib/gcc/arm-eabi/4.9.2/crti.o
LOAD c:/toolchain_generic/6.2_2016q4/bin/../lib/gcc/arm-eabi/4.9.2/crtbegin.o
LOAD build/arm9.o
LOAD build/CP15OpcodesC.o
LOAD build/main.o
LOAD build/nds9_mpu_setup.o
LOAD build/Interrupts_app7.o
LOAD build/CP15Opcodes.o
LOAD build/proc-arm946.o
LOAD c:/toolchain_generic/6.2_2016q4/arm-eabi/lib/newlib-nano-2.1-nds/\libtoolchaingen7.a
LOAD c:/toolchain_generic/6.2_2016q4/arm-eabi/lib/\libstdc++.a
LOAD c:/toolchain_generic/6.2_2016q4/arm-eabi/lib/newlib-nano-2.1-nds/\libcnano7.a
LOAD c:/toolchain_generic/6.2_2016q4/bin/../lib/gcc/arm-eabi/4.9.2\libgcc.a
START GROUP
LOAD c:/toolchain_generic/6.2_2016q4/bin/../lib/gcc/arm-eabi/4.9.2\libgcc.a
LOAD c:/toolchain_generic/6.2_2016q4/arm-eabi/lib/\libc.a
END GROUP
LOAD c:/toolchain_generic/6.2_2016q4/bin/../lib/gcc/arm-eabi/4.9.2/crtend.o
LOAD c:/toolchain_generic/6.2_2016q4/bin/../lib/gcc/arm-eabi/4.9.2/crtn.o
OUTPUT(build/arm9-nonstripped.elf elf32-littlearm)
